
 Start         Length     Name                   Class
 0001:00000000 000A83F4H .text                   CODE
 0002:00000000 00001814H .data                   DATA
 0002:00001814 00000C79H .bss                    BSS


Detailed map of segments

 0001:00000000 000057AF C=CODE     S=.text    G=(none)   M=System   ACBP=A9
 0001:000057B0 00000158 C=CODE     S=.text    G=(none)   M=SysInit  ACBP=A9
 0001:00005908 0000019C C=CODE     S=.text    G=(none)   M=Types    ACBP=A9
 0001:00005AA4 00000E3C C=CODE     S=.text    G=(none)   M=Windows  ACBP=A9
 0001:000068E0 00000038 C=CODE     S=.text    G=(none)   M=Messages ACBP=A9
 0001:00006918 00000320 C=CODE     S=.text    G=(none)   M=SysConst ACBP=A9
 0001:00006C38 00006AA4 C=CODE     S=.text    G=(none)   M=SysUtils ACBP=A9
 0001:0000D6DC 00000807 C=CODE     S=.text    G=(none)   M=VarUtils ACBP=A9
 0001:0000DEE4 000066C6 C=CODE     S=.text    G=(none)   M=Variants ACBP=A9
 0001:000145AC 00000138 C=CODE     S=.text    G=(none)   M=RTLConsts ACBP=A9
 0001:000146E4 00000E04 C=CODE     S=.text    G=(none)   M=TypInfo  ACBP=A9
 0001:000154E8 00000208 C=CODE     S=.text    G=(none)   M=ActiveX  ACBP=A9
 0001:000156F0 0000D67A C=CODE     S=.text    G=(none)   M=Classes  ACBP=A9
 0001:00022D6C 00000338 C=CODE     S=.text    G=(none)   M=Consts   ACBP=A9
 0001:000230A4 000093D7 C=CODE     S=.text    G=(none)   M=Graphics ACBP=A9
 0001:0002C47C 0000013C C=CODE     S=.text    G=(none)   M=Math     ACBP=A9
 0001:0002C5B8 000002D4 C=CODE     S=.text    G=(none)   M=Contnrs  ACBP=A9
 0001:0002C88C 000001A0 C=CODE     S=.text    G=(none)   M=CommCtrl ACBP=A9
 0001:0002CA2C 00000793 C=CODE     S=.text    G=(none)   M=MultiMon ACBP=A9
 0001:0002D1C0 00000038 C=CODE     S=.text    G=(none)   M=Imm      ACBP=A9
 0001:0002D1F8 00000FF8 C=CODE     S=.text    G=(none)   M=HelpIntfs ACBP=A9
 0001:0002E1F0 00000058 C=CODE     S=.text    G=(none)   M=WinSpool ACBP=A9
 0001:0002E248 00000FB8 C=CODE     S=.text    G=(none)   M=Printers ACBP=A9
 0001:0002F200 0000031F C=CODE     S=.text    G=(none)   M=FlatSB   ACBP=A9
 0001:0002F520 000001A4 C=CODE     S=.text    G=(none)   M=SyncObjs ACBP=A9
 0001:0002F6C4 000009BB C=CODE     S=.text    G=(none)   M=UxTheme  ACBP=A9
 0001:00030080 00000CE4 C=CODE     S=.text    G=(none)   M=Themes   ACBP=A9
 0001:00030D64 00005F4C C=CODE     S=.text    G=(none)   M=StdCtrls ACBP=A9
 0001:00036CB0 00000038 C=CODE     S=.text    G=(none)   M=ShellAPI ACBP=A9
 0001:00036CE8 00000038 C=CODE     S=.text    G=(none)   M=RegStr   ACBP=A9
 0001:00036D20 00000038 C=CODE     S=.text    G=(none)   M=WinInet  ACBP=A9
 0001:00036D58 00000038 C=CODE     S=.text    G=(none)   M=UrlMon   ACBP=A9
 0001:00036D90 00000038 C=CODE     S=.text    G=(none)   M=ShlObj   ACBP=A9
 0001:00036DC8 00000040 C=CODE     S=.text    G=(none)   M=CommDlg  ACBP=A9
 0001:00036E08 000018AA C=CODE     S=.text    G=(none)   M=ExtCtrls ACBP=A9
 0001:000386B4 00000038 C=CODE     S=.text    G=(none)   M=Dlgs     ACBP=A9
 0001:000386EC 00000EF1 C=CODE     S=.text    G=(none)   M=Dialogs  ACBP=A9
 0001:000395E0 00000094 C=CODE     S=.text    G=(none)   M=Clipbrd  ACBP=A9
 0001:00039674 0000012C C=CODE     S=.text    G=(none)   M=StrUtils ACBP=A9
 0001:000397A0 00000168 C=CODE     S=.text    G=(none)   M=StdActns ACBP=A9
 0001:00039908 00000D1F C=CODE     S=.text    G=(none)   M=WinHelpViewer ACBP=A9
 0001:0003A628 000112EF C=CODE     S=.text    G=(none)   M=Controls ACBP=A9
 0001:0004B918 00001A3E C=CODE     S=.text    G=(none)   M=ActnList ACBP=A9
 0001:0004D358 0000199C C=CODE     S=.text    G=(none)   M=ImgList  ACBP=A9
 0001:0004ECF4 000066AD C=CODE     S=.text    G=(none)   M=Menus    ACBP=A9
 0001:000553A4 0000C6E4 C=CODE     S=.text    G=(none)   M=Forms    ACBP=A9
 0001:00061A88 00000058 C=CODE     S=.text    G=(none)   M=ComConst ACBP=A9
 0001:00061AE0 00000E85 C=CODE     S=.text    G=(none)   M=ComObj   ACBP=A9
 0001:00062968 00000038 C=CODE     S=.text    G=(none)   M=StdVCL   ACBP=A9
 0001:000629A0 000008D7 C=CODE     S=.text    G=(none)   M=AxCtrls  ACBP=A9
 0001:00063278 00000040 C=CODE     S=.text    G=(none)   M=MMSystem ACBP=A9
 0001:000632B8 00000298 C=CODE     S=.text    G=(none)   M=VTAccessibilityFactory ACBP=A9
 0001:00063550 000000AF C=CODE     S=.text    G=(none)   M=GraphUtil ACBP=A9
 0001:00063600 0003C513 C=CODE     S=.text    G=(none)   M=VirtualTrees ACBP=A9
 0001:0009FB14 00000038 C=CODE     S=.text    G=(none)   M=RichEdit ACBP=A9
 0001:0009FB4C 00000038 C=CODE     S=.text    G=(none)   M=ToolWin  ACBP=A9
 0001:0009FB84 00000090 C=CODE     S=.text    G=(none)   M=ComStrs  ACBP=A9
 0001:0009FC14 000000F5 C=CODE     S=.text    G=(none)   M=Buttons  ACBP=A9
 0001:0009FD0C 00000038 C=CODE     S=.text    G=(none)   M=ExtDlgs  ACBP=A9
 0001:0009FD44 00000068 C=CODE     S=.text    G=(none)   M=IniFiles ACBP=A9
 0001:0009FDAC 00000068 C=CODE     S=.text    G=(none)   M=Registry ACBP=A9
 0001:0009FE14 0000006C C=CODE     S=.text    G=(none)   M=Mapi     ACBP=A9
 0001:0009FE80 00000058 C=CODE     S=.text    G=(none)   M=ExtActns ACBP=A9
 0001:0009FED8 00000038 C=CODE     S=.text    G=(none)   M=ListActns ACBP=A9
 0001:0009FF10 00006B88 C=CODE     S=.text    G=(none)   M=ComCtrls ACBP=A9
 0001:000A6A98 0000168C C=CODE     S=.text    G=(none)   M=Main     ACBP=A9
 0001:000A8124 000002D0 C=CODE     S=.text    G=(none)   M=OLE      ACBP=A9
 0002:00000000 0000009C C=DATA     S=.data    G=DGROUP   M=System   ACBP=A9
 0002:0000009C 00000020 C=DATA     S=.data    G=DGROUP   M=SysInit  ACBP=A9
 0002:000000BC 00000254 C=DATA     S=.data    G=DGROUP   M=SysUtils ACBP=A9
 0002:00000310 00000008 C=DATA     S=.data    G=DGROUP   M=VarUtils ACBP=A9
 0002:00000318 00000136 C=DATA     S=.data    G=DGROUP   M=Variants ACBP=A9
 0002:00000450 0000000C C=DATA     S=.data    G=DGROUP   M=TypInfo  ACBP=A9
 0002:0000045C 00000010 C=DATA     S=.data    G=DGROUP   M=ActiveX  ACBP=A9
 0002:0000046C 00000064 C=DATA     S=.data    G=DGROUP   M=Classes  ACBP=A9
 0002:000004D0 0000030C C=DATA     S=.data    G=DGROUP   M=Graphics ACBP=A9
 0002:000007DC 00000004 C=DATA     S=.data    G=DGROUP   M=Printers ACBP=A9
 0002:000007E0 00000068 C=DATA     S=.data    G=DGROUP   M=Themes   ACBP=A9
 0002:00000848 000000D4 C=DATA     S=.data    G=DGROUP   M=StdCtrls ACBP=A9
 0002:0000091C 0000018C C=DATA     S=.data    G=DGROUP   M=ExtCtrls ACBP=A9
 0002:00000AA8 000000C0 C=DATA     S=.data    G=DGROUP   M=Dialogs  ACBP=A9
 0002:00000B68 0000013C C=DATA     S=.data    G=DGROUP   M=Controls ACBP=A9
 0002:00000CA4 00000020 C=DATA     S=.data    G=DGROUP   M=ImgList  ACBP=A9
 0002:00000CC4 000000EC C=DATA     S=.data    G=DGROUP   M=Menus    ACBP=A9
 0002:00000DB0 0000011C C=DATA     S=.data    G=DGROUP   M=Forms    ACBP=A9
 0002:00000ECC 00000030 C=DATA     S=.data    G=DGROUP   M=ComObj   ACBP=A9
 0002:00000EFC 00000005 C=DATA     S=.data    G=DGROUP   M=VTAccessibilityFactory ACBP=A9
 0002:00000F04 0000037C C=DATA     S=.data    G=DGROUP   M=VirtualTrees ACBP=A9
 0002:00001280 0000002C C=DATA     S=.data    G=DGROUP   M=Buttons  ACBP=A9
 0002:000012AC 00000008 C=DATA     S=.data    G=DGROUP   M=IniFiles ACBP=A9
 0002:000012B4 00000008 C=DATA     S=.data    G=DGROUP   M=Registry ACBP=A9
 0002:000012BC 00000008 C=DATA     S=.data    G=DGROUP   M=Mapi     ACBP=A9
 0002:000012C4 0000007D C=DATA     S=.data    G=DGROUP   M=ComCtrls ACBP=A9
 0002:00002000 00000664 C=BSS      S=.bss     G=DGROUP   M=System   ACBP=A9
 0002:00002664 00000010 C=BSS      S=.bss     G=DGROUP   M=SysInit  ACBP=A9
 0002:00002674 00000004 C=BSS      S=.bss     G=DGROUP   M=Types    ACBP=A9
 0002:00002678 00000004 C=BSS      S=.bss     G=DGROUP   M=Windows  ACBP=A9
 0002:0000267C 00000004 C=BSS      S=.bss     G=DGROUP   M=Messages ACBP=A9
 0002:00002680 00000004 C=BSS      S=.bss     G=DGROUP   M=SysConst ACBP=A9
 0002:00002684 00000120 C=BSS      S=.bss     G=DGROUP   M=SysUtils ACBP=A9
 0002:000027A4 0000005C C=BSS      S=.bss     G=DGROUP   M=VarUtils ACBP=A9
 0002:00002800 00000040 C=BSS      S=.bss     G=DGROUP   M=Variants ACBP=A9
 0002:00002840 00000004 C=BSS      S=.bss     G=DGROUP   M=RTLConsts ACBP=A9
 0002:00002844 00000004 C=BSS      S=.bss     G=DGROUP   M=TypInfo  ACBP=A9
 0002:00002848 00000004 C=BSS      S=.bss     G=DGROUP   M=ActiveX  ACBP=A9
 0002:0000284C 00000044 C=BSS      S=.bss     G=DGROUP   M=Classes  ACBP=A9
 0002:00002890 00000004 C=BSS      S=.bss     G=DGROUP   M=Consts   ACBP=A9
 0002:00002894 00000060 C=BSS      S=.bss     G=DGROUP   M=Graphics ACBP=A9
 0002:000028F4 00000004 C=BSS      S=.bss     G=DGROUP   M=Math     ACBP=A9
 0002:000028F8 00000004 C=BSS      S=.bss     G=DGROUP   M=Contnrs  ACBP=A9
 0002:000028FC 0000000C C=BSS      S=.bss     G=DGROUP   M=CommCtrl ACBP=A9
 0002:00002908 00000031 C=BSS      S=.bss     G=DGROUP   M=MultiMon ACBP=A9
 0002:0000293C 00000004 C=BSS      S=.bss     G=DGROUP   M=Imm      ACBP=A9
 0002:00002940 00000008 C=BSS      S=.bss     G=DGROUP   M=HelpIntfs ACBP=A9
 0002:00002948 00000004 C=BSS      S=.bss     G=DGROUP   M=WinSpool ACBP=A9
 0002:0000294C 00000004 C=BSS      S=.bss     G=DGROUP   M=Printers ACBP=A9
 0002:00002950 00000034 C=BSS      S=.bss     G=DGROUP   M=FlatSB   ACBP=A9
 0002:00002984 00000004 C=BSS      S=.bss     G=DGROUP   M=SyncObjs ACBP=A9
 0002:00002988 000000CC C=BSS      S=.bss     G=DGROUP   M=UxTheme  ACBP=A9
 0002:00002A54 00000008 C=BSS      S=.bss     G=DGROUP   M=Themes   ACBP=A9
 0002:00002A5C 00000004 C=BSS      S=.bss     G=DGROUP   M=StdCtrls ACBP=A9
 0002:00002A60 00000004 C=BSS      S=.bss     G=DGROUP   M=ShellAPI ACBP=A9
 0002:00002A64 00000004 C=BSS      S=.bss     G=DGROUP   M=RegStr   ACBP=A9
 0002:00002A68 00000004 C=BSS      S=.bss     G=DGROUP   M=WinInet  ACBP=A9
 0002:00002A6C 00000004 C=BSS      S=.bss     G=DGROUP   M=UrlMon   ACBP=A9
 0002:00002A70 00000004 C=BSS      S=.bss     G=DGROUP   M=ShlObj   ACBP=A9
 0002:00002A74 00000004 C=BSS      S=.bss     G=DGROUP   M=CommDlg  ACBP=A9
 0002:00002A78 00000004 C=BSS      S=.bss     G=DGROUP   M=ExtCtrls ACBP=A9
 0002:00002A7C 00000004 C=BSS      S=.bss     G=DGROUP   M=Dlgs     ACBP=A9
 0002:00002A80 00000010 C=BSS      S=.bss     G=DGROUP   M=Dialogs  ACBP=A9
 0002:00002A90 0000000C C=BSS      S=.bss     G=DGROUP   M=Clipbrd  ACBP=A9
 0002:00002A9C 00000004 C=BSS      S=.bss     G=DGROUP   M=StrUtils ACBP=A9
 0002:00002AA0 00000004 C=BSS      S=.bss     G=DGROUP   M=StdActns ACBP=A9
 0002:00002AA4 00000014 C=BSS      S=.bss     G=DGROUP   M=WinHelpViewer ACBP=A9
 0002:00002AB8 00000080 C=BSS      S=.bss     G=DGROUP   M=Controls ACBP=A9
 0002:00002B38 00000004 C=BSS      S=.bss     G=DGROUP   M=ActnList ACBP=A9
 0002:00002B3C 0000000C C=BSS      S=.bss     G=DGROUP   M=ImgList  ACBP=A9
 0002:00002B48 00000010 C=BSS      S=.bss     G=DGROUP   M=Menus    ACBP=A9
 0002:00002B58 00000020 C=BSS      S=.bss     G=DGROUP   M=Forms    ACBP=A9
 0002:00002B78 00000004 C=BSS      S=.bss     G=DGROUP   M=ComConst ACBP=A9
 0002:00002B7C 00000011 C=BSS      S=.bss     G=DGROUP   M=ComObj   ACBP=A9
 0002:00002B90 00000004 C=BSS      S=.bss     G=DGROUP   M=StdVCL   ACBP=A9
 0002:00002B94 0000001C C=BSS      S=.bss     G=DGROUP   M=AxCtrls  ACBP=A9
 0002:00002BB0 00000004 C=BSS      S=.bss     G=DGROUP   M=MMSystem ACBP=A9
 0002:00002BB4 00000004 C=BSS      S=.bss     G=DGROUP   M=VTAccessibilityFactory ACBP=A9
 0002:00002BB8 00000004 C=BSS      S=.bss     G=DGROUP   M=GraphUtil ACBP=A9
 0002:00002BBC 0000004C C=BSS      S=.bss     G=DGROUP   M=VirtualTrees ACBP=A9
 0002:00002C08 00000004 C=BSS      S=.bss     G=DGROUP   M=RichEdit ACBP=A9
 0002:00002C0C 00000004 C=BSS      S=.bss     G=DGROUP   M=ToolWin  ACBP=A9
 0002:00002C10 00000004 C=BSS      S=.bss     G=DGROUP   M=ComStrs  ACBP=A9
 0002:00002C14 00000030 C=BSS      S=.bss     G=DGROUP   M=Buttons  ACBP=A9
 0002:00002C44 00000004 C=BSS      S=.bss     G=DGROUP   M=ExtDlgs  ACBP=A9
 0002:00002C48 00000004 C=BSS      S=.bss     G=DGROUP   M=IniFiles ACBP=A9
 0002:00002C4C 00000004 C=BSS      S=.bss     G=DGROUP   M=Registry ACBP=A9
 0002:00002C50 00000004 C=BSS      S=.bss     G=DGROUP   M=Mapi     ACBP=A9
 0002:00002C54 00000009 C=BSS      S=.bss     G=DGROUP   M=ExtActns ACBP=A9
 0002:00002C60 00000004 C=BSS      S=.bss     G=DGROUP   M=ListActns ACBP=A9
 0002:00002C64 0000000C C=BSS      S=.bss     G=DGROUP   M=ComCtrls ACBP=A9
 0002:00002C70 00000008 C=BSS      S=.bss     G=DGROUP   M=Main     ACBP=A9


  Address         Publics by Name

 0002:00002B94       .02
 0002:00002840       .1
 0002:00002BB8       .1
 0002:00002C08       .1
 0002:0000266C       .1
 0002:00002A44       .1
 0002:00002C10       .1
 0002:00002674       .1
 0002:000028FC       .1
 0002:00002890       .1
 0002:00002B90       .1
 0002:00002A60       .1
 0002:00002A64       .1
 0002:00002A68       .1
 0002:00002A6C       .1
 0002:00002970       .1
 0002:00002928       .1
 0002:00002AAC       .1
 0002:0000293C       .1
 0002:00002A9C       .1
 0002:00002C50       .1
 0002:00002A70       .1
 0002:00002A74       .1
 0002:0000267C       .1
 0002:00002A7C       .1
 0002:00002680       .1
 0002:00002B78       .1
 0002:00002A80       .11
 0002:00002A78       .12
 0002:00002898       .12
 0002:000028F4       .2
 0002:00002A54       .2
 0002:00002A94       .2
 0002:00002BB4       .2
 0002:00002940       .2
 0002:00002C74       .2
 0002:000028F8       .21
 0002:00002678       .3
 0002:00002948       .3
 0002:0000294C       .3
 0002:00002B3C       .3
 0002:00002848       .3
 0002:00002C44       .3
 0002:00002794       .35
 0002:00002C64       .36
 0002:00002C0C       .4
 0002:00002C14       .4
 0002:00002B60       .41
 0002:00002B7C       .41
 0002:00002A5C       .42
 0002:00002BCC       .43
 0002:00002858       .45
 0002:000025BC       .5
 0002:00002C4C       .5
 0002:000027FC       .5
 0002:00002844       .6
 0002:00002984       .6
 0002:00002BB0       .7
 0002:00002AC0       .72
 0002:00002C54       .72
 0002:00002AA0       .73
 0002:00002B38       .8
 0002:00002C60       .8
 0002:00002C48       .8
 0002:00002820       .81
 0002:00002B50       .9
 0001:00001DA8       @AbstractError
 0001:000029E8       @AfterConstruction
 0001:000027D4       @AsClass
 0001:00003400       @Assert
 0001:00001F4C       @AStrCmp
 0001:000029F8       @BeforeDestruction
 0001:00002554       @BoundErr
 0001:00002820       @CallDynaInst
 0001:00002990       @ClassCreate
 0001:000029E0       @ClassDestroy
 0001:00001E18       @Close
 0001:00001C74       @Copy
 0001:000042F4       @CopyArray
 0001:000041D8       @CopyRecord
 0001:00004460       @DispCallByIDError
 0001:0000EAC4       @DispInvokeError
 0001:000043FC       @Dispose
 0001:00002E74       @DoneExcept
 0001:000049FC       @DynArrayAddRef
 0001:000049D4       @DynArrayAsg
 0001:00004998       @DynArrayClear
 0001:00004898       @DynArrayCopyRange
 0001:000046B8       @DynArrayHigh
 0001:000046B0       @DynArrayLength
 0001:0000488C       @DynArraySetLength
 0001:00002F5C       @ExceptionHandler
 0001:00001D3C       @EXP
 0001:00001FBC       @FillChar
 0001:000041B4       @Finalize
 0001:000040C8       @FinalizeArray
 0001:0000407C       @FinalizeRecord
 0001:00002838       @FindDynaInst
 0001:00002548       @FpuInit
 0001:00002484       @FpuMaskInit
 0001:00001D54       @FRAC
 0001:00001AE8       @FreeMem
 0001:00001AB8       @GetMem
 0001:00005840       @GetTls
 0001:000033E8       @Halt
 0001:00003308       @Halt0
 0001:00002B0C       @HandleAnyException
 0001:00002DC0       @HandleFinally
 0001:00002C38       @HandleOnException
 0001:0000588C       @InitExe
 0001:00004070       @Initialize
 0001:00003FDC       @InitializeArray
 0001:00003FAC       @InitializeRecord
 0001:000031B0       @InitImports
 0001:00003188       @InitResStringImports
 0001:00003164       @InitResStrings
 0001:000031D4       @InitWideStrings
 0001:0000516C       @IntfAddRef
 0001:0000513C       @IntfCast
 0001:000050F8       @IntfClear
 0001:00005110       @IntfCopy
 0001:000027B0       @IsClass
 0001:00002454       @isNECWindows
 0001:00003954       @LStrAddRef
 0001:000034C8       @LStrArrayClr
 0001:000034F8       @LStrAsg
 0001:0000376C       @LStrCat
 0001:000037B0       @LStrCat3
 0001:00003824       @LStrCatN
 0001:000034A4       @LStrClr
 0001:000038B0       @LStrCmp
 0001:000039C4       @LStrCopy
 0001:00003A04       @LStrDelete
 0001:00003714       @LStrFromArray
 0001:0000368C       @LStrFromChar
 0001:0000369C       @LStrFromPChar
 0001:00003594       @LStrFromPCharLen
 0001:000036CC       @LStrFromPWChar
 0001:00003600       @LStrFromPWCharLen
 0001:00003708       @LStrFromString
 0001:0000372C       @LStrFromWStr
 0001:00003A4C       @LStrInsert
 0001:0000353C       @LStrLAsg
 0001:00003764       @LStrLen
 0001:00003AA8       @LStrPos
 0001:00003AF0       @LStrSetLength
 0001:00003964       @LStrToPChar
 0001:00003740       @LStrToString
 0001:000043E8       @New
 0001:00003568       @NewAnsiString
 0001:00003B5C       @NewWideString
 0001:00002168       @Pow10
 0001:00001EC8       @PStrCmp
 0001:00001EA0       @PStrCpy
 0001:00001E70       @PStrNCat
 0001:00001EAC       @PStrNCpy
 0001:00002E20       @RaiseAgain
 0001:00002DF8       @RaiseExcept
 0001:00001B08       @ReallocMem
 0001:00001D78       @ROUND
 0001:000033F4       @RunError
 0001:000020E0       @SetElem
 0001:00002104       @SetEq
 0001:00002140       @SetExpand
 0001:00002118       @SetIntersect
 0001:00002130       @SetSub
 0001:00002124       @SetUnion
 0001:00003124       @StartExe
 0001:0000032C       @strlen
 0001:00001D84       @TRUNC
 0001:00002EA4       @TryFinallyExit
 0001:000039BC       @UniqueStringA
 0001:0000448C       @ValInt64
 0001:00001FDC       @ValLong
 0001:00013B70       @VarAddRef
 0001:0000F3B8       @VarCast
 0001:0000EDB0       @VarClear
 0001:000040B0       @VarClr
 0001:0000EDC4       @VarClr
 0001:00014478       @VarCmpEQ
 0001:0000F0EC       @VarCopy
 0001:000041C0       @VarCopy
 0001:00013110       @VarFromBool
 0001:00012F9C       @VarFromByte
 0001:00013160       @VarFromCurr
 0001:000130B8       @VarFromCurrency
 0001:000130E4       @VarFromDate
 0001:00013204       @VarFromDisp
 0001:0001308C       @VarFromDouble
 0001:00012F40       @VarFromInt
 0001:0001303C       @VarFromInt64
 0001:00012F7C       @VarFromInteger
 0001:000131D8       @VarFromIntf
 0001:00012FDC       @VarFromLongWord
 0001:00013174       @VarFromLStr
 0001:00013138       @VarFromReal
 0001:00012FFC       @VarFromShortInt
 0001:00013068       @VarFromSingle
 0001:0001301C       @VarFromSmallInt
 0001:0001314C       @VarFromTDateTime
 0001:00012FBC       @VarFromWord
 0001:000131A0       @VarFromWStr
 0001:0000EB18       @VarNull
 0001:00010B84       @VarToBool
 0001:0001083C       @VarToBoolean
 0001:0000FC7C       @VarToByte
 0001:00011A28       @VarToCurrency
 0001:000114C0       @VarToDate
 0001:00012E94       @VarToDisp
 0001:00010D50       @VarToDouble
 0001:00010240       @VarToInt64
 0001:0000F77C       @VarToInteger
 0001:00012DC8       @VarToIntf
 0001:0000FEF4       @VarToLongWord
 0001:000120DC       @VarToLStr
 0001:000110CC       @VarToReal
 0001:0000FBCC       @VarToShortInt
 0001:000110E8       @VarToSingle
 0001:0000FD24       @VarToSmallInt
 0001:0000FE1C       @VarToWord
 0001:000127FC       @VarToWStr
 0001:00003F8C       @WStrAddRef
 0001:00003B9C       @WStrArrayClr
 0001:00003BC0       @WStrAsg
 0001:00003D14       @WStrCat
 0001:00003D74       @WStrCat3
 0001:00003DDC       @WStrCatN
 0001:00003B84       @WStrClr
 0001:00003E24       @WStrCmp
 0001:00003EA8       @WStrCopy
 0001:00003CE8       @WStrFromLStr
 0001:00003BEC       @WStrFromPCharLen
 0001:00003CAC       @WStrFromPWChar
 0001:00003C78       @WStrFromPWCharLen
 0001:00003C9C       @WStrFromWChar
 0001:00003BE4       @WStrLAsg
 0001:00003D08       @WStrLen
 0001:00003EF4       @WStrPos
 0001:00003F44       @WStrSetLength
 0001:00003CF8       @WStrToPWChar
 0001:000020BC       @_CLenToPasStr
 0001:000020B0       @_CToPasStr
 0001:00001C44       @_IOTest
 0001:00004468       @_llmul
 0001:0000B5FC       Abort
 0001:0002E370       AbortProc
 0001:0003D7A0       AbsMin
 0001:0000B9C8       AbstractErrorHandler
 0002:0000202C       AbstractErrorProc
 0002:00000F00       AccessibilityAvailable
 0002:00000140       AccessMode
 0001:00001BA4       AcquireExceptionObject
 0001:00017E48       ActivateClassGroup
 0001:000060C8       ActivateKeyboardLayout
 0002:00002AF4       ActiveDrag
 0001:000156E8       ActiveX
 0001:0004D32C       ActnList
 0001:0000048C       AddBlockAfter
 0002:0000046C       AddDataModule
 0001:000078C4       AddExitProc
 0001:0001C31C       AddFinished
 0001:00050928       AddIn
 0001:00004F50       AddModuleUnloadProc
 0001:00004F60       AddModuleUnloadProc
 0001:0006F984       AddNodeImages
 0001:0001C354       AddNotFinished
 0001:0001CD78       AddSubComponentsToLoaded
 0001:0006FA70       AddSystemImage
 0001:00021310       AddThread
 0001:00070488       AddThreadReference
 0001:00026AFC       AdjustColor
 0001:00037F00       AdjustColors
 0001:000742F4       AdjustColumnIndex
 0001:00007D2C       AdjustLineBreaks
 0001:000A57C0       AdjustLineBreaks
 0001:000579EC       Adjustment
 0001:000060D0       AdjustWindowRectEx
 0002:00000D88       Alignments
 0002:00000850       Alignments
 0002:00000890       Alignments
 0002:00000D98       Alignments
 0002:00000924       Alignments
 0002:00000F60       AlignmentToDrawFlag
 0002:000012F8       AlignStyles
 0001:0005E9E4       AlignWork
 0001:00042E70       AlignWork
 0001:00022B48       AllocateHWnd
 0001:00007868       AllocMem
 0002:000025B4       AllocMemCount
 0002:000025B8       AllocMemSize
 0001:0002C274       AllocPatternBitmap
 0001:000057D0       AllocTlsBuffer
 0001:0006F3FC       AlphaBlend
 0001:0006F0B8       AlphaBlendLineConstant
 0001:0006F19C       AlphaBlendLineMaster
 0001:0006F220       AlphaBlendLineMasterAndColor
 0001:0006F12C       AlphaBlendLinePerPixel
 0001:0008E234       AlphaBlendSelection
 0001:0001FAF4       AncestorIsValid
 0002:00000B74       AnchorAlign
 0002:00000B68       AnimateWindowProc
 0002:00000C70       AnimationStyle
 0001:00007A98       AnsiCompareStr
 0001:00007AD0       AnsiCompareText
 0001:00008424       AnsiLastChar
 0001:000060D8       AnsiLower
 0001:00007A64       AnsiLowerCase
 0001:0000C324       AnsiLowerCaseFileName
 0001:0000C2E8       AnsiPos
 0001:00007BE0       AnsiQuotedStr
 0001:000551B0       AnsiSameCaption
 0001:00007B08       AnsiSameText
 0001:00007B20       AnsiStrLIComp
 0001:0000C3B0       AnsiStrPos
 0001:0000C470       AnsiStrRScan
 0001:0000C4B8       AnsiStrScan
 0001:0000556C       AnsiToUtf8
 0001:00012D50       AnyToIntf
 0001:000098E0       AppendChars
 0001:00009CAC       AppendFormat
 0001:00009944       AppendNumber
 0001:00009924       AppendString
 0002:00002B58       Application
 0002:0000047C       ApplicationHandleException
 0002:00000484       ApplicationShowException
 0002:00000EC4       AppVisible
 0001:0000B9AC       AssertErrorHandler
 0002:00002024       AssertErrorProc
 0001:00014B78       AssignLongStr
 0001:00015224       AssignVariant
 0002:0000260C       avail
 0001:00063254       AxCtrls
 0001:00008568       BackfillGetDiskFreeSpaceEx
 0001:00040348       BackgroundClipped
 0001:0000D96C       BackupVarBoolFromStr
 0001:0000DACC       BackupVarBStrFromBool
 0001:0000D9EC       BackupVarBStrFromCy
 0001:0000DA5C       BackupVarBStrFromDate
 0001:0000D900       BackupVarCyFromStr
 0001:0000D894       BackupVarDateFromStr
 0001:0000D750       BackupVarI4FromStr
 0001:0000D6FC       BackupVariantChangeTypeEx
 0001:0000D7BC       BackupVarR4FromStr
 0001:0000D828       BackupVarR8FromStr
 0002:00000330       BaseTypeMap
 0001:0000BFA8       Beep
 0001:000060E0       BeginDeferWindowPos
 0001:0001821C       BeginGlobalLoading
 0001:000060E8       BeginPaint
 0001:00003458       BeginThread
 0001:00026B08       BetterSize
 0001:000517BC       BiDiDraw
 0001:00005DF8       BitBlt
 0002:00001280       BitBtnCaptions
 0002:00002C18       BitBtnGlyphs
 0002:00000790       BitCounts
 0002:00000788       BitmapCanvasList
 0002:000028B0       BitmapImageLock
 0001:0000D738       BiUnimplemented
 0002:000004A4       BlockCode
 0002:000025E4       blockDescBlockList
 0002:000025E8       blockDescFreeList
 0002:00000450       BooleanIdents
 0002:0000032C       BooleanToStringRule
 0001:000082BC       BoolToStr
 0001:00011E64       BoolToWStrViaOS
 0002:00000848       BorderStyles
 0002:0000091C       BorderStyles
 0001:00005A50       Bounds
 0001:00017160       Bounds
 0002:00000D30       Breaks
 0002:000028E8       BrushManager
 0001:00053F90       BuildImage
 0002:00000B3C       ButtonCaptions
 0002:00000B10       ButtonNames
 0002:00000DAC       Buttons
 0001:0009FCE4       Buttons
 0002:000008C0       ButtonStyles
 0001:000262D4       BytesPerScanline
 0001:00026638       ByteSwapColors
 0001:0000C08C       ByteToCharIndex
 0001:0000C064       ByteToCharLen
 0001:0000C028       ByteType
 0001:0000BFB0       ByteTypeTest
 0002:00002B40       CachedComCtrlVer
 0001:00022A4C       CalcJmpOffset
 0001:0004ABEC       CalcSplitterPos
 0001:0006F3C4       CalculateScanline
 0001:000060F0       CallNextHookEx
 0001:0000CB90       CallTerminateProcs
 0001:000060F8       CallWindowProc
 0001:0003E7EC       CancelDrag
 0002:00002B08       CanvasList
 0002:000028EC       CanvasList
 0002:00000AFC       Captions
 0002:00000C2C       CaptureControl
 0002:00000CD0       cBooleanToItemAutoFlag
 0002:00000360       CBooleanToRelationship
 0001:0002C47C       Ceil
 0001:00038B94       CenterWindow
 0002:00002A92       CF_COMPONENT
 0002:00002BC6       CF_CSV
 0002:00002BC4       CF_HTML
 0002:00002A90       CF_PICTURE
 0002:00002BBC       CF_VIRTUALTREE
 0002:00002BC0       CF_VRTF
 0002:00002BC2       CF_VRTFNOOBJS
 0002:00002BBE       CF_VTREFERENCE
 0002:00002818       ChangeAnyProc
 0001:0003CD50       ChangeBiDiModeAlignment
 0001:0007B484       ChangeWidth
 0002:00000870       CharCases
 0001:000035C4       CharFromWChar
 0001:0000C270       CharLength
 0001:00006100       CharLowerBuff
 0001:00006108       CharNext
 0001:0000029C       CharNext
 0001:00024AB8       CharsetToIdent
 0001:0000C178       CharToByteIndex
 0001:0000C1DC       CharToByteLen
 0001:00006110       CharToOemA
 0001:000270EC       CheckBool
 0001:00002A88       CheckJmp
 0001:00006118       CheckMenuItem
 0002:00000D20       Checks
 0002:000010D8       CheckStateToCheckImage
 0001:0001CDB4       CheckSubComponents
 0001:00021328       CheckSynchronize
 0001:00057408       CheckTaskWindow
 0001:00013230       CheckType
 0001:0003E4A0       CheckUndock
 0001:0000BE9C       CheckWin32Version
 0001:00036DC8       ChooseFont
 0002:00000348       CInvalidCustomVariantType
 0002:00000CD4       cItemAutoFlagToBoolean
 0002:00000CCC       cItemAutoFlagToMenu
 0001:00022CD8       Classes
 0001:00017C0C       ClassNotFound
 0002:00002814       ClearAnyProc
 0001:00024338       ClearColor
 0001:00062648       ClearExcepInfo
 0001:0001402C       ClearVariantTypeList
 0001:00006120       ClientToScreen
 0001:00048140       ClientToWindow
 0002:00000F6C       ClipboardDescriptions
 0002:00000780       ClipboardFormats
 0001:0003961C       Clipbrd
 0001:0006FD30       ClipCanvas
 0001:00005BB0       CloseHandle
 0001:0002E1F0       ClosePrinter
 0002:0000298C       CloseThemeData
 0002:00000F14       CLSID_DragDropHelper
 0002:00002040       CmdLine
 0002:0000203C       CmdShow
 0002:00000CC8       cMenuAutoFlagToItem
 0002:0000036C       CmpTypeMap
 0001:0000D744       CmpUnimplemented
 0002:00000ED4       CoAddRefServerProcess
 0001:00015630       CoCreateInstance
 0002:00000ECC       CoCreateInstanceEx
 0001:0008A850       CodePageFromLocale
 0002:00000EE4       CoInitFlags
 0001:00015620       CoInitialize
 0002:00000ED0       CoInitializeEx
 0001:000184D8       CollectionsEqual
 0002:00000500       Colors
 0001:000248B0       ColorToIdent
 0002:00000930       ColorToPretyName
 0001:000248A0       ColorToRGB
 0001:00005E00       CombineRgn
 0002:00002B84       ComClassManagerVar
 0001:00061AD8       ComConst
 0002:00002900       ComCtl32DLL
 0001:000A6A90       ComCtrls
 0002:00002B54       CommandPool
 0001:0002CA24       CommCtrl
 0001:00036E00       CommDlg
 0001:0000080C       Commit
 0002:00002628       committedRoot
 0001:00062910       ComObj
 0001:0004FF0C       CompareFront
 0001:000079CC       CompareMem
 0001:0000799C       CompareStr
 0001:00005BB8       CompareString
 0001:000079EC       CompareText
 0001:000081E4       CompareWith
 0001:0001CE94       ComponentCreated
 0001:00026EAC       ComputeAldusChecksum
 0001:0007A664       ComputeConstraints
 0001:0009FC0C       ComStrs
 0001:0002309C       Consts
 0001:0002C884       Contnrs
 0002:00002AC6       ControlAtom
 0002:00002ACC       ControlAtomString
 0001:0005C1D4       ControlHasHelp
 0001:0004B888       Controls
 0002:000012DC       ConversionFormatList
 0001:0000B38C       ConvertAddr
 0001:00009A38       ConvertEraString
 0001:00007844       ConvertErrorFmt
 0001:0006F6AC       ConvertImageList
 0001:000757CC       ConvertOptions
 0001:0009C904       ConvertSurrogate
 0001:00009BA4       ConvertYearString
 0001:000046C0       CopyArray
 0001:0002950C       CopyBitmap
 0001:00029BD4       CopyBitmapAsMask
 0001:00005E08       CopyEnhMetaFile
 0001:00006128       CopyImage
 0001:00029B70       CopyPalette
 0002:00000F34       Copyright
 0002:000007E4       Copyright
 0001:0005303C       CopyToBest
 0002:00000ED8       CoReleaseServerProcess
 0002:00000EDC       CoResumeClassObjects
 0002:00000EE0       CoSuspendClassObjects
 0001:00015638       CoTaskMemAlloc
 0001:00015628       CoUninitialize
 0001:0000C0E8       CountChars
 0002:000028C8       CounterLock
 0002:0000034C       CRangeToType
 0001:0000B8F0       CreateAssertException
 0001:0000BA78       CreateAVObject
 0001:00005E10       CreateBitmap
 0001:00005E18       CreateBrushIndirect
 0001:0008F524       CreateClipRegion
 0001:00005E20       CreateCompatibleBitmap
 0001:00005E28       CreateCompatibleDC
 0001:0001CF14       CreateComponent
 0001:00015640       CreateDataAdviseHolder
 0001:00005E30       CreateDC
 0001:00005E40       CreateDIBitmap
 0001:00005E38       CreateDIBSection
 0001:00005BC0       CreateEvent
 0001:00005BC8       CreateFile
 0001:00005E48       CreateFontIndirect
 0001:00005E50       CreateHalftonePalette
 0001:00005E58       CreateIC
 0001:00006130       CreateIcon
 0001:0000B81C       CreateInOutError
 0001:0002915C       CreateMappedRes
 0001:00006138       CreateMenu
 0001:00005E60       CreatePalette
 0001:00005E68       CreatePatternBrush
 0001:00005E70       CreatePenIndirect
 0001:00006140       CreatePopupMenu
 0001:00005E78       CreateRectRgn
 0001:00005E80       CreateRectRgnIndirect
 0001:00005E88       CreateSolidBrush
 0001:00015688       CreateStreamOnHGlobal
 0001:0006FBA8       CreateSystemImageSet
 0001:00026690       CreateSystemPalette
 0001:00005BD0       CreateThread
 0001:000002A4       CreateThread
 0001:00006758       CreateWindow
 0001:00006700       CreateWindowEx
 0002:00000AA8       CreationControl
 0002:00000B6C       CreationControl
 0002:0000043C       CRelationshipToBoolean
 0002:00000310       CResult
 0002:0000090C       CSHREDRAW
 0002:00000138       cSimpleBoolStrs
 0002:000003E8       CText
 0002:00001228       Ctl3DStyles
 0002:00000C68       Ctl3DStyles
 0002:00002620       curAlloc
 0001:000134C4       CurrCompare
 0002:0000268C       CurrencyDecimals
 0002:00002688       CurrencyFormat
 0002:00002684       CurrencyString
 0001:000098CC       CurrentYear
 0001:00009458       CurrToStr
 0001:00011DF4       CurrToWStrViaOS
 0002:00000E48       CursorMap
 0002:00000B7C       Cursors
 0001:0003D070       CursorToIdent
 0002:00000E38       cUseAlpha
 0002:00000E40       cUseColorKey
 0001:00007F38       CvtInt
 0001:00007FA4       CvtInt64
 0002:00000178       CWNear
 0002:00002BE0       DarkCheckImages
 0002:00002BE8       DarkTickImages
 0002:00000914       Data
 0001:0001349C       DateCompare
 0002:0000268D       DateSeparator
 0001:0000A4E0       DateTimeToStr
 0001:0000A484       DateTimeToString
 0001:00009518       DateTimeToTimeStamp
 0001:00011E2C       DateToWStrViaOS
 0001:000098A4       DayOfWeek
 0002:00000174       DCon10
 0002:000004FC       DDBsOnly
 0001:00022BFC       DeallocateHWnd
 0002:00000028       DebugHook
 0002:0000268B       DecimalSeparator
 0001:00009884       DecodeDate
 0001:00009734       DecodeDateFully
 0001:000095CC       DecodeTime
 0001:000008CC       Decommit
 0001:00000FF8       DecommitFree
 0002:000025FC       decommittedRoot
 0001:0005F620       Default
 0001:00059E54       Default
 0002:00000020       Default8087CW
 0002:00000B70       DefaultDockTreeClass
 0002:000025C0       DefaultUserCodePage
 0002:00000750       DefBrushData
 0001:00006160       DeferWindowPos
 0002:000004D0       DefFontData
 0001:00006148       DefFrameProc
 0002:00000204       DefLongDayNames
 0002:000001B8       DefLongMonthNames
 0001:00006150       DefMDIChildProc
 0002:00000730       DefPenData
 0002:000001E8       DefShortDayNames
 0002:00000188       DefShortMonthNames
 0001:00006158       DefWindowProc
 0001:00004A38       DelayLoadResourceModule
 0001:000004E8       DeleteBlock
 0001:000003F8       DeleteCriticalSection
 0001:00005BD8       DeleteCriticalSection
 0001:00005E90       DeleteDC
 0001:00005E98       DeleteEnhMetaFile
 0001:00000DE0       DeleteFree
 0001:00006168       DeleteMenu
 0001:00005EA0       DeleteObject
 0001:00028E20       DeselectBitmap
 0001:00006170       DestroyCursor
 0001:00006178       DestroyIcon
 0001:0009FC14       DestroyLocals
 0001:00006180       DestroyMenu
 0001:00006188       DestroyWindow
 0001:000A7724       DetermineEffect
 0002:00000AF0       Devices
 0001:0003A2DC       DialogEnumerationTester
 0001:00038C48       DialogHook
 0001:000395A0       Dialogs
 0002:0000078C       DIBPalSizes
 0002:0000008C       dig
 0001:00057244       DisableTaskWindows
 0001:00062044       DispatchInvoke
 0001:0006263C       DispatchInvokeError
 0001:00006190       DispatchMessage
 0001:0005D4B4       DispatchShortCut
 0001:00062658       DispCall
 0001:0006273C       DispCallByID
 0002:00002000       DispCallByIDProc
 0001:00062568       DispCallError
 0001:00007828       DivMod
 0001:000386E4       Dlgs
 0001:00042D00       DoAlign
 0001:0005E898       DoAlign
 0001:0007AC10       DoAutoFitColumn
 0001:00046E00       DoCalcConstraints
 0002:00002AFC       DockSiteList
 0001:00053C5C       DoClick
 0001:0004444C       DoControlMsg
 0001:0002E1F8       DocumentProperties
 0001:000571F4       DoDisableWindow
 0001:00015668       DoDragDrop
 0001:0003DDC0       DoDragOver
 0001:00007888       DoExitProc
 0001:00048E9C       DoFindControlZone
 0001:00057348       DoFindWindow
 0001:00049428       DoFindZone
 0001:00048F20       DoForEach
 0001:0004A850       DoGetNextLimit
 0001:000571BC       DoneApplication
 0001:0004B5B0       DoneControls
 0001:0000BDAC       DoneExceptions
 0001:0005B830       DoNestedActivation
 0001:000212C4       DoneThreadSynchronization
 0001:000609E4       DoOnHelp
 0001:0005E6E8       DoPosition
 0001:000428C0       DoPosition
 0001:00049E78       DoPrune
 0001:000379B0       DoRect
 0001:0004A350       DoSaveZone
 0001:00080204       DoScrollDown
 0001:00080150       DoScrollUp
 0001:0004A554       DoSetNewBounds
 0001:00072364       DoShadowBlend
 0001:00098898       DoSort
 0002:00000458       DotSep
 0001:00027344       DoWrite
 0001:0004E544       DoWrite
 0001:0001A020       DoWrite
 0001:00027F6C       DoWrite
 0001:00043A34       DoWriteDesignSize
 0001:00041494       DoWriteIsControl
 0002:00002AE0       DragCapture
 0002:00002AD4       DragControl
 0001:0003E514       DragDone
 0001:0003DD68       DragFindTarget
 0001:0003DD3C       DragFindWindow
 0002:00002AF8       DragImageList
 0001:0003E16C       DragInit
 0001:0003E2DC       DragInitControl
 0002:00002ADC       DragInternalObject
 0001:0003DC84       DragMessage
 0002:00002AD8       DragObject
 0002:00002B04       DragSave
 0002:00002AEC       DragSaveCursor
 0002:00002AE4       DragStartPos
 0002:00002AF0       DragThreshold
 0001:0003DE9C       DragTo
 0001:0005F65C       DrawAppIcon
 0001:0008E2C8       DrawBackground
 0001:0007754C       DrawBackground
 0001:000499E4       DrawCloseButton
 0001:0008D944       DrawDisabledImage
 0001:00006198       DrawEdge
 0001:000061A0       DrawFocusRect
 0001:000061A8       DrawFrameControl
 0001:00049A3C       DrawGrabberLine
 0001:000723A4       DrawHintShadow
 0001:000061B0       DrawIcon
 0001:000061B8       DrawIconEx
 0001:0008D970       DrawImage
 0002:00000CA4       DrawingStyles
 0001:000061C0       DrawMenuBar
 0001:00054FCC       DrawMenuItem
 0001:000061C8       DrawText
 0001:000061D0       DrawTextW
 0002:00002990       DrawThemeBackground
 0001:0008E344       DrawThemedFocusRect
 0002:000029B4       DrawThemeEdge
 0002:000029B8       DrawThemeIcon
 0002:00002A3C       DrawThemeParentBackground
 0002:00002994       DrawThemeText
 0001:00026154       DupBits
 0001:00039674       DupeString
 0001:000046D8       DynArrayClear
 0001:000046E0       DynArraySetLength
 0002:00000D90       EdgeStyle
 0002:00001218       EdgeStyles
 0002:00000C58       EdgeStyles
 0001:0000B7F0       EHeapException.FreeInstance
 0001:0006F274       EMMS
 0002:0000088C       Empty
 0002:0000132C       Empty
 0001:00013328       EmptyCompare
 0002:00002800       EmptyParam
 0002:000000BC       EmptyStr
 0002:000000C0       EmptyWideStr
 0001:000061D8       EnableMenuItem
 0002:00000D28       Enables
 0001:000061E0       EnableScrollBar
 0001:000572F8       EnableTaskWindows
 0002:00002A24       EnableThemeDialogTexture
 0002:00002A40       EnableTheming
 0001:000061E8       EnableWindow
 0001:000061F0       EndDeferWindowPos
 0001:00005EA8       EndDoc
 0001:000182A4       EndGlobalLoading
 0001:00005EB0       EndPage
 0001:000061F8       EndPaint
 0001:0000349C       EndThread
 0001:00005BE0       EnterCriticalSection
 0001:000003E8       EnterCriticalSection
 0001:00005BE8       EnumCalendarInfoA
 0002:00002924       EnumDisplayMonitors
 0001:0000B000       EnumEraNames
 0001:0000B03C       EnumEraYearOffsets
 0001:0005A418       EnumMonitorsProc
 0001:0002E200       EnumPrinters
 0001:00006200       EnumThreadWindows
 0001:0001C6C8       EnumValue
 0001:00006208       EnumWindows
 0001:00061D74       EOleException.Create
 0001:00061CA4       EOleSysError.Create
 0001:00006210       EqualRect
 0002:00002754       EraNames
 0001:0008004C       EraseLine
 0001:0000A758       EraToYear
 0002:00002770       EraYearOffsets
 0002:00000064       errCaption
 0001:0001BE80       Error
 0001:000177B0       Error
 0001:00001C38       Error
 0001:0004FC5C       Error
 0002:00000004       ErrorAddr
 0001:00001BEC       ErrorAt
 0001:0000B89C       ErrorHandler
 0002:00000220       ErrorMap
 0002:00002008       ErrorProc
 0002:000023E8       ErrOutput
 0001:00001B78       ExceptAddr
 0002:0000200C       ExceptClsProc
 0001:0000BD18       ExceptHandler
 0001:0000B61C       Exception.Create
 0001:0000B658       Exception.CreateFmt
 0001:0000B7A8       Exception.CreateHelp
 0001:0000B6D8       Exception.CreateRes
 0001:0000B714       Exception.CreateResFmt
 0002:0000201C       ExceptionClass
 0001:0000B398       ExceptionErrorMessage
 0002:00000258       ExceptMap
 0001:00001B58       ExceptObject
 0002:00002010       ExceptObjProc
 0002:00002004       ExceptProc
 0001:00005EB8       ExcludeClipRect
 0002:00000000       ExitCode
 0001:0000324C       ExitDll
 0002:00002048       ExitProc
 0001:000002B4       ExitProcess
 0002:00002028       ExitProcessProc
 0002:00000134       ExitProcList
 0001:000002AC       ExitThread
 0001:0000852C       ExpandFileName
 0001:0009FED0       ExtActns
 0001:00038684       ExtCtrls
 0001:0009FD3C       ExtDlgs
 0002:000008EC       ExtendSelects
 0001:000084E4       ExtractFileExt
 0001:000084AC       ExtractFileName
 0001:000156AC       Failed
 0002:00002790       FalseBoolStrs
 0002:00002A98       FClipboard
 0002:00000168       FCon1E18
 0001:0002E308       FetchStr
 0002:00001010       FHintWindowDestroyed
 0001:0000841C       FileClose
 0001:00008384       FileCreate
 0001:00008360       FileCreate
 0002:00000784       FileFormats
 0002:00000008       FileMode
 0001:00008308       FileOpen
 0001:0000838C       FileRead
 0002:00000494       FilerSignature
 0001:000083E4       FileSeek
 0001:000083B8       FileWrite
 0001:00000F18       FillAfterGap
 0001:00000EB8       FillBeforeGap
 0001:0007E234       FillBitmap
 0001:0006EBC8       FillDragRectangles
 0001:00000FB8       FillerSizeAfterGap
 0001:00000F40       FillerSizeBeforeGap
 0001:00006218       FillRect
 0001:0009FA54       Finalization
 0001:000395E0       Finalization
 0001:00063280       Finalization
 0001:0006350C       Finalization
 0001:00063550       Finalization
 0001:00005A6C       Finalization
 0001:000552AC       Finalization
 0001:0002306C       Finalization
 0001:000398D0       Finalization
 0001:0002C2AC       Finalization
 0001:00039768       Finalization
 0001:00022C28       Finalization
 0001:0002C580       Finalization
 0001:000058D0       Finalization
 0001:00039544       Finalization
 0001:0002E1A8       Finalization
 0001:0002C854       Finalization
 0001:0002C9F4       Finalization
 0001:0009FB14       Finalization
 0001:0009FB4C       Finalization
 0001:0009FBDC       Finalization
 0001:0009FCAC       Finalization
 0001:0002D180       Finalization
 0001:000631F4       Finalization
 0001:00062968       Finalization
 0001:0009FD0C       Finalization
 0001:0009FD5C       Finalization
 0001:0009FDC4       Finalization
 0001:0009FE28       Finalization
 0001:00062890       Finalization
 0001:00030010       Finalization
 0001:0009FE80       Finalization
 0001:00030D0C       Finalization
 0001:000156B8       Finalization
 0001:0009FED8       Finalization
 0001:0002D1C0       Finalization
 0001:0003A554       Finalization
 0001:0004ECBC       Finalization
 0001:00005688       Finalization
 0001:0004D2FC       Finalization
 0001:0004B820       Finalization
 0001:000A6A18       Finalization
 0001:000068A8       Finalization
 0001:0002F68C       Finalization
 0001:000386B4       Finalization
 0001:000068E0       Finalization
 0001:00015490       Finalization
 0001:00006C00       Finalization
 0001:0003863C       Finalization
 0001:000A80EC       Finalization
 0001:000A8124       Finalization
 0001:00036C78       Finalization
 0001:0000DEA4       Finalization
 0001:0002F4E0       Finalization
 0001:0002E210       Finalization
 0001:00036CB0       Finalization
 0001:00014488       Finalization
 0001:00036CE8       Finalization
 0001:0000D4DC       Finalization
 0001:00036D20       Finalization
 0001:00036D58       Finalization
 0001:00036D90       Finalization
 0001:000146AC       Finalization
 0001:00036DD0       Finalization
 0001:0002F1BC       Finalization
 0001:00061AA8       Finalization
 0001:000619E8       Finalization
 0001:000046D0       FinalizeArray
 0001:00070320       FinalizeGlobalStructures
 0001:00003044       FinalizeUnits
 0001:00053A1C       Find
 0001:0001F210       FindAncestor
 0001:00004AC8       FindBS
 0001:00017CCC       FindClass
 0001:00004A30       FindClassHInstance
 0001:000002C4       FindClose
 0001:00000E74       FindCommitted
 0001:0003CE50       FindControl
 0001:00049654       FindControlAtPos
 0001:000142D0       FindCustomVariantType
 0001:00014388       FindCustomVariantType
 0001:0003E838       FindDragTarget
 0001:0001D0C4       FindExistingComponent
 0001:000002CC       FindFirstFile
 0001:00057454       FindGlobalComponent
 0001:00018134       FindGlobalComponent
 0002:00002864       FindGlobalComponentProcs
 0001:00004A08       FindHInstance
 0001:00017FDC       FindIdentToInt
 0001:00017F60       FindIntToIdent
 0002:00002A88       FindMsg
 0001:0001C240       FindNestedComponent
 0001:0004FC24       FindPopupControl
 0001:0000DB60       FindProc
 0001:00005BF0       FindResource
 0001:00004A80       FindResourceHInstance
 0001:00061218       FindScanline
 0001:0003682C       FindString
 0001:000573AC       FindTopMostWindow
 0001:0001DFBC       FindUniqueName
 0001:00013E68       FindVarData
 0001:0003E804       FindVCLWindow
 0001:00006220       FindWindow
 0001:0003A334       FindWinHelp
 0002:00001274       FirstByteMark
 0001:000294C0       FixupBitFields
 0002:00000DA0       Flags
 0002:000027A0       FLanguages
 0002:00002BEC       FlatImages
 0001:0002F510       FlatSB
 0002:00002950       FlatSB_EnableScrollBar
 0002:0000295C       FlatSB_GetScrollInfo
 0002:00002960       FlatSB_GetScrollPos
 0002:00002958       FlatSB_GetScrollRange
 0002:00002968       FlatSB_SetScrollInfo
 0002:00002964       FlatSB_SetScrollPos
 0001:0002F200       FlatSB_SetScrollProp
 0002:0000296C       FlatSB_SetScrollRange
 0002:00002954       FlatSB_ShowScrollBar
 0001:000090E8       FloatToDecimal
 0001:00009428       FloatToStr
 0001:00008E14       FloatToText
 0001:00001E0C       Flush
 0002:0000017C       FMSecsPerDay
 0001:00008D08       FmtStr
 0002:00000DBC       FocusCount
 0002:00000DB8       FocusMessages
 0002:000006A0       FontCharsets
 0002:00002A8C       FontDialog
 0001:00038F20       FontDialogHook
 0002:000028E0       FontManager
 0002:00000AB0       FontOptions
 0001:00057428       ForegroundTask
 0002:00000184       Format
 0001:00008CF4       Format
 0001:000088E4       FormatBuf
 0001:000088D8       FormatClearStr
 0001:0000885C       FormatError
 0002:00000160       FormatErrorStrs
 0001:00005BF8       FormatMessage
 0001:000088B4       FormatVarToStr
 0001:00061A44       Forms
 0001:00002160       FPower10
 0002:000007DC       FPrinter
 0001:00037A74       Frame3D
 0001:00006228       FrameRect
 0001:0000D0BC       FreeAndNil
 0001:00000B74       FreeCommitted
 0001:000011AC       FreeCurAlloc
 0001:0003E8F8       FreeDeviceContext
 0001:0003E9B4       FreeDeviceContexts
 0001:000229B8       FreeIntConstList
 0001:00005C00       FreeLibrary
 0001:000002D4       FreeLibrary
 0001:00028D74       FreeMemoryContexts
 0001:00022B24       FreeObjectInstance
 0001:00005C20       FreeResource
 0001:00000744       FreeSpace
 0001:0000CBBC       FreeTerminateProcs
 0001:0002F6C4       FreeThemeLibrary
 0002:00002C6C       FRichEditModule
 0001:00026144       GDICheck
 0001:0002609C       GDIError
 0001:00005EC0       GdiFlush
 0001:00001D34       Get8087CW
 0001:000634D0       GetAccessibilityFactory
 0001:00005C28       GetACP
 0001:00006230       GetActiveWindow
 0001:0005ED74       GetAnimation
 0001:00005EC8       GetBitmapBits
 0001:0006F278       GetBitmapBitsFromDeviceContext
 0001:00005ED0       GetBkColor
 0001:00000400       GetBlockDesc
 0001:00005ED8       GetBrushOrgEx
 0001:00006238       GetCapture
 0001:0003D118       GetCaptureControl
 0001:00017C78       GetClass
 0001:00006240       GetClassInfo
 0001:00006248       GetClassName
 0001:00006250       GetClientRect
 0001:00006258       GetClipboardData
 0001:00006260       GetClipboardFormatName
 0001:00027B0C       GetClipboardFormats
 0001:00005EE0       GetClipBox
 0001:0000039C       GetCmdShow
 0001:0004D554       GetColor
 0001:000002DC       GetCommandLine
 0001:00000988       GetCommitted
 0001:00000A30       GetCommittedAt
 0001:000205B8       GetComponentValue
 0001:00044000       GetControlAtPos
 0001:00009990       GetCount
 0001:00005C30       GetCPInfo
 0001:00005EE8       GetCurrentObject
 0001:00005EF0       GetCurrentPositionEx
 0001:00005C38       GetCurrentProcessId
 0002:00002A34       GetCurrentThemeName
 0001:0000038C       GetCurrentThreadId
 0001:00005C40       GetCurrentThreadId
 0001:0000665C       GetCurrentTime
 0001:00006268       GetCursor
 0001:00061228       GetCursorHeightMargin
 0001:00006270       GetCursorPos
 0001:000099C0       GetDate
 0001:00005C48       GetDateFormat
 0001:0000A670       GetDateOrder
 0001:00006278       GetDC
 0001:00006280       GetDCEx
 0001:00005EF8       GetDCOrgEx
 0001:0002BEB4       GetDefFontCharSet
 0001:00019654       GetDesigner
 0001:00006288       GetDesktopWindow
 0001:00005F10       GetDeviceCaps
 0001:000270D4       GetDIB
 0001:00005F00       GetDIBColorTable
 0001:00005F08       GetDIBits
 0001:0002701C       GetDIBSizes
 0001:000262B4       GetDInColors
 0001:00005C50       GetDiskFreeSpaceA
 0002:00000130       GetDiskFreeSpaceEx
 0001:0004A930       GetDockAlign
 0001:0003DAC8       GetDockSiteAtPos
 0001:000869E4       GetDragOperations
 0001:0003DDFC       GetDropCtl
 0001:000027F0       GetDynaMethod
 0001:00005F18       GetEnhMetaFileBits
 0001:00005F20       GetEnhMetaFileHeader
 0001:00005F28       GetEnhMetaFilePaletteEntries
 0001:0001471C       GetEnumName
 0001:00014810       GetEnumNameValue
 0001:0001485C       GetEnumValue
 0001:0000B0B4       GetEraNamesAndYearOffsets
 0001:0000A704       GetEraYearOffset
 0001:00015698       GetErrorInfo
 0001:0000BA60       GetExceptionClass
 0001:0000BC4C       GetExceptionObject
 0001:00005C58       GetExitCodeThread
 0001:00017C00       GetFieldClassTable
 0001:00027AEC       GetFileFormats
 0001:0000BEBC       GetFileVersion
 0001:00005DE0       GetFileVersionInfo
 0001:00005DE8       GetFileVersionInfoSize
 0001:00014EE8       GetFloatProp
 0001:00006290       GetFocus
 0001:00024AD8       GetFontData
 0001:00006298       GetForegroundWindow
 0001:0000C764       GetFormatSettings
 0001:00005C60       GetFullPathName
 0001:00024020       GetHashCode
 0001:0005C20C       GetHelpInfo
 0001:0002D640       GetHelpSystem
 0001:0005EB58       GetHint
 0001:0005EB90       GetHintControl
 0001:0005514C       GetHotkey
 0001:000062A0       GetIconInfo
 0001:000623CC       GetIDsOfNames
 0001:00015330       GetInt64Prop
 0001:00015394       GetInterfaceProp
 0001:000062B8       GetKeyboardLayout
 0001:000062C0       GetKeyboardLayoutList
 0001:000062C8       GetKeyboardState
 0001:0000244C       GetKeyboardType
 0001:000062A8       GetKeyNameText
 0001:000062B0       GetKeyState
 0001:000062D0       GetLastActivePopup
 0001:00048BD0       GetLastChildZone
 0001:00005C68       GetLastError
 0001:0000AE78       GetLocaleChar
 0001:00005C78       GetLocaleInfo
 0001:000002E4       GetLocaleInfo
 0001:0000AE2C       GetLocaleStr
 0001:00005C70       GetLocalTime
 0001:0003D0D4       GetLongHint
 0001:00014B8C       GetLongStrProp
 0001:00005F30       GetMapMode
 0001:000062D8       GetMenu
 0001:0005C194       GetMenuHelpContext
 0001:000062E0       GetMenuItemCount
 0001:000062E8       GetMenuItemID
 0001:000062F0       GetMenuItemInfo
 0001:00052268       GetMenuSize
 0001:000062F8       GetMenuState
 0001:00006300       GetMenuString
 0001:00006308       GetMessagePos
 0001:000152B8       GetMethodProp
 0001:00005C80       GetModuleFileName
 0001:000002EC       GetModuleFileName
 0001:00005C88       GetModuleHandle
 0001:000057B0       GetModuleHandle
 0001:000002F4       GetModuleHandle
 0002:00002918       GetMonitorInfo
 0002:0000291C       GetMonitorInfoA
 0002:00002920       GetMonitorInfoW
 0001:0000AEDC       GetMonthDayNames
 0001:00006310       GetNextWindow
 0001:00005F38       GetObject
 0001:000149B4       GetOrdProp
 0001:00005F40       GetPaletteEntries
 0001:00006318       GetParent
 0001:00057640       GetParentForm
 0001:00005F48       GetPixel
 0001:000002FC       GetProcAddress
 0001:00005C90       GetProcAddress
 0001:00005C98       GetProfileString
 0001:00006320       GetProp
 0001:000148C0       GetPropInfo
 0001:00014930       GetPropInfos
 0001:000901D0       GetRandomRgn
 0001:00081BC4       GetRealScrollPosition
 0001:00057B00       GetRealScrollPosition
 0001:00084244       GetRealScrollPosition
 0001:0006F68C       GetRGBColor
 0001:0004D534       GetRGBColor
 0001:00006328       GetScrollInfo
 0001:00006330       GetScrollPos
 0001:00006338       GetScrollRange
 0001:0003D090       GetShortHint
 0001:00014A84       GetShortStrProp
 0001:00014B1C       GetShortStrPropAsLongStr
 0001:00000668       GetSpace
 0001:000006CC       GetSpaceAt
 0001:0004FCB4       GetSpecialName
 0001:00000304       GetStartupInfo
 0001:00000274       GetStdHandle
 0001:00005CA0       GetStdHandle
 0001:00005F50       GetStockObject
 0001:0006EB88       GetStringDrawRect
 0001:00005CA8       GetStringTypeEx
 0001:00014CBC       GetStrProp
 0001:00006340       GetSubMenu
 0001:00006348       GetSysColor
 0001:00006350       GetSysColorBrush
 0001:00005CB0       GetSystemInfo
 0001:00006358       GetSystemMenu
 0002:00002908       GetSystemMetrics
 0001:00006360       GetSystemMetrics
 0001:00005F58       GetSystemPaletteEntries
 0001:00005F60       GetTextColor
 0001:00005F68       GetTextExtentPoint32
 0001:00005F70       GetTextExtentPoint32W
 0001:00005F78       GetTextMetrics
 0002:00002A2C       GetThemeAppProperties
 0002:00002998       GetThemeBackgroundContentRect
 0002:0000299C       GetThemeBackgroundExtent
 0002:000029AC       GetThemeBackgroundRegion
 0002:000029D0       GetThemeBool
 0002:000029C4       GetThemeColor
 0002:00002A38       GetThemeDocumentationProperty
 0002:000029D8       GetThemeEnumValue
 0002:000029F8       GetThemeFilename
 0002:000029E0       GetThemeFont
 0002:000029D4       GetThemeInt
 0002:000029EC       GetThemeIntList
 0002:000029E8       GetThemeMargins
 0002:000029C8       GetThemeMetric
 0002:000029A0       GetThemePartSize
 0002:000029DC       GetThemePosition
 0002:000029F0       GetThemePropertyOrigin
 0002:000029E4       GetThemeRect
 0002:000029CC       GetThemeString
 0002:00002A04       GetThemeSysBool
 0002:000029FC       GetThemeSysColor
 0002:00002A00       GetThemeSysColorBrush
 0002:00002A0C       GetThemeSysFont
 0002:00002A14       GetThemeSysInt
 0002:00002A08       GetThemeSysSize
 0002:00002A10       GetThemeSysString
 0002:000029A4       GetThemeTextExtent
 0002:000029A8       GetThemeTextMetrics
 0001:00005CB8       GetThreadLocale
 0001:0000030C       GetThreadLocale
 0001:00005CC0       GetTickCount
 0001:000099F8       GetTime
 0001:000057E8       GetTlsSize
 0001:0005F338       GetTopMostWindows
 0001:0003D224       GetTopParent
 0001:00006368       GetTopWindow
 0001:00014710       GetTypeData
 0001:00006370       GetUpdateRect
 0001:0007ABD0       GetUseSmartColumnWidth
 0001:00013F94       GetVarDataArrayInfo
 0001:00015238       GetVariantProp
 0001:00000394       GetVersion
 0001:00005CC8       GetVersion
 0001:00005CD0       GetVersionEx
 0001:0006E108       GetVTClipboardFormatDescription
 0001:00014D28       GetWideStrProp
 0001:00014C0C       GetWideStrPropAsLongStr
 0001:00006378       GetWindow
 0001:00006380       GetWindowDC
 0001:00006388       GetWindowLong
 0001:00005F88       GetWindowOrgEx
 0001:00006390       GetWindowPlacement
 0001:00006398       GetWindowRect
 0001:000063A0       GetWindowText
 0002:00002A20       GetWindowTheme
 0001:000063B0       GetWindowThreadProcessId
 0001:000063A8       GetWindowThreadProcessId
 0001:00005F80       GetWinMetaFileBits
 0001:00005CD8       GlobalAddAtom
 0001:00005CE0       GlobalAlloc
 0001:00006670       GlobalAllocPtr
 0001:00005CE8       GlobalDeleteAtom
 0001:00005CF0       GlobalFindAtom
 0002:00002868       GlobalFixupList
 0001:0001C39C       GlobalFixupReferences
 0001:00005CF8       GlobalFree
 0001:0000669C       GlobalFreePtr
 0001:00005D08       GlobalHandle
 0001:00005D00       GlobalLock
 0002:0000284C       GlobalNameSpace
 0001:00005D10       GlobalReAlloc
 0001:00006680       GlobalReAllocPtr
 0001:00005D18       GlobalSize
 0001:00005D20       GlobalUnlock
 0001:0002C380       Graphics
 0001:00063580       GraphUtil
 0002:00000FEC       Grays
 0001:00017DF4       GroupDescendentsWith
 0002:0000045C       GUID_NULL
 0001:0000EA40       HandleConversionException
 0001:0005C414       HandleEdge
 0001:0001D800       HandleException
 0001:0006FCFC       HasMMX
 0002:00000024       HeapAllocFlags
 0002:000025C8       heapErrorCode
 0002:000025CC       heapLock
 0001:0002E1E8       HelpIntfs
 0002:00002944       HelpManager
 0002:00002A84       HelpMsg
 0002:00002AB0       HelpViewer
 0002:00002AB4       HelpViewerIntf
 0002:0000012C       HexDisplayPrefix
 0002:00001330       HideScrollBars
 0002:0000087C       HideSelections
 0002:00001338       HideSelections
 0001:0004A9AC       HideZone
 0001:00062D44       HIMETRICtoDP
 0002:00002668       HInstance
 0002:00002B6C       HintDoneEvent
 0001:0005EC60       HintGetMsgHook
 0002:00002B70       HintHook
 0001:0005EC04       HintMouseThread
 0002:00002B74       HintThread
 0002:00002B68       HintThreadID
 0001:0005EBB0       HintTimerProc
 0002:00000DB0       HintWindowClass
 0002:000029B0       HitTestThemeBackground
 0001:0005ECA4       HookHintHooks
 0001:000793C8       HSPlitterHit
 0001:000067B0       HwndMSWheel
 0002:00000D44       IBreaks
 0002:00000D50       IChecks
 0002:00000D58       IDefaults
 0001:00024AC8       IdentToCharset
 0001:000248C0       IdentToColor
 0001:0003D080       IdentToCursor
 0001:00018058       IdentToInt
 0002:00000D60       IEnables
 0001:0005300C       IfHotkeyAvailable
 0001:0002C544       IfThen
 0001:000396C0       IfThen
 0001:0002C550       IfThen
 0002:00000F04       IID_IDropTargetHelper
 0002:00001268       ImageKind
 0002:00002B44       ImageListWriteExProc
 0001:0002C948       ImageList_Add
 0001:0002C968       ImageList_AddIcon
 0001:0002C990       ImageList_BeginDrag
 0001:0002C928       ImageList_Create
 0001:0002C930       ImageList_Destroy
 0001:0002C9A0       ImageList_DragEnter
 0001:0002C9A8       ImageList_DragLeave
 0001:0002C9B0       ImageList_DragMove
 0001:0002C9C0       ImageList_DragShowNolock
 0001:0002C978       ImageList_Draw
 0001:0002C980       ImageList_DrawEx
 0001:0002C998       ImageList_EndDrag
 0001:0002C960       ImageList_GetBkColor
 0001:0002C9C8       ImageList_GetDragImage
 0001:0002C9E0       ImageList_GetIconSize
 0001:0002C938       ImageList_GetImageCount
 0001:0002C9D0       ImageList_Read
 0001:0002C988       ImageList_Remove
 0001:0002C950       ImageList_ReplaceIcon
 0001:0002C958       ImageList_SetBkColor
 0001:0002C9B8       ImageList_SetDragCursorImage
 0001:0002C9E8       ImageList_SetIconSize
 0001:0002C940       ImageList_SetImageCount
 0001:0002C9D8       ImageList_Write
 0002:00000CB4       Images
 0001:0004ECEC       ImgList
 0001:0002D1F0       Imm
 0002:00000C98       IMM32DLL
 0001:0004B59C       Imm32IsIME
 0002:00000180       IMSecsPerDay
 0001:0000EB2C       InBounds
 0001:0000EDCC       InBounds
 0001:0007B420       IncDelta
 0001:00094E5C       IncludeThisNode
 0001:0000EB5C       Increment
 0001:0000EDFC       Increment
 0001:0002C974       IndexToOverlayMask
 0001:0002C9F0       IndexToStateImageMask
 0001:000063B8       InflateRect
 0001:0009FDA4       IniFiles
 0001:00000C08       InitAllocator
 0001:0002CA2C       InitAnApi
 0002:00002930       InitApis
 0001:0002C894       InitComCtl
 0001:000A208C       InitCommonControl
 0001:0002C88C       InitCommonControls
 0001:0002C8F4       InitCommonControlsEx
 0001:00062818       InitComObj
 0001:00018300       InitComponent
 0002:00002638       InitContext
 0001:0004B638       InitControls
 0001:0002BEF8       InitDefFontData
 0001:0000CBE8       InitDriveSpacePtr
 0001:0000BD28       InitExceptions
 0001:0002F25C       InitFlatSB
 0001:000393F0       InitGlobals
 0001:00026ED4       InitializeBitmapInfoHeader
 0001:000003E0       InitializeCriticalSection
 0001:00005D28       InitializeCriticalSection
 0002:00002C00       Initialized
 0002:000025C4       initialized
 0001:0002F234       InitializeFlatSB
 0001:0006FE34       InitializeGlobalStructures
 0001:00005880       InitializeModule
 0001:0000DB98       InitializeVarUtils
 0001:0004B23C       InitIMM32
 0001:000183A8       InitInheritedComponent
 0001:0000C574       InitLeadBytes
 0001:0002D114       InitMultiMonStubs
 0001:00063094       InitOlePro32
 0001:0000BE2C       InitPlatformId
 0002:00002044       InitProc
 0001:0006195C       InitProcs
 0001:0002BE7C       InitScreenLogPixels
 0001:0000C5EC       InitSysLocale
 0001:0002F884       InitThemeLibrary
 0001:00021290       InitThreadSynchronization
 0001:000057F0       InitThreadTLS
 0001:000030B4       InitUnits
 0001:0003CD64       InitWndProc
 0002:000011F8       InnerStyles
 0002:00000C38       InnerStyles
 0002:00002050       Input
 0001:00042834       InsertBefore
 0001:0005E688       InsertBefore
 0001:000010B4       InsertFree
 0001:000530C0       InsertHotkeyFarEastFormat
 0001:000063C0       InsertMenu
 0001:000063C8       InsertMenuItem
 0002:00002888       InstBlockList
 0002:0000288C       InstFreeList
 0001:00013438       Int64Compare
 0001:00013424       IntCompare
 0002:0000285C       IntConstList
 0002:000008F4       IntegralHeights
 0001:0000CC50       InterlockedDecrement
 0001:00005C08       InterlockedDecrement
 0001:00000384       InterlockedDecrement
 0001:00005C10       InterlockedExchange
 0001:0000CC5C       InterlockedExchange
 0001:0000CC64       InterlockedExchangeAdd
 0001:0000037C       InterlockedIncrement
 0001:0000CC44       InterlockedIncrement
 0001:00005C18       InterlockedIncrement
 0002:00002C04       InternalClipboardFormats
 0001:00023FAC       InternalDeletePalette
 0001:00001DC4       InternalFlush
 0001:00000EF4       InternalFreeMem
 0001:00027024       InternalGetDIB
 0001:00026FB8       InternalGetDIBSizes
 0001:00018198       InternalReadComponentRes
 0002:00002A58       InternalServices
 0001:00003970       InternalUniqueString
 0001:00005F90       IntersectClipRect
 0001:00005950       IntersectRect
 0001:000063D0       IntersectRect
 0001:00008098       IntToHex
 0001:00018098       IntToIdent
 0001:00007F84       IntToStr
 0001:00008070       IntToStr
 0001:000063D8       InvalidateRect
 0001:00026024       InvalidBitmap
 0001:0002600C       InvalidGraphic
 0001:00026030       InvalidIcon
 0001:0002603C       InvalidMetafile
 0001:00062E5C       InvalidOperation
 0001:00025FF4       InvalidOperation
 0001:00017188       InvalidPoint
 0002:0000279C       InvalidPointer
 0001:0000269C       InvokeImplGetter
 0001:00001CB8       IOResult
 0002:00000D80       IOwnerDraw
 0002:00000D68       IRadios
 0002:00000D78       IRTL
 0001:000575D0       IsAccel
 0001:000542A0       IsAccelChar
 0002:00002A1C       IsAppThemed
 0001:0003D880       IsBeforeTargetWindow
 0001:000063E0       IsChild
 0002:0000204C       IsConsole
 0001:0001FD00       IsDefault
 0001:0001FB7C       IsDefaultFloatProp
 0001:0001FBD8       IsDefaultInt64Prop
 0001:0001FEA4       IsDefaultInterfaceProp
 0001:0001FF80       IsDefaultMethodProp
 0001:0001FD58       IsDefaultObjectProp
 0001:0001FB24       IsDefaultOrdProp
 0001:00020098       IsDefaultPropertyValue
 0001:0001FC30       IsDefaultStrProp
 0001:0001FDD8       IsDefaultValue
 0001:00020000       IsDefaultVariantProp
 0001:0003DCDC       IsDelphiHandle
 0001:000063E8       IsDialogMessage
 0002:00000D70       ISeparators
 0001:000063F0       IsIconic
 0001:000542FC       IsInitialChar
 0001:00009628       IsLeapYear
 0002:00002038       IsLibrary
 0002:0000204D       IsMultiThread
 0001:0007899C       IsNearBy
 0001:0004860C       IsOrientationSet
 0001:000063F8       IsRectEmpty
 0001:00005A20       IsRectEmpty
 0001:0007B3C8       IsResizable
 0001:0003DA84       IsSiteChildOfClient
 0001:00014984       IsStoredProp
 0002:00002A18       IsThemeActive
 0002:000029C0       IsThemeBackgroundPartiallyTransparent
 0002:00002A28       IsThemeDialogTextureEnabled
 0002:000029BC       IsThemePartDefined
 0001:00018174       IsUniqueGlobalComponentName
 0002:00002850       IsUniqueGlobalComponentNameProc
 0001:00007ED4       IsValidIdent
 0001:0000C5D4       IsWesternGroup
 0001:00006400       IsWindow
 0001:00006408       IsWindowEnabled
 0001:00006410       IsWindowVisible
 0002:00002BC9       IsWinVistaOrAbove
 0001:00006418       IsZoomed
 0001:00050080       Iterate
 0001:000500E0       IterateMenus
 0002:0000002C       JITEnable
 0001:000575B0       KeyboardStateToShiftState
 0001:00057564       KeyboardStateToShiftState
 0001:00057528       KeyDataToShiftState
 0001:000574D4       KeysToShiftState
 0001:0008A8C4       KeyUnicode
 0001:00006420       KillTimer
 0001:0000845C       LastDelimiter
 0001:00005614       LCIDToCodePage
 0001:0000C500       LCIDToCodePage
 0002:0000010C       LeadBytes
 0001:00005D30       LeaveCriticalSection
 0001:000003F0       LeaveCriticalSection
 0001:00039728       LeftStr
 0002:00000034       LibModuleList
 0002:00002BDC       LightCheckImages
 0002:00002BE4       LightTickImages
 0002:00001024       LineBitsDotted
 0002:00001038       LineBitsSolid
 0001:00005FA0       LineTo
 0001:0009FF08       ListActns
 0001:0003E880       ListAdd
 0001:0003E8A8       ListRemove
 0002:00002752       ListSeparator
 0001:00006428       LoadBitmap
 0001:00061E40       LoadComExProcs
 0001:00006430       LoadCursor
 0001:00006438       LoadIcon
 0001:00006440       LoadKeyboardLayout
 0001:00005D38       LoadLibrary
 0001:00000314       LoadLibraryEx
 0001:00005D40       LoadResource
 0001:00004CCC       LoadResourceModule
 0001:000055BC       LoadResString
 0001:0000031C       LoadString
 0001:00006448       LoadString
 0001:000057B8       LocalAlloc
 0001:000003C0       LocalAlloc
 0001:000003C8       LocalFree
 0001:0000AEA0       LocalGetLocaleStr
 0002:00002A50       Lock
 0001:00005D48       LockResource
 0001:00006450       LockWindowUpdate
 0002:00002694       LongDateFormat
 0002:00002728       LongDayNames
 0002:000026DC       LongMonthNames
 0002:000026A8       LongTimeFormat
 0001:0000794C       LowerCase
 0001:00005F98       LPtoDP
 0001:00005DD0       lstrcpy
 0001:00000324       lstrcpyn
 0001:00005DD8       lstrlenW
 0002:00002824       LVarTypes
 0002:00002828       LVarTypeSync
 0002:00000F4C       MagicID
 0001:000A811C       Main
 0002:00002C70       MainForm
 0002:00002030       MainInstance
 0002:00002034       MainThreadID
 0001:00000484       MakeEmpty
 0001:000031F0       MakeErrorMessage
 0001:0009C420       MakeFragment
 0002:00000C84       MakeLast
 0001:00006650       MakeLong
 0001:000066F0       MakeLParam
 0001:00022A54       MakeObjectInstance
 0001:000066B0       MakeROP4
 0001:000066E8       MakeWParam
 0001:0000B9E0       MapException
 0001:0009FE78       Mapi
 0002:000012BC       MAPIDLL
 0002:000012C0       MAPIModule
 0001:00002EBC       MapToRunError
 0001:00006458       MapVirtualKey
 0001:00006460       MapWindowPoints
 0002:00000CBC       Mask
 0001:00005FA8       MaskBlt
 0002:0000100C       MaskColor
 0001:0002C5B0       Math
 0001:0002C4B4       Max
 0001:0002C4FC       Max
 0001:0002C4BC       Max
 0001:00059EA0       MaximizedChildren
 0002:0000126C       MaximumUCS4
 0002:0000003C       MemoryManager
 0002:00000CD8       MenuKeyCaps
 0001:0005531C       Menus
 0001:000984B8       MergeAscending
 0001:0000051C       MergeBlockAfter
 0001:000011F8       MergeCommit
 0001:00098564       MergeDescending
 0001:00098610       MergeSortAscending
 0001:0009867C       MergeSortDescending
 0001:00006468       MessageBeep
 0001:000002BC       MessageBox
 0001:00006470       MessageBox
 0001:00006910       Messages
 0001:0002C4AC       Min
 0001:00019278       Min
 0001:00042178       MinVar
 0002:00002938       MMAvailable
 0001:000632B0       MMSystem
 0002:00002BC8       MMXAvailable
 0002:00000C9C       ModeMap
 0001:0005BBA0       ModifySystemMenu
 0002:000000A4       Module
 0002:00002666       ModuleIsCpp
 0002:00002664       ModuleIsLib
 0002:00002665       ModuleIsPackage
 0001:00022A24       ModuleUnload
 0002:00000038       ModuleUnloadList
 0002:00002914       MonitorFromPoint
 0002:00002910       MonitorFromRect
 0002:0000290C       MonitorFromWindow
 0002:000000DC       MonthDays
 0002:00002AB8       Mouse
 0001:00001CD8       Move
 0001:00005FB0       MoveToEx
 0001:0003E8C8       MoveWindowOrg
 0001:00006478       MsgWaitForMultipleObjects
 0001:00005D50       MulDiv
 0001:00005D58       MultiByteToWideChar
 0001:00000334       MultiByteToWideChar
 0002:000008FC       MultiColumns
 0001:000613E8       MultiLineWidth
 0001:0002D1B0       MultiMon
 0002:000008E4       MultiSelects
 0002:00002B8C       NeedToUninitialize
 0002:00002C01       NeedToUnitialize
 0002:00002689       NegCurrFormat
 0001:00001284       NewCommit
 0001:000012B0       NewCommitAt
 0002:00002ABC       NewStyleControls
 0001:0000C2AC       NextCharIndex
 0001:000485F0       NextVisibleZone
 0002:00000498       NilMethod
 0002:00000030       NoErrMsg
 0001:00050E94       NormalDraw
 0001:00002A74       NotifyAnyExcept
 0001:000196F4       NotifyDesigner
 0001:00002A48       NotifyExcept
 0001:00002AA8       NotifyExceptFinally
 0001:00018274       NotifyGlobalLoading
 0001:00005008       NotifyModuleUnload
 0001:00002A24       NotifyNonDelphiException
 0001:00002A60       NotifyOnExcept
 0001:00002A08       NotifyReRaise
 0001:00002AD0       NotifyTerminate
 0001:00002AEC       NotifyUnhandled
 0001:00006480       NotifyWinEvent
 0001:00053C4C       NthParentOf
 0001:00014470       Null
 0002:00000324       NullAsStringValue
 0001:0001333C       NullCompare
 0002:00000318       NullEqualityRule
 0002:0000031C       NullMagnitudeRule
 0002:00000320       NullStrictConvert
 0001:0001FCC0       ObjectAncestorMatch
 0001:0003CE1C       ObjectFromHWnd
 0002:00000884       OEMConverts
 0001:00006488       OemToAnsi
 0001:00005A38       OffsetRect
 0001:00006490       OffsetRect
 0001:00005FB8       OffsetRgn
 0001:000A836C       OLE
 0001:00061E28       OleCheck
 0001:00061E0C       OleError
 0001:00015678       OleGetClipboard
 0001:00015648       OleInitialize
 0001:00063184       OleLoadPicture
 0002:00002B9C       OlePro32DLL
 0001:00015670       OleSetClipboard
 0001:00004418       OleStrToStrVar
 0001:00015650       OleUninitialize
 0002:00002B80       OleUninitializing
 0001:0002E208       OpenPrinter
 0002:00002988       OpenThemeData
 0002:00001048       OptionMap
 0001:0006E42C       OrderRect
 0002:00000C7C       OrientArray
 0002:00000C48       OuterStyles
 0002:00001208       OuterStyles
 0002:00002798       OutOfMemory
 0001:00026048       OutOfResources
 0002:0000221C       Output
 0001:000205A0       OwnedBy
 0002:00000328       PackVarCreation
 0001:0007764C       PaintColumnHeader
 0001:000772BC       PaintFixedArea
 0002:00001340       Painting
 0001:0003639C       PaintListBox
 0002:0000079C       Pal16
 0001:000243B4       PaletteChanged
 0001:00026840       PaletteFromDIBColorTable
 0001:000268E4       PaletteToDIBColorTable
 0002:00000798       PalSize
 0002:00001238       PanningWindowClass
 0001:000489FC       ParentNotLast
 0002:00000860       Passwords
 0001:00005FC0       PatBlt
 0002:000028F0       PatternManager
 0001:00006498       PeekMessage
 0002:000028E4       PenManager
 0002:00000760       PenModes
 0002:00000740       PenStyles
 0001:00005FC8       PlayEnhMetaFile
 0001:00017110       Point
 0001:00005924       Point
 0001:00017548       PointerInModule
 0001:00043A20       PointsEqual
 0001:000066D0       PointToSmallPoint
 0001:00005FD0       Polygon
 0001:00005FD8       Polyline
 0002:00002B48       PopupList
 0001:000064A0       PostMessage
 0001:000064A8       PostQuitMessage
 0001:00098A24       PrepareAnimation
 0001:00077484       PrepareButtonStyles
 0002:00000F24       PressedState
 0001:0002F19C       Printer
 0001:0002F1F8       Printers
 0001:0005D2B4       ProcessExecute
 0001:00057800       ProcessHorz
 0001:0005D3B4       ProcessUpdate
 0001:0005786C       ProcessVert
 0001:0001C69C       PropertyNotFound
 0001:0001D900       PropPathError
 0002:00000DE0       Props
 0001:0001C690       PropValueError
 0001:000064B0       PtInRect
 0001:0000592C       PtInRect
 0002:000000A0       PtrToNil
 0001:00008DD0       PutExponent
 0002:00002B00       QualifyingSites
 0001:0006E468       QuickSort
 0001:0006DBE0       QuickSort
 0001:0000B99C       RaiseAssertException
 0001:0002E358       RaiseError
 0001:000624B4       RaiseException
 0001:0000027C       RaiseException
 0001:0001B628       RaiseException
 0002:00002014       RaiseExceptionProc
 0001:0000CAE4       RaiseLastOSError
 0001:00062398       RaiseNameException
 0001:00049770       ReadControlName
 0001:0001EB58       ReadCustomVariant
 0001:0001C678       ReadError
 0001:00005D60       ReadFile
 0001:00026B98       ReadIcon
 0002:00000868       ReadOnlys
 0001:00013474       RealCompare
 0001:00005FE0       RealizePalette
 0001:0001CEB4       Recover
 0001:00005908       Rect
 0001:00017138       Rect
 0001:00005FF0       Rectangle
 0001:00005FE8       RectVisible
 0001:000064B8       RedrawWindow
 0001:0007B510       ReduceConstraints
 0002:0000281C       RefAnyProc
 0002:00002A4C       ReferenceCount
 0001:00005B98       RegCloseKey
 0001:0000033C       RegCloseKey
 0002:00002860       RegGroups
 0001:000064C0       RegisterClass
 0001:00017CEC       RegisterClass
 0001:000064C8       RegisterClipboardFormat
 0001:0003DC24       RegisterDockSite
 0001:00015658       RegisterDragDrop
 0001:000180DC       RegisterFindGlobalComponentProc
 0001:00017F34       RegisterIntegerConsts
 0001:00005064       RegisterModule
 0001:0002D5BC       RegisterViewer
 0001:0006E25C       RegisterVTClipboardFormat
 0001:0006E144       RegisterVTClipboardFormat
 0001:000064D0       RegisterWindowMessage
 0001:0009FE0C       Registry
 0001:00000344       RegOpenKeyEx
 0001:00005BA0       RegOpenKeyEx
 0001:00005BA8       RegQueryValueEx
 0001:0000034C       RegQueryValueEx
 0001:00036D18       RegStr
 0001:000064D8       ReleaseCapture
 0001:000064E0       ReleaseDC
 0001:00015680       ReleaseStgMedium
 0001:000704D0       ReleaseThreadReference
 0002:00000048       reMap
 0002:0000261C       remBytes
 0001:000005A4       RemoveBlock
 0002:00000474       RemoveDataModule
 0001:0001C548       RemoveFixupReferences
 0001:0001C5F4       RemoveFixups
 0001:0001C8EC       RemoveGlobalFixup
 0001:000064E8       RemoveMenu
 0001:00004F58       RemoveModuleUnloadProc
 0001:00004F80       RemoveModuleUnloadProc
 0001:000064F0       RemoveProp
 0001:0002131C       RemoveThread
 0002:00001270       ReplacementCharacter
 0001:00005D68       ResetEvent
 0001:000212DC       ResetSyncEvent
 0001:000017E8       ResizeInPlace
 0001:00005FF8       RestoreDC
 0001:00057168       RestoreFocusState
 0001:00005D70       ResumeThread
 0001:0000B5F8       ReturnAddr
 0001:000186C8       ReturnAddr
 0001:0004FC54       ReturnAddr
 0001:0001A180       ReturnAddr
 0001:00015660       RevokeDragDrop
 0001:000265C4       RGBQuadToTriple
 0001:0002657C       RGBTripleToQuad
 0001:0009FB44       RichEdit
 0001:00039744       RightStr
 0002:00002AD0       RM_GetObjectInstance
 0002:00002B64       RM_TaskbarCreated
 0001:00006000       RoundRect
 0002:00002618       rover
 0002:00001324       RRStyles
 0002:000012C4       RTFConversionFormat
 0002:000012E8       RTL
 0002:000012F0       RTL
 0002:000012E0       RTL
 0001:000146DC       RTLConsts
 0002:00000F58       RTLFlag
 0001:00000284       RtlUnwind
 0002:00002018       RTLUnwindProc
 0002:0000006C       runErrMsg
 0001:00001BE0       RunErrorAt
 0001:0000DB40       SafeArrayCreate
 0001:0000DB48       SafeArrayGetLBound
 0001:0000DB50       SafeArrayGetUBound
 0001:0000DB58       SafeArrayPtrOfIndex
 0001:00061F44       SafeCallError
 0002:00002020       SafeCallErrorProc
 0001:0000D188       SafeLoadLibrary
 0001:00007A40       SameText
 0001:00006008       SaveDC
 0001:00057158       SaveFocusState
 0002:00002B88       SaveInitProc
 0001:0000A4F4       ScanBlanks
 0001:0000A638       ScanChar
 0001:0000A7B4       ScanDate
 0001:0000A518       ScanNumber
 0001:0000A5AC       ScanString
 0001:0000AAF8       ScanTime
 0001:0000A6BC       ScanToNumber
 0002:00002B5C       Screen
 0002:0000289C       ScreenLogPixels
 0001:000064F8       ScreenToClient
 0002:000008A8       ScrollBar
 0002:000010C8       ScrollBar
 0001:000579B8       ScrollBarVisible
 0001:00006500       ScrollDC
 0002:00001260       ScrollMasks
 0001:00006508       ScrollWindow
 0001:000012E4       SearchSmallBlocks
 0001:00006010       SelectClipRgn
 0001:0009E168       SelectColor
 0001:0009E084       SelectFont
 0001:00006018       SelectObject
 0001:00006020       SelectPalette
 0001:0003CEAC       SendAppMessage
 0001:00006510       SendDlgItemMessage
 0001:000573E8       SendFocusMessage
 0001:00006518       SendMessage
 0002:00000D3C       Separators
 0001:00001D24       Set8087CW
 0001:00006028       SetAbortProc
 0001:00006520       SetActiveWindow
 0001:0005EDA4       SetAnimation
 0001:00006030       SetBkColor
 0001:00006038       SetBkMode
 0001:00006040       SetBrushOrgEx
 0001:0006FDE8       SetBrushOrigin
 0001:0006FD88       SetCanvasOrigin
 0001:00006528       SetCapture
 0001:0003D140       SetCaptureControl
 0001:00006530       SetClassLong
 0001:00013F88       SetClearVarToEmptyParam
 0001:000A20B8       SetComCtlStyle
 0001:0001D024       SetCompName
 0001:00006538       SetCursor
 0001:00006048       SetDIBColorTable
 0001:00005D78       SetEndOfFile
 0001:00006050       SetEnhMetaFileBits
 0001:00005D80       SetErrorMode
 0001:00005D88       SetEvent
 0001:00002FFC       SetExceptionHandler
 0001:00005D90       SetFilePointer
 0001:00015018       SetFloatProp
 0001:00006540       SetFocus
 0001:00006548       SetForegroundWindow
 0001:0004B4C0       SetImeMode
 0001:00001C64       SetInOutRes
 0001:00015358       SetInt64Prop
 0001:00015418       SetInterfaceProp
 0001:0001DBE4       SetInterfaceReference
 0001:0001DB00       SetIntIdent
 0002:00000DB4       SetLayeredWindowAttributes
 0001:00014BCC       SetLongStrProp
 0001:00006058       SetMapMode
 0001:00006550       SetMenu
 0001:00006558       SetMenuItemInfo
 0001:000152F8       SetMethodProp
 0001:0001DB48       SetObjectIdent
 0001:00014A28       SetOrdProp
 0001:00006560       SetParent
 0001:00006060       SetPixel
 0001:00006568       SetProp
 0001:00006570       SetRect
 0001:00006068       SetROP2
 0001:00006578       SetScrollInfo
 0001:00006580       SetScrollPos
 0001:00006588       SetScrollRange
 0001:00014AC8       SetShortStrProp
 0001:00014B44       SetShortStrPropAsLongStr
 0001:00006070       SetStretchBltMode
 0001:00014CFC       SetStrProp
 0001:0001CE2C       SetSubComponentState
 0001:00006078       SetTextColor
 0002:00002A30       SetThemeAppProperties
 0001:00005D98       SetThreadLocale
 0001:00006590       SetTimer
 0001:0008A4FC       SetupNavigation
 0001:00013F70       SetVarAsError
 0001:00015278       SetVariantProp
 0001:0001DB88       SetVariantReference
 0001:00006080       SetViewportOrgEx
 0001:00060EEC       SetVisible
 0001:00014E10       SetWideStrProp
 0001:00014C64       SetWideStrPropAsLongStr
 0001:00006598       SetWindowLong
 0001:00006090       SetWindowOrgEx
 0001:000065A0       SetWindowPlacement
 0001:000065A8       SetWindowPos
 0001:000065C0       SetWindowRgn
 0001:000065B8       SetWindowsHookEx
 0001:000065B0       SetWindowText
 0002:000029F4       SetWindowTheme
 0001:00006088       SetWinMetaFileBits
 0002:0000014C       ShareMode
 0001:00036CE0       ShellAPI
 0002:00002C68       ShellModule
 0001:00036DC0       ShlObj
 0001:0004FC7C       ShortCut
 0002:00002B4C       ShortCutItems
 0001:0004FD08       ShortCutToText
 0002:00002690       ShortDateFormat
 0002:0000270C       ShortDayNames
 0001:0006E4E4       ShortenString
 0002:000026AC       ShortMonthNames
 0002:000026A4       ShortTimeFormat
 0002:00000E14       ShowCommands
 0002:00000E2C       ShowCommands
 0002:00000E20       ShowCommands
 0001:000065C8       ShowCursor
 0001:0006E304       ShowError
 0001:0000B530       ShowException
 0002:00000C30       ShowFlags
 0002:00000EC8       ShowFlags
 0001:00057170       ShowMDIClientEdge
 0001:000065D0       ShowOwnedPopups
 0001:000065D8       ShowScrollBar
 0001:000065E0       ShowWindow
 0001:0005EDCC       ShowWinNoAnimate
 0001:0004AA2C       ShowZone
[...]
 30438 0001:00094703 30442 0001:0009470B 30443 0001:00094716 30445 0001:0009471B
 30448 0001:00094723 30480 0001:000947A4 30481 0001:000947A8 30482 0001:000947AB
 30484 0001:000947B1 30486 0001:000947D0 30487 0001:000947D9 30488 0001:000947E8
 30490 0001:000947F8 30517 0001:00094874 30518 0001:00094882 30519 0001:00094884
 30521 0001:0009488D 30526 0001:000948AB 30528 0001:000948B8 30529 0001:000948C5
 30530 0001:000948CF 30531 0001:000948D3 30532 0001:000948E4 30533 0001:000948EF
 30537 0001:000948FA 30540 0001:00094914 30542 0001:00094925 30543 0001:00094927
 30544 0001:0009492F 30546 0001:0009493B 30547 0001:00094947 30550 0001:00094949
 30552 0001:00094952 30553 0001:00094958 30555 0001:00094964 30557 0001:0009496F
 30558 0001:00094971 30563 0001:00094976 30565 0001:0009497C 30566 0001:00094983
 30567 0001:0009498D 30569 0001:0009499E 30570 0001:000949A2 30571 0001:000949AE
 30572 0001:000949B5 30576 0001:000949BB 30582 0001:000949BD 30584 0001:000949C6
 30586 0001:000949C8 30587 0001:000949D0 30588 0001:000949DC 30591 0001:000949E4
 30592 0001:000949F5 30593 0001:000949FC 30594 0001:00094A02 30600 0001:00094A04
 30601 0001:00094A0B 30602 0001:00094A15 30608 0001:00094A19 30609 0001:00094A26
 30611 0001:00094A32 30613 0001:00094A4A 30626 0001:00094AC8 30627 0001:00094AD6
 30628 0001:00094AD8 30630 0001:00094AE1 30635 0001:00094AFF 30637 0001:00094B0C
 30638 0001:00094B19 30639 0001:00094B23 30640 0001:00094B27 30641 0001:00094B38
 30642 0001:00094B43 30646 0001:00094B4E 30650 0001:00094B68 30652 0001:00094B78
 30653 0001:00094B7F 30654 0001:00094B8B 30657 0001:00094B8D 30660 0001:00094B96
 30662 0001:00094B9C 30663 0001:00094B9E 30671 0001:00094BA3 30673 0001:00094BA9
 30674 0001:00094BB0 30675 0001:00094BBA 30677 0001:00094BCB 30678 0001:00094BCF
 30679 0001:00094BDB 30680 0001:00094BE2 30683 0001:00094BE8 30689 0001:00094BEA
 30691 0001:00094BF3 30692 0001:00094BF5 30695 0001:00094BFD 30696 0001:00094C0E
 30697 0001:00094C15 30698 0001:00094C1B 30704 0001:00094C1D 30705 0001:00094C24
 30706 0001:00094C2E 30712 0001:00094C32 30714 0001:00094C4A 30722 0001:00094CC8
 30723 0001:00094CD5 30725 0001:00094CF5 30727 0001:00094CF8 30728 0001:00094D05
 30730 0001:00094D29 30739 0001:00094D94 30740 0001:00094DA1 30742 0001:00094DC1
 30744 0001:00094DC4 30745 0001:00094DCD 30747 0001:00094DF1 30931 0001:00094E5C
 30932 0001:00094E63 30933 0001:00094E72 30935 0001:00094E7A 30936 0001:00094E7F
 30938 0001:00094E86 30939 0001:00094E93 30941 0001:00094EAD 30942 0001:00094EBE
 30943 0001:00094EC4 30947 0001:00094EC8 30948 0001:00094ED9 30949 0001:00094EE4
 30950 0001:00094EE9 30955 0001:00094EED 30957 0001:00094EF6 30959 0001:00094EFE
 30960 0001:00094F07 30961 0001:00094F10 30968 0001:00094F14 30969 0001:00094F1B
 30970 0001:00094F2D 30973 0001:00094F37 30977 0001:00094F40 30955 0001:00094F4D
 30981 0001:00094F54 30983 0001:00094F59 30984 0001:00094F61 30985 0001:00094F6A
 30981 0001:00094F77 30989 0001:00094F7C 30990 0001:00094F96 31009 0001:00094FA0
 31010 0001:00094FB2 31011 0001:00094FCE 31013 0001:00094FDB 31014 0001:00094FE7
 31015 0001:00094FE9 31020 0001:00094FEF 31022 0001:00094FF9 31024 0001:00095002
 31025 0001:0009500A 31026 0001:0009500B 31027 0001:00095014 31034 0001:0009501F
 31035 0001:00095028 31036 0001:0009503C 31039 0001:00095047 31043 0001:00095052
 31020 0001:00095061 31047 0001:00095069 31049 0001:0009506F 31051 0001:00095078
 31052 0001:00095080 31054 0001:00095081 31047 0001:00095090 31059 0001:00095096
 31060 0001:000950A1 31062 0001:000950B7 31071 0001:000950C0 31072 0001:000950CB
 31073 0001:000950E8 31074 0001:000950F0 31075 0001:000950FB 31097 0001:00095104
 31098 0001:00095111 31099 0001:00095129 31101 0001:00095145 31103 0001:0009514D
 31102 0001:00095156 31104 0001:00095184 31115 0001:00095224 31116 0001:00095226
 31117 0001:00095238 31119 0001:0009523C 31121 0001:00095241 31120 0001:0009524A
 31122 0001:0009525A 31124 0001:00095262 31140 0001:00095268 31141 0001:0009528F
 31143 0001:00095299 31145 0001:000952A0 31146 0001:000952A6 31148 0001:000952AF
 31150 0001:000952B9 31152 0001:000952C4 31154 0001:000952D1 31156 0001:000952D7
 31161 0001:000952DB 31162 0001:000952ED 31163 0001:000952FA 31166 0001:0009530F
 31167 0001:00095315 31169 0001:0009531E 31170 0001:0009532D 31171 0001:00095335
 31174 0001:00095340 31176 0001:00095365 31179 0001:00095372 31180 0001:0009538A
 31186 0001:00095398 31189 0001:000953B9 31192 0001:000953D5 31193 0001:000953E1
 31194 0001:000953E7 31196 0001:000953F3 31198 0001:000953FD 31201 0001:0009540E
 31202 0001:0009543B 31247 0001:00095444 31248 0001:0009544D 31250 0001:00095475
 31251 0001:0009547E 31252 0001:00095497 31254 0001:000954AB 31262 0001:000954B4
 31263 0001:000954BD 31265 0001:000954D1 31266 0001:000954E4 31268 0001:000954F4
 31280 0001:000954F8 31281 0001:00095501 31283 0001:0009551D 31284 0001:00095529
 31286 0001:00095532 31288 0001:00095545 31289 0001:0009555C 31291 0001:00095569
 31292 0001:0009557B 31293 0001:0009558B 31294 0001:00095596 31298 0001:000955AA
 31358 0001:000955B0 31359 0001:000955BA 31366 0001:000955BC 31367 0001:000955D3
 31483 0001:000955D4 31484 0001:000955DB 31485 0001:000955EE 31486 0001:000955FC
 31488 0001:00095616 31490 0001:00095626 31504 0001:0009562C 31505 0001:0009565C
 31507 0001:0009566F 31509 0001:0009567A 31510 0001:0009568E 31512 0001:000956B3
 31517 0001:000956F7 31518 0001:000956FB 31520 0001:00095704 31521 0001:0009570F
 31522 0001:0009571D 31523 0001:00095722 31525 0001:0009572B 31529 0001:0009573C
 31530 0001:0009573F 31531 0001:0009574A 31532 0001:00095767 31527 0001:0009577A
 31534 0001:000957A2 31535 0001:000957AF 31536 0001:000957BC 31538 0001:000957DD
 31542 0001:000957F0 31545 0001:00095817 31547 0001:00095881 31558 0001:00095888
 31559 0001:00095892 31561 0001:000958A7 31562 0001:000958AD 31563 0001:000958B9
 31569 0001:000958C0 31570 0001:000958CF 31571 0001:000958D8 31574 0001:000958E4
 31601 0001:000958EC 31602 0001:00095916 31606 0001:00095937 31608 0001:00095955
 31612 0001:00095996 31614 0001:0009599C 31615 0001:000959A2 31616 0001:000959AE
 31619 0001:000959B2 31621 0001:000959BD 31623 0001:000959CB 31625 0001:000959D7
 31627 0001:000959DB 31632 0001:000959DD 31633 0001:000959E6 31635 0001:000959F6
 31636 0001:00095A08 31638 0001:00095A16 31641 0001:00095A22 31642 0001:00095A30
 31644 0001:00095A45 31645 0001:00095A59 31650 0001:00095A63 31651 0001:00095A7D
 31653 0001:00095AA2 31656 0001:00095AA8 31658 0001:00095ABA 31659 0001:00095AD0
 31664 0001:00095AE3 31666 0001:00095AE8 31667 0001:00095AF1 31669 0001:00095AFB
 31671 0001:00095B04 31673 0001:00095B16 31674 0001:00095B2C 31675 0001:00095B3A
 31667 0001:00095B40 31680 0001:00095B4B 31681 0001:00095B54 31683 0001:00095B5E
 31685 0001:00095B67 31687 0001:00095B79 31688 0001:00095B8F 31689 0001:00095B9D
 31681 0001:00095BA3 31700 0001:00095BAE 31701 0001:00095BBC 31703 0001:00095BD1
 31705 0001:00095BE5 31707 0001:00095BEF 31708 0001:00095BFE 31710 0001:00095C0C
 31711 0001:00095C12 31714 0001:00095C25 31715 0001:00095C2E 31717 0001:00095C34
 31718 0001:00095C45 31715 0001:00095C4E 31722 0001:00095C54 31723 0001:00095C5F
 31724 0001:00095C6D 31727 0001:00095C7B 31728 0001:00095C86 31729 0001:00095C9C
 31730 0001:00095CB3 31725 0001:00095CC1 31733 0001:00095CF2 31736 0001:00095D12
 31739 0001:00095D22 31740 0001:00095D2D 31741 0001:00095D3B 31742 0001:00095D41
 31744 0001:00095D50 31746 0001:00095D6A 31751 0001:00095D7D 31752 0001:00095D85
 31754 0001:00095D97 31755 0001:00095DA2 31756 0001:00095DAF 31757 0001:00095DB7
 31758 0001:00095DBF 31760 0001:00095DC7 31762 0001:00095DFC 31818 0001:00095E84
 31819 0001:00095EBA 31821 0001:00095ECA 31822 0001:00095EDF 31823 0001:00095EED
 31825 0001:00095EFB 31826 0001:00095F06 31828 0001:00095F19 31831 0001:00095F1E
 31833 0001:00095F2E 31835 0001:00095F37 31840 0001:00095F46 31843 0001:00095F55
 31845 0001:00095F85 31847 0001:00095F91 31849 0001:00095F9C 31852 0001:00095FA7
 31853 0001:00095FC9 31857 0001:00095FD9 31858 0001:00095FE2 31862 0001:00095FE7
 31863 0001:00095FF2 31865 0001:00096000 31866 0001:00096013 31873 0001:00096043
 31876 0001:00096074 31878 0001:000960AD 31879 0001:000960BB 31880 0001:000960C9
 31881 0001:000960ED 31884 0001:000960FE 31886 0001:0009612C 31887 0001:00096131
 31888 0001:00096140 31891 0001:00096145 31892 0001:0009614A 31893 0001:00096165
 31894 0001:00096169 31897 0001:0009616F 31898 0001:00096175 31902 0001:00096187
 31903 0001:00096195 31905 0001:000961A5 31906 0001:000961BC 31907 0001:000961C2
 31911 0001:000961D0 31913 0001:000961D7 31915 0001:000961E4 31921 0001:0009621D
 31922 0001:00096234 31923 0001:0009623F 31924 0001:0009624E 31927 0001:00096292
 31928 0001:0009629E 31929 0001:000962AF 31930 0001:000962CA 31933 0001:000962CD
 31937 0001:000962E1 31938 0001:00096310 31940 0001:0009631D 31944 0001:0009632D
 31946 0001:0009633D 31951 0001:00096343 31954 0001:00096359 31955 0001:00096363
 31956 0001:00096375 31962 0001:00096389 31963 0001:000963A1 31968 0001:000963D5
 31971 0001:000963EC 31972 0001:000963F9 31974 0001:00096402 31977 0001:0009641F
 31980 0001:00096445 31983 0001:00096450 31987 0001:00096483 31988 0001:00096493
 31989 0001:00096499 31992 0001:000964A7 31997 0001:000964B8 31999 0001:000964BE
 32000 0001:000964D0 32001 0001:000964D6 32002 0001:000964DF 32003 0001:000964F5
 32007 0001:0009650D 32008 0001:00096517 32009 0001:00096523 32012 0001:00096532
 32015 0001:0009653D 32017 0001:00096571 32018 0001:00096579 32022 0001:000965B6
 32024 0001:000965BE 32027 0001:000965CF 32028 0001:000965D8 32032 0001:000965E3
 32035 0001:00096611 32038 0001:00096625 32043 0001:00096634 32045 0001:00096658
 32047 0001:0009666A 32048 0001:00096673 32050 0001:00096684 32052 0001:00096693
 32054 0001:00096698 32055 0001:000966B5 32057 0001:000966BE 32058 0001:000966EA
 32062 0001:000966F3 32063 0001:000966FD 32065 0001:00096703 32066 0001:00096722
 32067 0001:0009672B 32070 0001:00096759 32071 0001:00096763 32073 0001:00096769
 32074 0001:0009679C 32075 0001:000967A5 32078 0001:000967D0 32081 0001:000967DA
 32082 0001:000967DE 32084 0001:0009680B 32086 0001:00096815 32087 0001:00096827
 32089 0001:00096830 32090 0001:00096844 32091 0001:00096858 32092 0001:00096874
 32094 0001:00096887 32098 0001:0009689A 32100 0001:000968BA 32101 0001:000968DD
 32103 0001:000968F5 32105 0001:000968FE 32110 0001:00096950 32115 0001:000969A1
 32116 0001:000969C7 32117 0001:000969CD 32120 0001:000969D3 32124 0001:000969DD
 32127 0001:00096A16 32129 0001:00096A3A 32130 0001:00096A5D 32132 0001:00096A83
 32133 0001:00096A89 32138 0001:00096A8F 32141 0001:00096AA7 32143 0001:00096AAF
 32146 0001:00096AD9 32150 0001:00096B0F 32153 0001:00096B45 32155 0001:00096B79
 32156 0001:00096B82 32159 0001:00096BA7 32160 0001:00096BB0 32161 0001:00096BC5
 32162 0001:00096BCE 32166 0001:00096BE3 32168 0001:00096C17 32170 0001:00096C28
 32175 0001:00096C4D 32176 0001:00096C57 32179 0001:00096C59 32181 0001:00096C6B
 32183 0001:00096C7E 32188 0001:00096C93 32191 0001:00096CA6 32194 0001:00096CB6
 32195 0001:00096CD1 32196 0001:00096CE1 31994 0001:00096CF1 32204 0001:00096D0F
 32207 0001:00096D2D 32209 0001:00096D56 32215 0001:00096D74 32217 0001:00096D7A
 32222 0001:00096DB3 32223 0001:00096DB9 32228 0001:00096DFA 32229 0001:00096E07
 32233 0001:00096E0F 32234 0001:00096E15 32237 0001:00096E2E 31918 0001:00096E44
 32242 0001:00096E51 32245 0001:00096E5D 32246 0001:00096E63 32247 0001:00096E6F
 32248 0001:00096E8A 32250 0001:00096EA4 32253 0001:00096EAA 32254 0001:00096EB4
 32255 0001:00096EBE 32256 0001:00096ECC 32260 0001:00096EDA 32262 0001:00096EF6
 32264 0001:00096EFC 32265 0001:00096F0B 32266 0001:00096F1A 32268 0001:00096F45
 32273 0001:00096F70 32274 0001:00096F80 32276 0001:00096F8A 32279 0001:00096F96
 32281 0001:00096F9C 32283 0001:00096FA8 32285 0001:00096FAE 32286 0001:00096FC3
 32287 0001:00096FDC 32289 0001:00096FE7 32291 0001:00096FF6 32295 0001:00096FFE
 32296 0001:00097013 32300 0001:0009702C 32302 0001:00097033 32306 0001:0009705B
 32307 0001:0009706D 32310 0001:00097080 32312 0001:0009708C 32313 0001:00097095
 32314 0001:0009709E 32316 0001:000970A4 32321 0001:000970DE 32322 0001:00097104
 32325 0001:0009710A 32326 0001:0009711A 32328 0001:00097137 32329 0001:00097155
 32331 0001:00097166 32303 0001:00097175 32335 0001:0009718A 32337 0001:00097198
 32338 0001:000971A4 32340 0001:000971B0 32343 0001:000971DD 32344 0001:000971E3
 32345 0001:00097201 32348 0001:00097212 32353 0001:00097223 32354 0001:00097232
 32355 0001:00097250 32359 0001:0009725E 32361 0001:0009726D 32363 0001:00097273
 32366 0001:00097286 32367 0001:000972AA 32368 0001:000972BD 32371 0001:000972DB
 32372 0001:000972E1 32376 0001:0009732D 32377 0001:00097338 32378 0001:0009733E
 32380 0001:00097352 32383 0001:00097362 32386 0001:0009738A 32387 0001:0009739E
 32388 0001:000973AE 32389 0001:000973C0 32390 0001:000973CA 32391 0001:000973DF
 32392 0001:000973EE 32396 0001:000973FE 32400 0001:0009743C 32402 0001:00097457
 32405 0001:00097497 32419 0001:000974B4 32420 0001:000974D0 32421 0001:000974D2
 32423 0001:000974E2 32424 0001:000974F4 32427 0001:0009751B 32428 0001:0009752A
 32430 0001:0009755A 32431 0001:0009755E 32432 0001:00097562 32434 0001:0009756B
 32438 0001:000975AE 32455 0001:000975C8 32456 0001:000975DD 32459 0001:000975EF
 32460 0001:000975FB 32461 0001:00097606 32462 0001:0009760F 32466 0001:00097653
 32469 0001:0009765D 32471 0001:00097664 32472 0001:00097669 32475 0001:00097670
 32476 0001:00097675 32478 0001:0009767C 32479 0001:00097681 32482 0001:00097688
 32485 0001:0009768D 32486 0001:0009769C 32488 0001:000976AA 32489 0001:000976B4
 32490 0001:000976C2 32493 0001:000976D0 32494 0001:000976ED 32496 0001:0009771F
 32497 0001:00097726 32498 0001:0009772F 32499 0001:00097733 32502 0001:00097751
 32503 0001:00097767 32504 0001:00097774 32506 0001:0009778D 32507 0001:000977A1
 32509 0001:000977C3 32512 0001:000977D3 32680 0001:000977E0 32681 0001:00097807
 32682 0001:0009780B 32683 0001:00097811 32686 0001:0009781D 32688 0001:00097828
 32689 0001:00097839 32690 0001:0009783F 32691 0001:0009784A 32692 0001:00097858
 32695 0001:00097866 32698 0001:00097874 32700 0001:00097894 32704 0001:0009789D
 32705 0001:000978A5 32707 0001:000978BF 32709 0001:000978D2 32712 0001:000978EB
 32713 0001:000978F1 32714 0001:000978FC 32717 0001:0009792F 32733 0001:000979B4
 32734 0001:000979CB 32741 0001:000979CC 32742 0001:000979E0 32743 0001:000979EA
 32744 0001:00097A05 32751 0001:00097A10 32752 0001:00097A14 32753 0001:00097A1E
 32754 0001:00097A35 32761 0001:00097A3C 32762 0001:00097A46 32763 0001:00097A50
 32765 0001:00097A66 32766 0001:00097A72

Line numbers for Main(Main.pas) segment .text

    96 0001:000A6F18    97 0001:000A6F1D   103 0001:000A6F20   104 0001:000A6F21
   105 0001:000A6F31   107 0001:000A6F3D   108 0001:000A6F47   110 0001:000A6F53
   111 0001:000A6F5D   112 0001:000A6F64   118 0001:000A6F68   119 0001:000A6F69
   120 0001:000A6F79   122 0001:000A6F85   123 0001:000A6F8F   125 0001:000A6F9B
   126 0001:000A6FA5   127 0001:000A6FAC   141 0001:000A6FB0   142 0001:000A6FD3
   144 0001:000A6FEE   146 0001:000A6FFD   147 0001:000A7012   148 0001:000A7025
   149 0001:000A7033   151 0001:000A704B   153 0001:000A7061   154 0001:000A706F
   157 0001:000A708A   160 0001:000A70A0   162 0001:000A70AE   164 0001:000A70CB
   167 0001:000A70D6   168 0001:000A70F6   165 0001:000A7109   171 0001:000A7120
   176 0001:000A713B   177 0001:000A7145   178 0001:000A717D   188 0001:000A71F4
   189 0001:000A7202   191 0001:000A7208   192 0001:000A7214   195 0001:000A7222
   196 0001:000A7229   205 0001:000A7234   208 0001:000A723B   209 0001:000A7251
   210 0001:000A7261   211 0001:000A7277   213 0001:000A7287   214 0001:000A7297
   215 0001:000A72A7   216 0001:000A72B7   219 0001:000A72C7   220 0001:000A72E6
   221 0001:000A72F4   223 0001:000A7315   225 0001:000A7325   244 0001:000A7340
   245 0001:000A7366   250 0001:000A736E   252 0001:000A7374   254 0001:000A7379
   256 0001:000A7380   258 0001:000A7387   262 0001:000A738E   265 0001:000A73A3
   267 0001:000A73BC   268 0001:000A73C8   270 0001:000A73D2   271 0001:000A73DD
   272 0001:000A73E9   273 0001:000A73EF   275 0001:000A73FB   276 0001:000A7401
   279 0001:000A7414   281 0001:000A741C   280 0001:000A7420   282 0001:000A743A
   285 0001:000A7442   286 0001:000A7454   287 0001:000A7462   290 0001:000A747A
   291 0001:000A7483   293 0001:000A7487   294 0001:000A7490   295 0001:000A7494
   296 0001:000A749D   297 0001:000A74A1   277 0001:000A74A7   300 0001:000A74C1
   301 0001:000A74CA   305 0001:000A74DD   309 0001:000A7503   324 0001:000A750C
   325 0001:000A7520   327 0001:000A7528   328 0001:000A7533   329 0001:000A7541
   330 0001:000A754D   331 0001:000A7553   333 0001:000A755F   336 0001:000A756B
   338 0001:000A7572   337 0001:000A7575   339 0001:000A758B   342 0001:000A7592
   343 0001:000A75A4   344 0001:000A75B2   347 0001:000A75C9   348 0001:000A75D1
   349 0001:000A75D4   350 0001:000A75DC   351 0001:000A75DF   334 0001:000A75E4
   354 0001:000A75FE   357 0001:000A7611   366 0001:000A761C   368 0001:000A7641
   371 0001:000A764A   373 0001:000A7655   374 0001:000A766E   376 0001:000A7698
   379 0001:000A76BD   380 0001:000A76EB   393 0001:000A7724   396 0001:000A7727
   399 0001:000A7735   400 0001:000A7743   402 0001:000A7751   407 0001:000A775F
   408 0001:000A777B   410 0001:000A7789   411 0001:000A7797   413 0001:000A77A5
   415 0001:000A77B1   425 0001:000A77C4   426 0001:000A780C   428 0001:000A781A
   429 0001:000A782F   430 0001:000A7842   431 0001:000A784D   433 0001:000A7865
   435 0001:000A787B   436 0001:000A7881   438 0001:000A7899   440 0001:000A78AF
   441 0001:000A78BC   442 0001:000A78C8   443 0001:000A78D5   444 0001:000A78E1
   445 0001:000A78EE   446 0001:000A78FA   447 0001:000A7907   449 0001:000A791B
   450 0001:000A793C   453 0001:000A7950   455 0001:000A795E   457 0001:000A7962
   459 0001:000A7966   461 0001:000A796A   464 0001:000A796C   469 0001:000A7976
   472 0001:000A7985   473 0001:000A798C   474 0001:000A799C   476 0001:000A79A4
   477 0001:000A79BE   476 0001:000A79E1   480 0001:000A79E9   481 0001:000A7A03
   480 0001:000A7A26   486 0001:000A7A2E   487 0001:000A7A6A   494 0001:000A7A85
   501 0001:000A7AC3   503 0001:000A7AD5   509 0001:000A7ADE   510 0001:000A7AEA
   512 0001:000A7AF5   514 0001:000A7AFE   518 0001:000A7B23   519 0001:000A7B9F
   526 0001:000A7CD0   527 0001:000A7CDE   537 0001:000A7CE0   538 0001:000A7D00
   540 0001:000A7D0C   541 0001:000A7D1A   542 0001:000A7D5E   556 0001:000A7D80
   557 0001:000A7DA0   558 0001:000A7DAC   559 0001:000A7DD4   565 0001:000A7DDC
   566 0001:000A7DE0   568 0001:000A7DE6   569 0001:000A7DF6   571 0001:000A7E01
   572 0001:000A7E0F   575 0001:000A7E1D   583 0001:000A7E20   584 0001:000A7E23
   585 0001:000A7E2C   592 0001:000A7E30   593 0001:000A7E40   594 0001:000A7E46
   604 0001:000A7E50   605 0001:000A7E62   607 0001:000A7E6A   608 0001:000A7E73
   610 0001:000A7E79   621 0001:000A7E84   623 0001:000A7EB9   624 0001:000A7EBD
   626 0001:000A7ED2   630 0001:000A7EE1   636 0001:000A7EFA   640 0001:000A7F04
   641 0001:000A7F16   642 0001:000A7F2F   646 0001:000A7F38   649 0001:000A7F42
   651 0001:000A7F5B   653 0001:000A7F65   654 0001:000A7F81   656 0001:000A7F9A
   660 0001:000A7FA0   661 0001:000A7FAA   665 0001:000A7FC5   668 0001:000A7FE9
   624 0001:000A7FEA   669 0001:000A8024   673 0001:000A811C   673 0001:000A8123

Line numbers for OLE(D:\Codes\Delphi\VirtualTreeviewV5.3.0\Demos\OLE\OLE.dpr) segment .text

     9 0001:000A836C    10 0001:000A837C    11 0001:000A8388    12 0001:000A8399
    13 0001:000A83B1    14 0001:000A83BD

Bound resource files

c:\program files (x86)\borland\delphi7\Lib\Controls.res
..\..\Source\VirtualTrees.res
c:\program files (x86)\borland\delphi7\Lib\Buttons.res
c:\program files (x86)\borland\delphi7\Lib\ExtDlgs.res
Res\Extra.res
Main.DFM
OLE.RES
OLE.drf


Program entry point at 0001:000A836C
