
 Start         Length     Name                   Class
 0001:00000000 00099264H .text                   CODE
 0002:00000000 000015DCH .data                   DATA
 0002:000015DC 00000C05H .bss                    BSS


Detailed map of segments

 0001:00000000 0000575B C=CODE     S=.text    G=(none)   M=System   ACBP=A9
 0001:0000575C 00000158 C=CODE     S=.text    G=(none)   M=SysInit  ACBP=A9
 0001:000058B4 0000019C C=CODE     S=.text    G=(none)   M=Types    ACBP=A9
 0001:00005A50 00000DD0 C=CODE     S=.text    G=(none)   M=Windows  ACBP=A9
 0001:00006820 00000038 C=CODE     S=.text    G=(none)   M=Messages ACBP=A9
 0001:00006858 00000320 C=CODE     S=.text    G=(none)   M=SysConst ACBP=A9
 0001:00006B78 000068FC C=CODE     S=.text    G=(none)   M=SysUtils ACBP=A9
 0001:0000D474 00000807 C=CODE     S=.text    G=(none)   M=VarUtils ACBP=A9
 0001:0000DC7C 000066C6 C=CODE     S=.text    G=(none)   M=Variants ACBP=A9
 0001:00014344 00000138 C=CODE     S=.text    G=(none)   M=RTLConsts ACBP=A9
 0001:0001447C 00000E04 C=CODE     S=.text    G=(none)   M=TypInfo  ACBP=A9
 0001:00015280 00000208 C=CODE     S=.text    G=(none)   M=ActiveX  ACBP=A9
 0001:00015488 0000D396 C=CODE     S=.text    G=(none)   M=Classes  ACBP=A9
 0001:00022820 00000288 C=CODE     S=.text    G=(none)   M=Consts   ACBP=A9
 0001:00022AA8 00009397 C=CODE     S=.text    G=(none)   M=Graphics ACBP=A9
 0001:0002BE40 0000013C C=CODE     S=.text    G=(none)   M=Math     ACBP=A9
 0001:0002BF7C 000002D4 C=CODE     S=.text    G=(none)   M=Contnrs  ACBP=A9
 0001:0002C250 00000104 C=CODE     S=.text    G=(none)   M=CommCtrl ACBP=A9
 0001:0002C354 00000793 C=CODE     S=.text    G=(none)   M=MultiMon ACBP=A9
 0001:0002CAE8 00000038 C=CODE     S=.text    G=(none)   M=Imm      ACBP=A9
 0001:0002CB20 00000FF8 C=CODE     S=.text    G=(none)   M=HelpIntfs ACBP=A9
 0001:0002DB18 00000038 C=CODE     S=.text    G=(none)   M=WinSpool ACBP=A9
 0001:0002DB50 00000044 C=CODE     S=.text    G=(none)   M=Printers ACBP=A9
 0001:0002DB94 0000031F C=CODE     S=.text    G=(none)   M=FlatSB   ACBP=A9
 0001:0002DEB4 000001A4 C=CODE     S=.text    G=(none)   M=SyncObjs ACBP=A9
 0001:0002E058 000009BB C=CODE     S=.text    G=(none)   M=UxTheme  ACBP=A9
 0001:0002EA14 00000BCC C=CODE     S=.text    G=(none)   M=Themes   ACBP=A9
 0001:0002F5E0 00003238 C=CODE     S=.text    G=(none)   M=StdCtrls ACBP=A9
 0001:00032818 00000038 C=CODE     S=.text    G=(none)   M=ShellAPI ACBP=A9
 0001:00032850 00000038 C=CODE     S=.text    G=(none)   M=RegStr   ACBP=A9
 0001:00032888 00000038 C=CODE     S=.text    G=(none)   M=WinInet  ACBP=A9
 0001:000328C0 00000038 C=CODE     S=.text    G=(none)   M=UrlMon   ACBP=A9
 0001:000328F8 00000038 C=CODE     S=.text    G=(none)   M=ShlObj   ACBP=A9
 0001:00032930 00000038 C=CODE     S=.text    G=(none)   M=CommDlg  ACBP=A9
 0001:00032968 00000652 C=CODE     S=.text    G=(none)   M=ExtCtrls ACBP=A9
 0001:00032FBC 00000038 C=CODE     S=.text    G=(none)   M=Dlgs     ACBP=A9
 0001:00032FF4 0000066D C=CODE     S=.text    G=(none)   M=Dialogs  ACBP=A9
 0001:00033664 00000094 C=CODE     S=.text    G=(none)   M=Clipbrd  ACBP=A9
 0001:000336F8 0000012C C=CODE     S=.text    G=(none)   M=StrUtils ACBP=A9
 0001:00033824 00000168 C=CODE     S=.text    G=(none)   M=StdActns ACBP=A9
 0001:0003398C 00000D1F C=CODE     S=.text    G=(none)   M=WinHelpViewer ACBP=A9
 0001:000346AC 00010F67 C=CODE     S=.text    G=(none)   M=Controls ACBP=A9
 0001:00045614 00001292 C=CODE     S=.text    G=(none)   M=ActnList ACBP=A9
 0001:000468A8 0000199C C=CODE     S=.text    G=(none)   M=ImgList  ACBP=A9
 0001:00048244 000066AD C=CODE     S=.text    G=(none)   M=Menus    ACBP=A9
 0001:0004E8F4 0000C654 C=CODE     S=.text    G=(none)   M=Forms    ACBP=A9
 0001:0005AF48 00000058 C=CODE     S=.text    G=(none)   M=ComConst ACBP=A9
 0001:0005AFA0 00000E85 C=CODE     S=.text    G=(none)   M=ComObj   ACBP=A9
 0001:0005BE28 00000038 C=CODE     S=.text    G=(none)   M=StdVCL   ACBP=A9
 0001:0005BE60 000008D7 C=CODE     S=.text    G=(none)   M=AxCtrls  ACBP=A9
 0001:0005C738 00000040 C=CODE     S=.text    G=(none)   M=MMSystem ACBP=A9
 0001:0005C778 00000298 C=CODE     S=.text    G=(none)   M=VTAccessibilityFactory ACBP=A9
 0001:0005CA10 000000AF C=CODE     S=.text    G=(none)   M=GraphUtil ACBP=A9
 0001:0005CAC0 0003BEB3 C=CODE     S=.text    G=(none)   M=VirtualTrees ACBP=A9
 0001:00098974 000006B8 C=CODE     S=.text    G=(none)   M=Main     ACBP=A9
 0001:0009902C 00000235 C=CODE     S=.text    G=(none)   M=Minimal  ACBP=A9
 0002:00000000 0000009C C=DATA     S=.data    G=DGROUP   M=System   ACBP=A9
 0002:0000009C 00000020 C=DATA     S=.data    G=DGROUP   M=SysInit  ACBP=A9
 0002:000000BC 00000254 C=DATA     S=.data    G=DGROUP   M=SysUtils ACBP=A9
 0002:00000310 00000008 C=DATA     S=.data    G=DGROUP   M=VarUtils ACBP=A9
 0002:00000318 00000136 C=DATA     S=.data    G=DGROUP   M=Variants ACBP=A9
 0002:00000450 0000000C C=DATA     S=.data    G=DGROUP   M=TypInfo  ACBP=A9
 0002:0000045C 00000010 C=DATA     S=.data    G=DGROUP   M=ActiveX  ACBP=A9
 0002:0000046C 00000064 C=DATA     S=.data    G=DGROUP   M=Classes  ACBP=A9
 0002:000004D0 0000030C C=DATA     S=.data    G=DGROUP   M=Graphics ACBP=A9
 0002:000007DC 00000004 C=DATA     S=.data    G=DGROUP   M=Printers ACBP=A9
 0002:000007E0 00000068 C=DATA     S=.data    G=DGROUP   M=Themes   ACBP=A9
 0002:00000848 0000004C C=DATA     S=.data    G=DGROUP   M=StdCtrls ACBP=A9
 0002:00000894 00000178 C=DATA     S=.data    G=DGROUP   M=ExtCtrls ACBP=A9
 0002:00000A0C 00000074 C=DATA     S=.data    G=DGROUP   M=Dialogs  ACBP=A9
 0002:00000A80 0000013C C=DATA     S=.data    G=DGROUP   M=Controls ACBP=A9
 0002:00000BBC 00000020 C=DATA     S=.data    G=DGROUP   M=ImgList  ACBP=A9
 0002:00000BDC 000000EC C=DATA     S=.data    G=DGROUP   M=Menus    ACBP=A9
 0002:00000CC8 0000011C C=DATA     S=.data    G=DGROUP   M=Forms    ACBP=A9
 0002:00000DE4 00000030 C=DATA     S=.data    G=DGROUP   M=ComObj   ACBP=A9
 0002:00000E14 00000005 C=DATA     S=.data    G=DGROUP   M=VTAccessibilityFactory ACBP=A9
 0002:00000E1C 0000037C C=DATA     S=.data    G=DGROUP   M=VirtualTrees ACBP=A9
 0002:00002000 00000664 C=BSS      S=.bss     G=DGROUP   M=System   ACBP=A9
 0002:00002664 00000010 C=BSS      S=.bss     G=DGROUP   M=SysInit  ACBP=A9
 0002:00002674 00000004 C=BSS      S=.bss     G=DGROUP   M=Types    ACBP=A9
 0002:00002678 00000004 C=BSS      S=.bss     G=DGROUP   M=Windows  ACBP=A9
 0002:0000267C 00000004 C=BSS      S=.bss     G=DGROUP   M=Messages ACBP=A9
 0002:00002680 00000004 C=BSS      S=.bss     G=DGROUP   M=SysConst ACBP=A9
 0002:00002684 00000120 C=BSS      S=.bss     G=DGROUP   M=SysUtils ACBP=A9
 0002:000027A4 0000005C C=BSS      S=.bss     G=DGROUP   M=VarUtils ACBP=A9
 0002:00002800 00000040 C=BSS      S=.bss     G=DGROUP   M=Variants ACBP=A9
 0002:00002840 00000004 C=BSS      S=.bss     G=DGROUP   M=RTLConsts ACBP=A9
 0002:00002844 00000004 C=BSS      S=.bss     G=DGROUP   M=TypInfo  ACBP=A9
 0002:00002848 00000004 C=BSS      S=.bss     G=DGROUP   M=ActiveX  ACBP=A9
 0002:0000284C 00000044 C=BSS      S=.bss     G=DGROUP   M=Classes  ACBP=A9
 0002:00002890 00000004 C=BSS      S=.bss     G=DGROUP   M=Consts   ACBP=A9
 0002:00002894 00000060 C=BSS      S=.bss     G=DGROUP   M=Graphics ACBP=A9
 0002:000028F4 00000004 C=BSS      S=.bss     G=DGROUP   M=Math     ACBP=A9
 0002:000028F8 00000004 C=BSS      S=.bss     G=DGROUP   M=Contnrs  ACBP=A9
 0002:000028FC 00000004 C=BSS      S=.bss     G=DGROUP   M=CommCtrl ACBP=A9
 0002:00002900 00000031 C=BSS      S=.bss     G=DGROUP   M=MultiMon ACBP=A9
 0002:00002934 00000004 C=BSS      S=.bss     G=DGROUP   M=Imm      ACBP=A9
 0002:00002938 00000008 C=BSS      S=.bss     G=DGROUP   M=HelpIntfs ACBP=A9
 0002:00002940 00000004 C=BSS      S=.bss     G=DGROUP   M=WinSpool ACBP=A9
 0002:00002944 00000004 C=BSS      S=.bss     G=DGROUP   M=Printers ACBP=A9
 0002:00002948 00000034 C=BSS      S=.bss     G=DGROUP   M=FlatSB   ACBP=A9
 0002:0000297C 00000004 C=BSS      S=.bss     G=DGROUP   M=SyncObjs ACBP=A9
 0002:00002980 000000CC C=BSS      S=.bss     G=DGROUP   M=UxTheme  ACBP=A9
 0002:00002A4C 00000008 C=BSS      S=.bss     G=DGROUP   M=Themes   ACBP=A9
 0002:00002A54 00000004 C=BSS      S=.bss     G=DGROUP   M=StdCtrls ACBP=A9
 0002:00002A58 00000004 C=BSS      S=.bss     G=DGROUP   M=ShellAPI ACBP=A9
 0002:00002A5C 00000004 C=BSS      S=.bss     G=DGROUP   M=RegStr   ACBP=A9
 0002:00002A60 00000004 C=BSS      S=.bss     G=DGROUP   M=WinInet  ACBP=A9
 0002:00002A64 00000004 C=BSS      S=.bss     G=DGROUP   M=UrlMon   ACBP=A9
 0002:00002A68 00000004 C=BSS      S=.bss     G=DGROUP   M=ShlObj   ACBP=A9
 0002:00002A6C 00000004 C=BSS      S=.bss     G=DGROUP   M=CommDlg  ACBP=A9
 0002:00002A70 00000004 C=BSS      S=.bss     G=DGROUP   M=ExtCtrls ACBP=A9
 0002:00002A74 00000004 C=BSS      S=.bss     G=DGROUP   M=Dlgs     ACBP=A9
 0002:00002A78 0000000C C=BSS      S=.bss     G=DGROUP   M=Dialogs  ACBP=A9
 0002:00002A84 0000000C C=BSS      S=.bss     G=DGROUP   M=Clipbrd  ACBP=A9
 0002:00002A90 00000004 C=BSS      S=.bss     G=DGROUP   M=StrUtils ACBP=A9
 0002:00002A94 00000004 C=BSS      S=.bss     G=DGROUP   M=StdActns ACBP=A9
 0002:00002A98 00000014 C=BSS      S=.bss     G=DGROUP   M=WinHelpViewer ACBP=A9
 0002:00002AAC 00000080 C=BSS      S=.bss     G=DGROUP   M=Controls ACBP=A9
 0002:00002B2C 00000004 C=BSS      S=.bss     G=DGROUP   M=ActnList ACBP=A9
 0002:00002B30 0000000C C=BSS      S=.bss     G=DGROUP   M=ImgList  ACBP=A9
 0002:00002B3C 00000010 C=BSS      S=.bss     G=DGROUP   M=Menus    ACBP=A9
 0002:00002B4C 00000020 C=BSS      S=.bss     G=DGROUP   M=Forms    ACBP=A9
 0002:00002B6C 00000004 C=BSS      S=.bss     G=DGROUP   M=ComConst ACBP=A9
 0002:00002B70 00000011 C=BSS      S=.bss     G=DGROUP   M=ComObj   ACBP=A9
 0002:00002B84 00000004 C=BSS      S=.bss     G=DGROUP   M=StdVCL   ACBP=A9
 0002:00002B88 0000001C C=BSS      S=.bss     G=DGROUP   M=AxCtrls  ACBP=A9
 0002:00002BA4 00000004 C=BSS      S=.bss     G=DGROUP   M=MMSystem ACBP=A9
 0002:00002BA8 00000004 C=BSS      S=.bss     G=DGROUP   M=VTAccessibilityFactory ACBP=A9
 0002:00002BAC 00000004 C=BSS      S=.bss     G=DGROUP   M=GraphUtil ACBP=A9
 0002:00002BB0 0000004C C=BSS      S=.bss     G=DGROUP   M=VirtualTrees ACBP=A9
 0002:00002BFC 00000008 C=BSS      S=.bss     G=DGROUP   M=Main     ACBP=A9


  Address         Publics by Name

 0002:00002B88       .02
 0002:00002890       .1
 0002:00002A90       .1
 0002:00002968       .1
 0002:00002A74       .1
 0002:00002A6C       .1
 0002:00002A68       .1
 0002:00002680       .1
 0002:0000267C       .1
 0002:00002BAC       .1
 0002:00002A64       .1
 0002:00002840       .1
 0002:00002A60       .1
 0002:00002934       .1
 0002:00002A5C       .1
 0002:00002A3C       .1
 0002:00002920       .1
 0002:00002A58       .1
 0002:00002B84       .1
 0002:000028FC       .1
 0002:0000266C       .1
 0002:00002B6C       .1
 0002:00002674       .1
 0002:00002AA0       .1
 0002:00002A78       .11
 0002:00002898       .12
 0002:00002A70       .12
 0002:00002BA8       .2
 0002:00002A4C       .2
 0002:000028F4       .2
 0002:00002A88       .2
 0002:00002938       .2
 0002:00002C00       .2
 0002:000028F8       .21
 0002:00002848       .3
 0002:00002940       .3
 0002:00002944       .3
 0002:00002678       .3
 0002:00002B30       .3
 0002:00002794       .35
 0002:00002B54       .41
 0002:00002B70       .41
 0002:00002A54       .42
 0002:00002BC0       .43
 0002:00002858       .45
 0002:000025BC       .5
 0002:000027FC       .5
 0002:0000297C       .6
 0002:00002844       .6
 0002:00002BA4       .7
 0002:00002AB4       .72
 0002:00002A94       .73
 0002:00002B2C       .8
 0002:00002820       .81
 0002:00002B44       .9
 0001:00001D90       @AbstractError
 0001:00002994       @AfterConstruction
 0001:00002780       @AsClass
 0001:000033AC       @Assert
 0001:00001EF8       @AStrCmp
 0001:000029A4       @BeforeDestruction
 0001:00002500       @BoundErr
 0001:000027CC       @CallDynaInst
 0001:0000293C       @ClassCreate
 0001:0000298C       @ClassDestroy
 0001:00001E00       @Close
 0001:00001C5C       @Copy
 0001:000042A0       @CopyArray
 0001:00004184       @CopyRecord
 0001:0000440C       @DispCallByIDError
 0001:0000E85C       @DispInvokeError
 0001:000043A8       @Dispose
 0001:00002E20       @DoneExcept
 0001:000049A8       @DynArrayAddRef
 0001:00004980       @DynArrayAsg
 0001:00004944       @DynArrayClear
 0001:00004844       @DynArrayCopyRange
 0001:00004664       @DynArrayHigh
 0001:0000465C       @DynArrayLength
 0001:00004838       @DynArraySetLength
 0001:00002F08       @ExceptionHandler
 0001:00001D24       @EXP
 0001:00001F68       @FillChar
 0001:00004160       @Finalize
 0001:00004074       @FinalizeArray
 0001:00004028       @FinalizeRecord
 0001:000027E4       @FindDynaInst
 0001:000024F4       @FpuInit
 0001:00002430       @FpuMaskInit
 0001:00001D3C       @FRAC
 0001:00001AD0       @FreeMem
 0001:00001AA0       @GetMem
 0001:000057EC       @GetTls
 0001:00003394       @Halt
 0001:000032B4       @Halt0
 0001:00002AB8       @HandleAnyException
 0001:00002D6C       @HandleFinally
 0001:00002BE4       @HandleOnException
 0001:00005838       @InitExe
 0001:0000401C       @Initialize
 0001:00003F88       @InitializeArray
 0001:00003F58       @InitializeRecord
 0001:0000315C       @InitImports
 0001:00003134       @InitResStringImports
 0001:00003110       @InitResStrings
 0001:00003180       @InitWideStrings
 0001:00005118       @IntfAddRef
 0001:000050E8       @IntfCast
 0001:000050A4       @IntfClear
 0001:000050BC       @IntfCopy
 0001:0000275C       @IsClass
 0001:00002400       @isNECWindows
 0001:00003900       @LStrAddRef
 0001:00003474       @LStrArrayClr
 0001:000034A4       @LStrAsg
 0001:00003718       @LStrCat
 0001:0000375C       @LStrCat3
 0001:000037D0       @LStrCatN
 0001:00003450       @LStrClr
 0001:0000385C       @LStrCmp
 0001:00003970       @LStrCopy
 0001:000039B0       @LStrDelete
 0001:000036C0       @LStrFromArray
 0001:00003638       @LStrFromChar
 0001:00003648       @LStrFromPChar
 0001:00003540       @LStrFromPCharLen
 0001:00003678       @LStrFromPWChar
 0001:000035AC       @LStrFromPWCharLen
 0001:000036B4       @LStrFromString
 0001:000036D8       @LStrFromWStr
 0001:000039F8       @LStrInsert
 0001:000034E8       @LStrLAsg
 0001:00003710       @LStrLen
 0001:00003A54       @LStrPos
 0001:00003A9C       @LStrSetLength
 0001:00003910       @LStrToPChar
 0001:000036EC       @LStrToString
 0001:00004394       @New
 0001:00003514       @NewAnsiString
 0001:00003B08       @NewWideString
 0001:00002114       @Pow10
 0001:00001E74       @PStrCmp
 0001:00001E58       @PStrNCpy
 0001:00002DCC       @RaiseAgain
 0001:00002DA4       @RaiseExcept
 0001:00001AF0       @ReallocMem
 0001:00001D60       @ROUND
 0001:000033A0       @RunError
 0001:0000208C       @SetElem
 0001:000020B0       @SetEq
 0001:000020EC       @SetExpand
 0001:000020C4       @SetIntersect
 0001:000020DC       @SetSub
 0001:000020D0       @SetUnion
 0001:000030D0       @StartExe
 0001:00000314       @strlen
 0001:00001D6C       @TRUNC
 0001:00002E50       @TryFinallyExit
 0001:00003968       @UniqueStringA
 0001:00004438       @ValInt64
 0001:00001F88       @ValLong
 0001:00013908       @VarAddRef
 0001:0000F150       @VarCast
 0001:0000EB48       @VarClear
 0001:0000405C       @VarClr
 0001:0000EB5C       @VarClr
 0001:00014210       @VarCmpEQ
 0001:0000416C       @VarCopy
 0001:0000EE84       @VarCopy
 0001:00012EA8       @VarFromBool
 0001:00012D34       @VarFromByte
 0001:00012EF8       @VarFromCurr
 0001:00012E50       @VarFromCurrency
 0001:00012E7C       @VarFromDate
 0001:00012F9C       @VarFromDisp
 0001:00012E24       @VarFromDouble
 0001:00012CD8       @VarFromInt
 0001:00012DD4       @VarFromInt64
 0001:00012D14       @VarFromInteger
 0001:00012F70       @VarFromIntf
 0001:00012D74       @VarFromLongWord
 0001:00012F0C       @VarFromLStr
 0001:00012ED0       @VarFromReal
 0001:00012D94       @VarFromShortInt
 0001:00012E00       @VarFromSingle
 0001:00012DB4       @VarFromSmallInt
 0001:00012EE4       @VarFromTDateTime
 0001:00012D54       @VarFromWord
 0001:00012F38       @VarFromWStr
 0001:0000E8B0       @VarNull
 0001:0001091C       @VarToBool
 0001:000105D4       @VarToBoolean
 0001:0000FA14       @VarToByte
 0001:000117C0       @VarToCurrency
 0001:00011258       @VarToDate
 0001:00012C2C       @VarToDisp
 0001:00010AE8       @VarToDouble
 0001:0000FFD8       @VarToInt64
 0001:0000F514       @VarToInteger
 0001:00012B60       @VarToIntf
 0001:0000FC8C       @VarToLongWord
 0001:00011E74       @VarToLStr
 0001:00010E64       @VarToReal
 0001:0000F964       @VarToShortInt
 0001:00010E80       @VarToSingle
 0001:0000FABC       @VarToSmallInt
 0001:0000FBB4       @VarToWord
 0001:00012594       @VarToWStr
 0001:00003F38       @WStrAddRef
 0001:00003B48       @WStrArrayClr
 0001:00003B6C       @WStrAsg
 0001:00003CC0       @WStrCat
 0001:00003D20       @WStrCat3
 0001:00003D88       @WStrCatN
 0001:00003B30       @WStrClr
 0001:00003DD0       @WStrCmp
 0001:00003E54       @WStrCopy
 0001:00003C94       @WStrFromLStr
 0001:00003B98       @WStrFromPCharLen
 0001:00003C58       @WStrFromPWChar
 0001:00003C24       @WStrFromPWCharLen
 0001:00003C48       @WStrFromWChar
 0001:00003B90       @WStrLAsg
 0001:00003CB4       @WStrLen
 0001:00003EA0       @WStrPos
 0001:00003EF0       @WStrSetLength
 0001:00003CA4       @WStrToPWChar
 0001:00002068       @_CLenToPasStr
 0001:0000205C       @_CToPasStr
 0001:00001C2C       @_IOTest
 0001:00004414       @_llmul
 0001:0000B394       Abort
 0001:00037508       AbsMin
 0001:0000B760       AbstractErrorHandler
 0002:0000202C       AbstractErrorProc
 0002:00000E18       AccessibilityAvailable
 0002:00000140       AccessMode
 0001:00001B8C       AcquireExceptionObject
 0001:00017BE0       ActivateClassGroup
 0001:00006018       ActivateKeyboardLayout
 0002:00002AE8       ActiveDrag
 0001:00015480       ActiveX
 0001:0004687C       ActnList
 0001:00000474       AddBlockAfter
 0002:0000046C       AddDataModule
 0001:00007804       AddExitProc
 0001:0001BDD0       AddFinished
 0001:00049E78       AddIn
 0001:00004EFC       AddModuleUnloadProc
 0001:00004F0C       AddModuleUnloadProc
 0001:00068DAC       AddNodeImages
 0001:0001BE08       AddNotFinished
 0001:0001C82C       AddSubComponentsToLoaded
 0001:00068E98       AddSystemImage
 0001:00020DC4       AddThread
 0001:000698B0       AddThreadReference
 0001:000264C0       AdjustColor
 0001:0006D71C       AdjustColumnIndex
 0001:00050F3C       Adjustment
 0001:00006020       AdjustWindowRectEx
 0002:00000CB0       Alignments
 0002:00000850       Alignments
 0002:00000CA0       Alignments
 0002:00000E78       AlignmentToDrawFlag
 0001:00057F34       AlignWork
 0001:0003CBCC       AlignWork
 0001:000225FC       AllocateHWnd
 0001:000077A8       AllocMem
 0002:000025B4       AllocMemCount
 0002:000025B8       AllocMemSize
 0001:0002BC38       AllocPatternBitmap
 0001:0000577C       AllocTlsBuffer
 0001:00068824       AlphaBlend
 0001:000684E0       AlphaBlendLineConstant
 0001:000685C4       AlphaBlendLineMaster
 0001:00068648       AlphaBlendLineMasterAndColor
 0001:00068554       AlphaBlendLinePerPixel
 0001:00087680       AlphaBlendSelection
 0001:0001F5A8       AncestorIsValid
 0002:00000A8C       AnchorAlign
 0002:00000A80       AnimateWindowProc
 0002:00000B88       AnimationStyle
 0001:000079D8       AnsiCompareStr
 0001:00007A10       AnsiCompareText
 0001:000081BC       AnsiLastChar
 0001:00006028       AnsiLower
 0001:000079A4       AnsiLowerCase
 0001:0000C0BC       AnsiLowerCaseFileName
 0001:0000C080       AnsiPos
 0001:00007B20       AnsiQuotedStr
 0001:0004E700       AnsiSameCaption
 0001:00007A48       AnsiSameText
 0001:00007A60       AnsiStrLIComp
 0001:0000C148       AnsiStrPos
 0001:0000C208       AnsiStrRScan
 0001:0000C250       AnsiStrScan
 0001:00005518       AnsiToUtf8
 0001:00012AE8       AnyToIntf
 0001:00009678       AppendChars
 0001:00009A44       AppendFormat
 0001:000096DC       AppendNumber
 0001:000096BC       AppendString
 0002:00002B4C       Application
 0002:0000047C       ApplicationHandleException
 0002:00000484       ApplicationShowException
 0002:00000DDC       AppVisible
 0001:0000B744       AssertErrorHandler
 0002:00002024       AssertErrorProc
 0001:00014910       AssignLongStr
 0001:00014FBC       AssignVariant
 0002:0000260C       avail
 0001:0005C714       AxCtrls
 0001:00008300       BackfillGetDiskFreeSpaceEx
 0001:0003A0B0       BackgroundClipped
 0001:0000D704       BackupVarBoolFromStr
 0001:0000D864       BackupVarBStrFromBool
 0001:0000D784       BackupVarBStrFromCy
 0001:0000D7F4       BackupVarBStrFromDate
 0001:0000D698       BackupVarCyFromStr
 0001:0000D62C       BackupVarDateFromStr
 0001:0000D4E8       BackupVarI4FromStr
 0001:0000D494       BackupVariantChangeTypeEx
 0001:0000D554       BackupVarR4FromStr
 0001:0000D5C0       BackupVarR8FromStr
 0002:00000330       BaseTypeMap
 0001:0000BD40       Beep
 0001:00006030       BeginDeferWindowPos
 0001:00017FB4       BeginGlobalLoading
 0001:00006038       BeginPaint
 0001:00003404       BeginThread
 0001:000264CC       BetterSize
 0001:0004AD0C       BiDiDraw
 0001:00005D88       BitBlt
 0002:00000790       BitCounts
 0002:00000788       BitmapCanvasList
 0002:000028B0       BitmapImageLock
 0001:0000D4D0       BiUnimplemented
 0002:000004A4       BlockCode
 0002:000025E4       blockDescBlockList
 0002:000025E8       blockDescFreeList
 0002:00000450       BooleanIdents
 0002:0000032C       BooleanToStringRule
 0001:00008054       BoolToStr
 0001:00011BFC       BoolToWStrViaOS
 0002:00000848       BorderStyles
 0001:000059FC       Bounds
 0001:00016EF8       Bounds
 0002:00000C48       Breaks
 0002:000028E8       BrushManager
 0001:0004D4E0       BuildImage
 0002:00000A54       ButtonCaptions
 0002:00000A28       ButtonNames
 0002:00000CC4       Buttons
 0002:0000088C       ButtonStyles
 0001:00025C98       BytesPerScanline
 0001:00025FFC       ByteSwapColors
 0001:0000BE24       ByteToCharIndex
 0001:0000BDFC       ByteToCharLen
 0001:0000BDC0       ByteType
 0001:0000BD48       ByteTypeTest
 0002:00002B34       CachedComCtrlVer
 0001:00022500       CalcJmpOffset
 0001:00044904       CalcSplitterPos
 0001:000687EC       CalculateScanline
 0001:00006040       CallNextHookEx
 0001:0000C928       CallTerminateProcs
 0001:00006048       CallWindowProc
 0001:00038554       CancelDrag
 0002:000028EC       CanvasList
 0002:00002AFC       CanvasList
 0002:00000A14       Captions
 0002:00000B44       CaptureControl
 0002:00000BE8       cBooleanToItemAutoFlag
 0002:00000360       CBooleanToRelationship
 0001:0002BE40       Ceil
 0002:00002A86       CF_COMPONENT
 0002:00002BBA       CF_CSV
 0002:00002BB8       CF_HTML
 0002:00002A84       CF_PICTURE
 0002:00002BB0       CF_VIRTUALTREE
 0002:00002BB4       CF_VRTF
 0002:00002BB6       CF_VRTFNOOBJS
 0002:00002BB2       CF_VTREFERENCE
 0002:00002818       ChangeAnyProc
 0001:00036AB8       ChangeBiDiModeAlignment
 0001:000748AC       ChangeWidth
 0002:00000870       CharCases
 0001:00003570       CharFromWChar
 0001:0000C008       CharLength
 0001:00006050       CharLowerBuff
 0001:00006058       CharNext
 0001:00000284       CharNext
 0001:000244BC       CharsetToIdent
 0001:0000BF10       CharToByteIndex
 0001:0000BF74       CharToByteLen
 0001:00006060       CharToOemA
 0001:00026AB0       CheckBool
 0001:00002A34       CheckJmp
 0001:00006068       CheckMenuItem
 0002:00000C38       Checks
 0002:00000FF0       CheckStateToCheckImage
 0001:0001C868       CheckSubComponents
 0001:00020DDC       CheckSynchronize
 0001:00050958       CheckTaskWindow
 0001:00012FC8       CheckType
 0001:00038208       CheckUndock
 0001:0000BC34       CheckWin32Version
 0002:00000348       CInvalidCustomVariantType
 0002:00000BEC       cItemAutoFlagToBoolean
 0002:00000BE4       cItemAutoFlagToMenu
 0001:0002278C       Classes
 0001:000179A4       ClassNotFound
 0002:00002814       ClearAnyProc
 0001:00023D3C       ClearColor
 0001:0005BB08       ClearExcepInfo
 0001:00013DC4       ClearVariantTypeList
 0001:00006070       ClientToScreen
 0001:00041E58       ClientToWindow
 0002:00000E84       ClipboardDescriptions
 0002:00000780       ClipboardFormats
 0001:000336A0       Clipbrd
 0001:00069158       ClipCanvas
 0001:00005B48       CloseHandle
 0002:00002984       CloseThemeData
 0002:00000E2C       CLSID_DragDropHelper
 0002:00002040       CmdLine
 0002:0000203C       CmdShow
 0002:00000BE0       cMenuAutoFlagToItem
 0002:0000036C       CmpTypeMap
 0001:0000D4DC       CmpUnimplemented
 0002:00000DEC       CoAddRefServerProcess
 0001:000153C8       CoCreateInstance
 0002:00000DE4       CoCreateInstanceEx
 0001:00083C9C       CodePageFromLocale
 0002:00000DFC       CoInitFlags
 0001:000153B8       CoInitialize
 0002:00000DE8       CoInitializeEx
 0001:00018270       CollectionsEqual
 0002:00000500       Colors
 0001:000242B4       ColorToIdent
 0002:00000894       ColorToPretyName
 0001:000242A4       ColorToRGB
 0001:00005D90       CombineRgn
 0002:00002B78       ComClassManagerVar
 0001:0005AF98       ComConst
 0002:00002B48       CommandPool
 0001:0002C34C       CommCtrl
 0001:00032960       CommDlg
 0001:000007F4       Commit
 0002:00002628       committedRoot
 0001:0005BDD0       ComObj
 0001:0004945C       CompareFront
 0001:0000790C       CompareMem
 0001:000078DC       CompareStr
 0001:00005B50       CompareString
 0001:0000792C       CompareText
 0001:00007F7C       CompareWith
 0001:0001C948       ComponentCreated
 0001:00026870       ComputeAldusChecksum
 0001:00073A8C       ComputeConstraints
 0001:00022AA0       Consts
 0001:0002C248       Contnrs
 0002:00002ABA       ControlAtom
 0002:00002AC0       ControlAtomString
 0001:00055724       ControlHasHelp
 0001:00045584       Controls
 0001:0000B124       ConvertAddr
 0001:000097D0       ConvertEraString
 0001:00007784       ConvertErrorFmt
 0001:00068AD4       ConvertImageList
 0001:0006EBF4       ConvertOptions
 0001:00095764       ConvertSurrogate
 0001:0000993C       ConvertYearString
 0001:0000466C       CopyArray
 0001:00028ED0       CopyBitmap
 0001:00029598       CopyBitmapAsMask
 0001:00005D98       CopyEnhMetaFile
 0001:00006078       CopyImage
 0001:00029534       CopyPalette
 0002:000007E4       Copyright
 0002:00000E4C       Copyright
 0001:0004C58C       CopyToBest
 0002:00000DF0       CoReleaseServerProcess
 0002:00000DF4       CoResumeClassObjects
 0002:00000DF8       CoSuspendClassObjects
 0001:000153D0       CoTaskMemAlloc
 0001:000153C0       CoUninitialize
 0001:0000BE80       CountChars
 0002:000028C8       CounterLock
 0002:0000034C       CRangeToType
 0001:0000B688       CreateAssertException
 0001:0000B810       CreateAVObject
 0001:00005DA0       CreateBitmap
 0001:00005DA8       CreateBrushIndirect
 0001:00088970       CreateClipRegion
 0001:00005DB0       CreateCompatibleBitmap
 0001:00005DB8       CreateCompatibleDC
 0001:0001C9C8       CreateComponent
 0001:000153D8       CreateDataAdviseHolder
 0001:00005DC8       CreateDIBitmap
 0001:00005DC0       CreateDIBSection
 0001:00005B58       CreateEvent
 0001:00005B60       CreateFile
 0001:00005DD0       CreateFontIndirect
 0001:00005DD8       CreateHalftonePalette
 0001:00006080       CreateIcon
 0001:0000B5B4       CreateInOutError
 0001:00028B20       CreateMappedRes
 0001:00006088       CreateMenu
 0001:00005DE0       CreatePalette
 0001:00005DE8       CreatePatternBrush
 0001:00005DF0       CreatePenIndirect
 0001:00006090       CreatePopupMenu
 0001:00005DF8       CreateRectRgn
 0001:00005E00       CreateRectRgnIndirect
 0001:00005E08       CreateSolidBrush
 0001:00015420       CreateStreamOnHGlobal
 0001:00068FD0       CreateSystemImageSet
 0001:00026054       CreateSystemPalette
 0001:0000028C       CreateThread
 0001:00005B68       CreateThread
 0001:00006698       CreateWindow
 0001:00006640       CreateWindowEx
 0002:00000A84       CreationControl
 0002:00000A0C       CreationControl
 0002:0000043C       CRelationshipToBoolean
 0002:00000310       CResult
 0002:00000138       cSimpleBoolStrs
 0002:000003E8       CText
 0002:00001140       Ctl3DStyles
 0002:00000B80       Ctl3DStyles
 0002:00002620       curAlloc
 0001:0001325C       CurrCompare
 0002:0000268C       CurrencyDecimals
 0002:00002688       CurrencyFormat
 0002:00002684       CurrencyString
 0001:00009664       CurrentYear
 0001:000091F0       CurrToStr
 0001:00011B8C       CurrToWStrViaOS
 0002:00000D60       CursorMap
 0002:00000A94       Cursors
 0001:00036DD8       CursorToIdent
 0002:00000D50       cUseAlpha
 0002:00000D58       cUseColorKey
 0001:00007CD0       CvtInt
 0001:00007D3C       CvtInt64
 0002:00000178       CWNear
 0002:00002BD4       DarkCheckImages
 0002:00002BDC       DarkTickImages
 0001:00013234       DateCompare
 0002:0000268D       DateSeparator
 0001:0000A278       DateTimeToStr
 0001:0000A21C       DateTimeToString
 0001:000092B0       DateTimeToTimeStamp
 0001:00011BC4       DateToWStrViaOS
 0001:0000963C       DayOfWeek
 0002:00000174       DCon10
 0002:000004FC       DDBsOnly
 0001:000226B0       DeallocateHWnd
 0002:00000028       DebugHook
 0002:0000268B       DecimalSeparator
 0001:0000961C       DecodeDate
 0001:000094CC       DecodeDateFully
 0001:00009364       DecodeTime
 0001:000008B4       Decommit
 0001:00000FE0       DecommitFree
 0002:000025FC       decommittedRoot
 0001:000533A4       Default
 0001:00058B70       Default
 0002:00000020       Default8087CW
 0002:00000A88       DefaultDockTreeClass
 0002:000025C0       DefaultUserCodePage
 0002:00000750       DefBrushData
 0001:000060B0       DeferWindowPos
 0002:000004D0       DefFontData
 0001:00006098       DefFrameProc
 0002:00000204       DefLongDayNames
 0002:000001B8       DefLongMonthNames
 0001:000060A0       DefMDIChildProc
 0002:00000730       DefPenData
 0002:000001E8       DefShortDayNames
 0002:00000188       DefShortMonthNames
 0001:000060A8       DefWindowProc
 0001:000049E4       DelayLoadResourceModule
 0001:000004D0       DeleteBlock
 0001:00005B70       DeleteCriticalSection
 0001:000003E0       DeleteCriticalSection
 0001:00005E10       DeleteDC
 0001:00005E18       DeleteEnhMetaFile
 0001:00000DC8       DeleteFree
 0001:000060B8       DeleteMenu
 0001:00005E20       DeleteObject
 0001:000287E4       DeselectBitmap
 0001:000060C0       DestroyCursor
 0001:000060C8       DestroyIcon
 0001:000060D0       DestroyMenu
 0001:000060D8       DestroyWindow
 0001:00034360       DialogEnumerationTester
 0001:00033624       Dialogs
 0002:0000078C       DIBPalSizes
 0002:0000008C       dig
 0001:00050794       DisableTaskWindows
 0001:0005B504       DispatchInvoke
 0001:0005BAFC       DispatchInvokeError
 0001:000060E0       DispatchMessage
 0001:00056A04       DispatchShortCut
 0001:0005BB18       DispCall
 0001:0005BBFC       DispCallByID
 0002:00002000       DispCallByIDProc
 0001:0005BA28       DispCallError
 0001:00007768       DivMod
 0001:00032FEC       Dlgs
 0001:0003CA5C       DoAlign
 0001:00057DE8       DoAlign
 0001:00074038       DoAutoFitColumn
 0001:00040B18       DoCalcConstraints
 0002:00002AF0       DockSiteList
 0001:0004D1AC       DoClick
 0001:0003E1A8       DoControlMsg
 0001:00050744       DoDisableWindow
 0001:00015400       DoDragDrop
 0001:00037B28       DoDragOver
 0001:000077C8       DoExitProc
 0001:00042BB4       DoFindControlZone
 0001:00050898       DoFindWindow
 0001:00043140       DoFindZone
 0001:00042C38       DoForEach
 0001:00044568       DoGetNextLimit
 0001:0005070C       DoneApplication
 0001:000452C8       DoneControls
 0001:0000BB44       DoneExceptions
 0001:00054D80       DoNestedActivation
 0001:00020D78       DoneThreadSynchronization
 0001:00059EA4       DoOnHelp
 0001:0003C61C       DoPosition
 0001:00057C38       DoPosition
 0001:00043B90       DoPrune
 0001:00044068       DoSaveZone
 0001:00079650       DoScrollDown
 0001:0007959C       DoScrollUp
 0001:0004426C       DoSetNewBounds
 0001:0006B78C       DoShadowBlend
 0001:000916C4       DoSort
 0002:00000458       DotSep
 0001:00019DB8       DoWrite
 0001:00026D08       DoWrite
 0001:00047A94       DoWrite
 0001:00027930       DoWrite
 0001:0003D790       DoWriteDesignSize
 0001:0003B1F0       DoWriteIsControl
 0002:00002AD4       DragCapture
 0002:00002AC8       DragControl
 0001:0003827C       DragDone
 0001:00037AD0       DragFindTarget
 0001:00037AA4       DragFindWindow
 0002:00002AEC       DragImageList
 0001:00037ED4       DragInit
 0001:00038044       DragInitControl
 0002:00002AD0       DragInternalObject
 0001:000379EC       DragMessage
 0002:00002ACC       DragObject
 0002:00002AF8       DragSave
 0002:00002AE0       DragSaveCursor
 0002:00002AD8       DragStartPos
 0002:00002AE4       DragThreshold
 0001:00037C04       DragTo
 0001:00058BAC       DrawAppIcon
 0001:00070974       DrawBackground
 0001:00087714       DrawBackground
 0001:000436FC       DrawCloseButton
 0001:00086D90       DrawDisabledImage
 0001:000060E8       DrawEdge
 0001:000060F0       DrawFocusRect
 0001:000060F8       DrawFrameControl
 0001:00043754       DrawGrabberLine
 0001:0006B7CC       DrawHintShadow
 0001:00006100       DrawIcon
 0001:00006108       DrawIconEx
 0001:00086DBC       DrawImage
 0002:00000BBC       DrawingStyles
 0001:00006110       DrawMenuBar
 0001:0004E51C       DrawMenuItem
 0001:00006118       DrawText
 0001:00006120       DrawTextW
 0002:00002988       DrawThemeBackground
 0001:00087790       DrawThemedFocusRect
 0002:000029AC       DrawThemeEdge
 0002:000029B0       DrawThemeIcon
 0002:00002A34       DrawThemeParentBackground
 0002:0000298C       DrawThemeText
 0001:00025B18       DupBits
 0001:000336F8       DupeString
 0001:00004684       DynArrayClear
 0001:0000468C       DynArraySetLength
 0002:00000CA8       EdgeStyle
 0002:00001130       EdgeStyles
 0002:00000B70       EdgeStyles
 0001:0000B588       EHeapException.FreeInstance
 0001:0006869C       EMMS
 0001:000130C0       EmptyCompare
 0002:00002800       EmptyParam
 0002:000000BC       EmptyStr
 0002:000000C0       EmptyWideStr
 0001:00006128       EnableMenuItem
 0002:00000C40       Enables
 0001:00006130       EnableScrollBar
 0001:00050848       EnableTaskWindows
 0002:00002A1C       EnableThemeDialogTexture
 0002:00002A38       EnableTheming
 0001:00006138       EnableWindow
 0001:00006140       EndDeferWindowPos
 0001:0001803C       EndGlobalLoading
 0001:00006148       EndPaint
 0001:00003448       EndThread
 0001:00005B78       EnterCriticalSection
 0001:000003D0       EnterCriticalSection
 0001:00005B80       EnumCalendarInfoA
 0002:0000291C       EnumDisplayMonitors
 0001:0000AD98       EnumEraNames
 0001:0000ADD4       EnumEraYearOffsets
 0001:00053968       EnumMonitorsProc
 0001:00006150       EnumThreadWindows
 0001:0001C17C       EnumValue
 0001:00006158       EnumWindows
 0001:0005B234       EOleException.Create
 0001:0005B164       EOleSysError.Create
 0001:00006160       EqualRect
 0002:00002754       EraNames
 0001:00079498       EraseLine
 0001:0000A4F0       EraToYear
 0002:00002770       EraYearOffsets
 0002:00000064       errCaption
 0001:00017548       Error
 0001:0001B934       Error
 0001:00001C20       Error
 0001:000491AC       Error
 0002:00000004       ErrorAddr
 0001:00001BD4       ErrorAt
 0001:0000B634       ErrorHandler
 0002:00000220       ErrorMap
 0002:00002008       ErrorProc
 0002:000023E8       ErrOutput
 0001:00001B60       ExceptAddr
 0002:0000200C       ExceptClsProc
 0001:0000BAB0       ExceptHandler
 0001:0000B3B4       Exception.Create
 0001:0000B3F0       Exception.CreateFmt
 0001:0000B540       Exception.CreateHelp
 0001:0000B470       Exception.CreateRes
 0001:0000B4AC       Exception.CreateResFmt
 0002:0000201C       ExceptionClass
 0001:0000B130       ExceptionErrorMessage
 0002:00000258       ExceptMap
 0001:00001B40       ExceptObject
 0002:00002010       ExceptObjProc
 0002:00002004       ExceptProc
 0001:00005E28       ExcludeClipRect
 0002:00000000       ExitCode
 0001:000031F8       ExitDll
 0002:00002048       ExitProc
 0001:0000029C       ExitProcess
 0002:00002028       ExitProcessProc
 0002:00000134       ExitProcList
 0001:00000294       ExitThread
 0001:000082C4       ExpandFileName
 0001:00032F8C       ExtCtrls
 0001:0000827C       ExtractFileExt
 0001:00008244       ExtractFileName
 0001:00015444       Failed
 0002:00002790       FalseBoolStrs
 0002:00002A8C       FClipboard
 0002:00000168       FCon1E18
 0002:00000F28       FHintWindowDestroyed
 0001:000081B4       FileClose
 0001:0000811C       FileCreate
 0001:000080F8       FileCreate
 0002:00000784       FileFormats
 0002:00000008       FileMode
 0001:000080A0       FileOpen
 0001:00008124       FileRead
 0002:00000494       FilerSignature
 0001:0000817C       FileSeek
 0001:00008150       FileWrite
 0001:00000F00       FillAfterGap
 0001:00000EA0       FillBeforeGap
 0001:0007765C       FillBitmap
 0001:00067FF0       FillDragRectangles
 0001:00000FA0       FillerSizeAfterGap
 0001:00000F28       FillerSizeBeforeGap
 0001:00006168       FillRect
 0001:0000587C       Finalization
 0001:0000D274       Finalization
 0001:0002BC70       Finalization
 0001:000345D8       Finalization
 0001:00033954       Finalization
 0001:000337EC       Finalization
 0001:000226DC       Finalization
 0001:0005BD50       Finalization
 0001:00033664       Finalization
 0001:0002E020       Finalization
 0001:000335C8       Finalization
 0001:0005BE28       Finalization
 0001:00005634       Finalization
 0001:0005C6B4       Finalization
 0001:0005C740       Finalization
 0001:0005C9CC       Finalization
 0001:0005CA10       Finalization
 0001:00005A18       Finalization
 0001:0002DE74       Finalization
 0001:0004551C       Finalization
 0001:0000DC3C       Finalization
 0001:0004684C       Finalization
 0001:00022A70       Finalization
 0001:00032FBC       Finalization
 0001:00032F44       Finalization
 0001:0004820C       Finalization
 0001:00014220       Finalization
 0001:0002C31C       Finalization
 0001:00006B40       Finalization
 0001:00006820       Finalization
 0001:00032930       Finalization
 0001:000067E8       Finalization
 0001:000328F8       Finalization
 0001:000328C0       Finalization
 0001:00014444       Finalization
 0001:00032888       Finalization
 0001:00032850       Finalization
 0001:00032818       Finalization
 0001:000327E0       Finalization
 0001:0005AEA8       Finalization
 0001:0002F588       Finalization
 0001:000988B4       Finalization
 0001:00015450       Finalization
 0001:0002DB50       Finalization
 0001:00015228       Finalization
 0001:0002E9A4       Finalization
 0001:0005AF68       Finalization
 0001:0004E7FC       Finalization
 0001:0002CAA8       Finalization
 0001:0002CAE8       Finalization
 0001:00098FF4       Finalization
 0001:0002DB18       Finalization
 0001:0002BF44       Finalization
 0001:0009902C       Finalization
 0001:0002DAD0       Finalization
 0001:0002C218       Finalization
 0001:0000467C       FinalizeArray
 0001:00069748       FinalizeGlobalStructures
 0001:00002FF0       FinalizeUnits
 0001:0004CF6C       Find
 0001:0001ECC4       FindAncestor
 0001:00004A74       FindBS
 0001:00017A64       FindClass
 0001:000049DC       FindClassHInstance
 0001:000002AC       FindClose
 0001:00000E5C       FindCommitted
 0001:00036BB8       FindControl
 0001:0004336C       FindControlAtPos
 0001:00014120       FindCustomVariantType
 0001:00014068       FindCustomVariantType
 0001:000385A0       FindDragTarget
 0001:0001CB78       FindExistingComponent
 0001:000002B4       FindFirstFile
 0001:00017ECC       FindGlobalComponent
 0001:000509A4       FindGlobalComponent
 0002:00002864       FindGlobalComponentProcs
 0001:000049B4       FindHInstance
 0001:00017D74       FindIdentToInt
 0001:00017CF8       FindIntToIdent
 0002:00002A80       FindMsg
 0001:0001BCF4       FindNestedComponent
 0001:00049174       FindPopupControl
 0001:0000D8F8       FindProc
 0001:00005B88       FindResource
 0001:00004A2C       FindResourceHInstance
 0001:0005A6D8       FindScanline
 0001:000508FC       FindTopMostWindow
 0001:0001DA70       FindUniqueName
 0001:00013C00       FindVarData
 0001:0003856C       FindVCLWindow
 0001:00006170       FindWindow
 0001:000343B8       FindWinHelp
 0002:0000118C       FirstByteMark
 0001:00028E84       FixupBitFields
 0002:00000CB8       Flags
 0002:000027A0       FLanguages
 0002:00002BE0       FlatImages
 0001:0002DEA4       FlatSB
 0002:00002948       FlatSB_EnableScrollBar
 0002:00002954       FlatSB_GetScrollInfo
 0002:00002958       FlatSB_GetScrollPos
 0002:00002950       FlatSB_GetScrollRange
 0002:00002960       FlatSB_SetScrollInfo
 0002:0000295C       FlatSB_SetScrollPos
 0001:0002DB94       FlatSB_SetScrollProp
 0002:00002964       FlatSB_SetScrollRange
 0002:0000294C       FlatSB_ShowScrollBar
 0001:00008E80       FloatToDecimal
 0001:000091C0       FloatToStr
 0001:00008BAC       FloatToText
 0001:00001DF4       Flush
 0002:0000017C       FMSecsPerDay
 0001:00008AA0       FmtStr
 0002:00000CD4       FocusCount
 0002:00000CD0       FocusMessages
 0002:000006A0       FontCharsets
 0002:000028E0       FontManager
 0001:00050978       ForegroundTask
 0001:00008A8C       Format
 0002:00000184       Format
 0001:0000867C       FormatBuf
 0001:00008670       FormatClearStr
 0001:000085F4       FormatError
 0002:00000160       FormatErrorStrs
 0001:00005B90       FormatMessage
 0001:0000864C       FormatVarToStr
 0001:0005AF04       Forms
 0001:0000210C       FPower10
 0002:000007DC       FPrinter
 0001:00006178       FrameRect
 0001:0000CE54       FreeAndNil
 0001:00000B5C       FreeCommitted
 0001:00001194       FreeCurAlloc
 0001:00038660       FreeDeviceContext
 0001:0003871C       FreeDeviceContexts
 0001:0002246C       FreeIntConstList
 0001:00005B98       FreeLibrary
 0001:000002BC       FreeLibrary
 0001:00028738       FreeMemoryContexts
 0001:000225D8       FreeObjectInstance
 0001:00005BB8       FreeResource
 0001:0000072C       FreeSpace
 0001:0000C954       FreeTerminateProcs
 0001:0002E058       FreeThemeLibrary
 0001:00025B08       GDICheck
 0001:00025A60       GDIError
 0001:00005E30       GdiFlush
 0001:00001D1C       Get8087CW
 0001:0005C990       GetAccessibilityFactory
 0001:00005BC0       GetACP
 0001:00006180       GetActiveWindow
 0001:000582C4       GetAnimation
 0001:00005E38       GetBitmapBits
 0001:000686A0       GetBitmapBitsFromDeviceContext
 0001:00005E40       GetBkColor
 0001:000003E8       GetBlockDesc
 0001:00005E48       GetBrushOrgEx
 0001:00006188       GetCapture
 0001:00036E80       GetCaptureControl
 0001:00017A10       GetClass
 0001:00006190       GetClassInfo
 0001:00006198       GetClassName
 0001:000061A0       GetClientRect
 0001:000061A8       GetClipboardData
 0001:000061B0       GetClipboardFormatName
 0001:000274D0       GetClipboardFormats
 0001:00005E50       GetClipBox
 0001:00000384       GetCmdShow
 0001:00046AA4       GetColor
 0001:000002C4       GetCommandLine
 0001:00000970       GetCommitted
 0001:00000A18       GetCommittedAt
 0001:0002006C       GetComponentValue
 0001:0003DD5C       GetControlAtPos
 0001:00009728       GetCount
 0001:00005BC8       GetCPInfo
 0001:00005E58       GetCurrentObject
 0001:00005E60       GetCurrentPositionEx
 0001:00005BD0       GetCurrentProcessId
 0002:00002A2C       GetCurrentThemeName
 0001:00005BD8       GetCurrentThreadId
 0001:00000374       GetCurrentThreadId
 0001:000065A4       GetCurrentTime
 0001:000061B8       GetCursor
 0001:0005A6E8       GetCursorHeightMargin
 0001:000061C0       GetCursorPos
 0001:00009758       GetDate
 0001:00005BE0       GetDateFormat
 0001:0000A408       GetDateOrder
 0001:000061C8       GetDC
 0001:000061D0       GetDCEx
 0001:00005E68       GetDCOrgEx
 0001:0002B878       GetDefFontCharSet
 0001:000193EC       GetDesigner
 0001:000061D8       GetDesktopWindow
 0001:00005E80       GetDeviceCaps
 0001:00026A98       GetDIB
 0001:00005E70       GetDIBColorTable
 0001:00005E78       GetDIBits
 0001:000269E0       GetDIBSizes
 0001:00025C78       GetDInColors
 0001:00005BE8       GetDiskFreeSpaceA
 0002:00000130       GetDiskFreeSpaceEx
 0001:00044648       GetDockAlign
 0001:00037830       GetDockSiteAtPos
 0001:0007FE30       GetDragOperations
 0001:00037B64       GetDropCtl
 0001:0000279C       GetDynaMethod
 0001:00005E88       GetEnhMetaFileBits
 0001:00005E90       GetEnhMetaFileHeader
 0001:00005E98       GetEnhMetaFilePaletteEntries
 0001:000144B4       GetEnumName
 0001:000145A8       GetEnumNameValue
 0001:000145F4       GetEnumValue
 0001:0000AE4C       GetEraNamesAndYearOffsets
 0001:0000A49C       GetEraYearOffset
 0001:00015430       GetErrorInfo
 0001:0000B7F8       GetExceptionClass
 0001:0000B9E4       GetExceptionObject
 0001:00005BF0       GetExitCodeThread
 0001:00017998       GetFieldClassTable
 0001:000274B0       GetFileFormats
 0001:0000BC54       GetFileVersion
 0001:00005D70       GetFileVersionInfo
 0001:00005D78       GetFileVersionInfoSize
 0001:00014C80       GetFloatProp
 0001:000061E0       GetFocus
 0001:000244DC       GetFontData
 0001:000061E8       GetForegroundWindow
 0001:0000C4FC       GetFormatSettings
 0001:00005BF8       GetFullPathName
 0001:00023A24       GetHashCode
 0001:0005575C       GetHelpInfo
 0001:0002CF68       GetHelpSystem
 0001:000580A8       GetHint
 0001:000580E0       GetHintControl
 0001:0004E69C       GetHotkey
 0001:000061F0       GetIconInfo
 0001:0005B88C       GetIDsOfNames
 0001:000150C8       GetInt64Prop
 0001:0001512C       GetInterfaceProp
 0001:00006208       GetKeyboardLayout
 0001:00006210       GetKeyboardLayoutList
 0001:00006218       GetKeyboardState
 0001:000023F8       GetKeyboardType
 0001:000061F8       GetKeyNameText
 0001:00006200       GetKeyState
 0001:00006220       GetLastActivePopup
 0001:000428E8       GetLastChildZone
 0001:00005C00       GetLastError
 0001:0000AC10       GetLocaleChar
 0001:000002CC       GetLocaleInfo
 0001:00005C10       GetLocaleInfo
 0001:0000ABC4       GetLocaleStr
 0001:00005C08       GetLocalTime
 0001:00036E3C       GetLongHint
 0001:00014924       GetLongStrProp
 0001:00005EA0       GetMapMode
 0001:00006228       GetMenu
 0001:000556E4       GetMenuHelpContext
 0001:00006230       GetMenuItemCount
 0001:00006238       GetMenuItemID
 0001:00006240       GetMenuItemInfo
 0001:0004B7B8       GetMenuSize
 0001:00006248       GetMenuState
 0001:00006250       GetMenuString
 0001:00006258       GetMessagePos
 0001:00015050       GetMethodProp
 0001:00005C18       GetModuleFileName
 0001:000002D4       GetModuleFileName
 0001:00005C20       GetModuleHandle
 0001:0000575C       GetModuleHandle
 0001:000002DC       GetModuleHandle
 0002:00002910       GetMonitorInfo
 0002:00002914       GetMonitorInfoA
 0002:00002918       GetMonitorInfoW
 0001:0000AC74       GetMonthDayNames
 0001:00006260       GetNextWindow
 0001:00005EA8       GetObject
 0001:0001474C       GetOrdProp
 0001:00005EB0       GetPaletteEntries
 0001:00006268       GetParent
 0001:00050B90       GetParentForm
 0001:00005EB8       GetPixel
 0001:00005C28       GetProcAddress
 0001:000002E4       GetProcAddress
 0001:00006270       GetProp
 0001:00014658       GetPropInfo
 0001:000146C8       GetPropInfos
 0001:0008961C       GetRandomRgn
 0001:0007B010       GetRealScrollPosition
 0001:0007D690       GetRealScrollPosition
 0001:00051050       GetRealScrollPosition
 0001:00046A84       GetRGBColor
 0001:00068AB4       GetRGBColor
 0001:00006278       GetScrollInfo
 0001:00006280       GetScrollPos
 0001:00006288       GetScrollRange
 0001:00036DF8       GetShortHint
 0001:0001481C       GetShortStrProp
 0001:000148B4       GetShortStrPropAsLongStr
 0001:00000650       GetSpace
 0001:000006B4       GetSpaceAt
 0001:00049204       GetSpecialName
 0001:000002EC       GetStartupInfo
 0001:0000025C       GetStdHandle
 0001:00005C30       GetStdHandle
 0001:00005EC0       GetStockObject
 0001:00067FB0       GetStringDrawRect
 0001:00005C38       GetStringTypeEx
 0001:00014A54       GetStrProp
 0001:00006290       GetSubMenu
 0001:00006298       GetSysColor
 0001:000062A0       GetSysColorBrush
 0001:00005C40       GetSystemInfo
 0001:000062A8       GetSystemMenu
 0001:000062B0       GetSystemMetrics
 0002:00002900       GetSystemMetrics
 0001:00005EC8       GetSystemPaletteEntries
 0001:00005ED0       GetTextColor
 0001:00005ED8       GetTextExtentPoint32
 0001:00005EE0       GetTextExtentPoint32W
 0001:00005EE8       GetTextMetrics
 0002:00002A24       GetThemeAppProperties
 0002:00002990       GetThemeBackgroundContentRect
 0002:00002994       GetThemeBackgroundExtent
 0002:000029A4       GetThemeBackgroundRegion
 0002:000029C8       GetThemeBool
 0002:000029BC       GetThemeColor
 0002:00002A30       GetThemeDocumentationProperty
 0002:000029D0       GetThemeEnumValue
 0002:000029F0       GetThemeFilename
 0002:000029D8       GetThemeFont
 0002:000029CC       GetThemeInt
 0002:000029E4       GetThemeIntList
 0002:000029E0       GetThemeMargins
 0002:000029C0       GetThemeMetric
 0002:00002998       GetThemePartSize
 0002:000029D4       GetThemePosition
 0002:000029E8       GetThemePropertyOrigin
 0002:000029DC       GetThemeRect
 0002:000029C4       GetThemeString
 0002:000029FC       GetThemeSysBool
 0002:000029F4       GetThemeSysColor
 0002:000029F8       GetThemeSysColorBrush
 0002:00002A04       GetThemeSysFont
 0002:00002A0C       GetThemeSysInt
 0002:00002A00       GetThemeSysSize
 0002:00002A08       GetThemeSysString
 0002:0000299C       GetThemeTextExtent
 0002:000029A0       GetThemeTextMetrics
 0001:00005C48       GetThreadLocale
 0001:000002F4       GetThreadLocale
 0001:00005C50       GetTickCount
 0001:00009790       GetTime
 0001:00005794       GetTlsSize
 0001:00058888       GetTopMostWindows
 0001:00036F8C       GetTopParent
 0001:000062B8       GetTopWindow
 0001:000144A8       GetTypeData
 0001:000062C0       GetUpdateRect
 0001:00073FF8       GetUseSmartColumnWidth
 0001:00013D2C       GetVarDataArrayInfo
 0001:00014FD0       GetVariantProp
 0001:0000037C       GetVersion
 0001:00005C58       GetVersion
 0001:00005C60       GetVersionEx
 0001:00014AC0       GetWideStrProp
 0001:000149A4       GetWideStrPropAsLongStr
 0001:000062C8       GetWindow
 0001:000062D0       GetWindowDC
 0001:000062D8       GetWindowLong
 0001:00005EF8       GetWindowOrgEx
 0001:000062E0       GetWindowPlacement
 0001:000062E8       GetWindowRect
 0001:000062F0       GetWindowText
 0002:00002A18       GetWindowTheme
 0001:00006300       GetWindowThreadProcessId
 0001:000062F8       GetWindowThreadProcessId
 0001:00005EF0       GetWinMetaFileBits
 0001:00005C68       GlobalAddAtom
 0001:00005C70       GlobalAlloc
 0001:000065B8       GlobalAllocPtr
 0001:00005C78       GlobalDeleteAtom
 0001:00005C80       GlobalFindAtom
 0002:00002868       GlobalFixupList
 0001:0001BE50       GlobalFixupReferences
 0001:00005C88       GlobalFree
 0001:000065E4       GlobalFreePtr
 0001:00005C98       GlobalHandle
 0001:00005C90       GlobalLock
 0002:0000284C       GlobalNameSpace
 0001:00005CA0       GlobalReAlloc
 0001:000065C8       GlobalReAllocPtr
 0001:00005CA8       GlobalSize
 0001:00005CB0       GlobalUnlock
 0001:0002BD44       Graphics
 0001:0005CA40       GraphUtil
 0002:00000F04       Grays
 0001:00017B8C       GroupDescendentsWith
 0002:0000045C       GUID_NULL
 0001:0000E7D8       HandleConversionException
 0001:00055964       HandleEdge
 0001:0001D2B4       HandleException
 0001:00069124       HasMMX
 0002:00000024       HeapAllocFlags
 0002:000025C8       heapErrorCode
 0002:000025CC       heapLock
 0001:0002DB10       HelpIntfs
 0002:0000293C       HelpManager
 0002:00002A7C       HelpMsg
 0002:00002AA4       HelpViewer
 0002:00002AA8       HelpViewerIntf
 0002:0000012C       HexDisplayPrefix
 0002:0000087C       HideSelections
 0001:000446C4       HideZone
 0001:0005C204       HIMETRICtoDP
 0002:00002668       HInstance
 0002:00002B60       HintDoneEvent
 0001:000581B0       HintGetMsgHook
 0002:00002B64       HintHook
 0001:00058154       HintMouseThread
 0002:00002B68       HintThread
 0002:00002B5C       HintThreadID
 0001:00058100       HintTimerProc
 0002:00000CC8       HintWindowClass
 0002:000029A8       HitTestThemeBackground
 0001:000581F4       HookHintHooks
 0001:000727F0       HSPlitterHit
 0001:000066F0       HwndMSWheel
 0002:00000C5C       IBreaks
 0002:00000C68       IChecks
 0002:00000C70       IDefaults
 0001:000244CC       IdentToCharset
 0001:000242C4       IdentToColor
 0001:00036DE8       IdentToCursor
 0001:00017DF0       IdentToInt
 0002:00000C78       IEnables
 0001:0004C55C       IfHotkeyAvailable
 0001:0002BF14       IfThen
 0001:0002BF08       IfThen
 0001:00033744       IfThen
 0002:00000E1C       IID_IDropTargetHelper
 0002:00001180       ImageKind
 0002:00002B38       ImageListWriteExProc
 0001:0002C270       ImageList_Add
 0001:0002C290       ImageList_AddIcon
 0001:0002C2B8       ImageList_BeginDrag
 0001:0002C250       ImageList_Create
 0001:0002C258       ImageList_Destroy
 0001:0002C2C8       ImageList_DragEnter
 0001:0002C2D0       ImageList_DragLeave
 0001:0002C2D8       ImageList_DragMove
 0001:0002C2E8       ImageList_DragShowNolock
 0001:0002C2A0       ImageList_Draw
 0001:0002C2A8       ImageList_DrawEx
 0001:0002C2C0       ImageList_EndDrag
 0001:0002C288       ImageList_GetBkColor
 0001:0002C2F0       ImageList_GetDragImage
 0001:0002C308       ImageList_GetIconSize
 0001:0002C260       ImageList_GetImageCount
 0001:0002C2F8       ImageList_Read
 0001:0002C2B0       ImageList_Remove
 0001:0002C278       ImageList_ReplaceIcon
 0001:0002C280       ImageList_SetBkColor
 0001:0002C2E0       ImageList_SetDragCursorImage
 0001:0002C310       ImageList_SetIconSize
 0001:0002C268       ImageList_SetImageCount
 0001:0002C300       ImageList_Write
 0002:00000BCC       Images
 0001:0004823C       ImgList
 0001:0002CB18       Imm
 0002:00000BB0       IMM32DLL
 0001:000452B4       Imm32IsIME
 0002:00000180       IMSecsPerDay
 0001:0000E8C4       InBounds
 0001:0000EB64       InBounds
 0001:00074848       IncDelta
 0001:0008DFBC       IncludeThisNode
 0001:0000E8F4       Increment
 0001:0000EB94       Increment
 0001:0002C29C       IndexToOverlayMask
 0001:0002C318       IndexToStateImageMask
 0001:00006308       InflateRect
 0001:00000BF0       InitAllocator
 0001:0002C354       InitAnApi
 0002:00002928       InitApis
 0001:0005BCD8       InitComObj
 0001:00018098       InitComponent
 0002:00002638       InitContext
 0001:00045350       InitControls
 0001:0002B8BC       InitDefFontData
 0001:0000C980       InitDriveSpacePtr
 0001:0000BAC0       InitExceptions
 0001:0002DBF0       InitFlatSB
 0001:00033474       InitGlobals
 0001:00026898       InitializeBitmapInfoHeader
 0001:000003C8       InitializeCriticalSection
 0001:00005CB8       InitializeCriticalSection
 0002:000025C4       initialized
 0002:00002BF4       Initialized
 0001:0002DBC8       InitializeFlatSB
 0001:0006925C       InitializeGlobalStructures
 0001:0000582C       InitializeModule
 0001:0000D930       InitializeVarUtils
 0001:00044F54       InitIMM32
 0001:00018140       InitInheritedComponent
 0001:0000C30C       InitLeadBytes
 0001:0002CA3C       InitMultiMonStubs
 0001:0005C554       InitOlePro32
 0001:0000BBC4       InitPlatformId
 0002:00002044       InitProc
 0001:0005AE1C       InitProcs
 0001:0002B840       InitScreenLogPixels
 0001:0000C384       InitSysLocale
 0001:0002E218       InitThemeLibrary
 0001:00020D44       InitThreadSynchronization
 0001:0000579C       InitThreadTLS
 0001:00003060       InitUnits
 0001:00036ACC       InitWndProc
 0002:00001110       InnerStyles
 0002:00000B50       InnerStyles
 0002:00002050       Input
 0001:00057BD8       InsertBefore
 0001:0003C590       InsertBefore
 0001:0000109C       InsertFree
 0001:0004C610       InsertHotkeyFarEastFormat
 0001:00006310       InsertMenu
 0001:00006318       InsertMenuItem
 0002:00002888       InstBlockList
 0002:0000288C       InstFreeList
 0001:000131D0       Int64Compare
 0001:000131BC       IntCompare
 0002:0000285C       IntConstList
 0001:00005BA0       InterlockedDecrement
 0001:0000036C       InterlockedDecrement
 0001:0000C9E8       InterlockedDecrement
 0001:0000C9F4       InterlockedExchange
 0001:00005BA8       InterlockedExchange
 0001:0000C9FC       InterlockedExchangeAdd
 0001:0000C9DC       InterlockedIncrement
 0001:00000364       InterlockedIncrement
 0001:00005BB0       InterlockedIncrement
 0002:00002BF8       InternalClipboardFormats
 0001:000239B0       InternalDeletePalette
 0001:00001DAC       InternalFlush
 0001:00000EDC       InternalFreeMem
 0001:000269E8       InternalGetDIB
 0001:0002697C       InternalGetDIBSizes
 0001:00017F30       InternalReadComponentRes
 0002:00002A50       InternalServices
 0001:0000391C       InternalUniqueString
 0001:00005F00       IntersectClipRect
 0001:00006320       IntersectRect
 0001:000058FC       IntersectRect
 0001:00007E30       IntToHex
 0001:00017E30       IntToIdent
 0001:00007D1C       IntToStr
 0001:00007E08       IntToStr
 0001:00006328       InvalidateRect
 0001:000259E8       InvalidBitmap
 0001:000259D0       InvalidGraphic
 0001:000259F4       InvalidIcon
 0001:00025A00       InvalidMetafile
 0001:000259B8       InvalidOperation
 0001:0005C31C       InvalidOperation
 0001:00016F20       InvalidPoint
 0002:0000279C       InvalidPointer
 0001:00002648       InvokeImplGetter
 0001:00001CA0       IOResult
 0002:00000C98       IOwnerDraw
 0002:00000C80       IRadios
 0002:00000C90       IRTL
 0001:00050B20       IsAccel
 0001:0004D7F0       IsAccelChar
 0002:00002A14       IsAppThemed
 0001:000375E8       IsBeforeTargetWindow
 0001:00006330       IsChild
 0002:0000204C       IsConsole
 0001:0001F7B4       IsDefault
 0001:0001F630       IsDefaultFloatProp
 0001:0001F68C       IsDefaultInt64Prop
 0001:0001F958       IsDefaultInterfaceProp
 0001:0001FA34       IsDefaultMethodProp
 0001:0001F80C       IsDefaultObjectProp
 0001:0001F5D8       IsDefaultOrdProp
 0001:0001FB4C       IsDefaultPropertyValue
 0001:0001F6E4       IsDefaultStrProp
 0001:0001F88C       IsDefaultValue
 0001:0001FAB4       IsDefaultVariantProp
 0001:00037A44       IsDelphiHandle
 0001:00006338       IsDialogMessage
 0002:00000C88       ISeparators
 0001:00006340       IsIconic
 0001:0004D84C       IsInitialChar
 0001:000093C0       IsLeapYear
 0002:00002038       IsLibrary
 0002:0000204D       IsMultiThread
 0001:00071DC4       IsNearBy
 0001:00042324       IsOrientationSet
 0001:00006348       IsRectEmpty
 0001:000059CC       IsRectEmpty
 0001:000747F0       IsResizable
 0001:000377EC       IsSiteChildOfClient
 0001:0001471C       IsStoredProp
 0002:00002A10       IsThemeActive
 0002:000029B8       IsThemeBackgroundPartiallyTransparent
 0002:00002A20       IsThemeDialogTextureEnabled
 0002:000029B4       IsThemePartDefined
 0001:00017F0C       IsUniqueGlobalComponentName
 0002:00002850       IsUniqueGlobalComponentNameProc
 0001:00007C6C       IsValidIdent
 0001:0000C36C       IsWesternGroup
 0001:00006350       IsWindow
 0001:00006358       IsWindowEnabled
 0001:00006360       IsWindowVisible
 0002:00002BBD       IsWinVistaOrAbove
 0001:00006368       IsZoomed
 0001:000495D0       Iterate
 0001:00049630       IterateMenus
 0002:0000002C       JITEnable
 0001:00050AB4       KeyboardStateToShiftState
 0001:00050B00       KeyboardStateToShiftState
 0001:00050A78       KeyDataToShiftState
 0001:00050A24       KeysToShiftState
 0001:00083D10       KeyUnicode
 0001:00006370       KillTimer
 0001:000081F4       LastDelimiter
 0001:000055C0       LCIDToCodePage
 0001:0000C298       LCIDToCodePage
 0002:0000010C       LeadBytes
 0001:00005CC0       LeaveCriticalSection
 0001:000003D8       LeaveCriticalSection
 0001:000337AC       LeftStr
 0002:00000034       LibModuleList
 0002:00002BD0       LightCheckImages
 0002:00002BD8       LightTickImages
 0002:00000F3C       LineBitsDotted
 0002:00000F50       LineBitsSolid
 0001:00005F10       LineTo
 0001:000385E8       ListAdd
 0001:00038610       ListRemove
 0002:00002752       ListSeparator
 0001:00006378       LoadBitmap
 0001:0005B300       LoadComExProcs
 0001:00006380       LoadCursor
 0001:00006388       LoadIcon
 0001:00006390       LoadKeyboardLayout
 0001:00005CC8       LoadLibrary
 0001:000002FC       LoadLibraryEx
 0001:00005CD0       LoadResource
 0001:00004C78       LoadResourceModule
 0001:00005568       LoadResString
 0001:00000304       LoadString
 0001:00006398       LoadString
 0001:00005764       LocalAlloc
 0001:000003A8       LocalAlloc
 0001:000003B0       LocalFree
 0001:0000AC38       LocalGetLocaleStr
 0002:00002A48       Lock
 0001:00005CD8       LockResource
 0001:000063A0       LockWindowUpdate
 0002:00002694       LongDateFormat
 0002:00002728       LongDayNames
 0002:000026DC       LongMonthNames
 0002:000026A8       LongTimeFormat
 0001:0000788C       LowerCase
 0001:00005F08       LPtoDP
 0001:00005D60       lstrcpy
 0001:0000030C       lstrcpyn
 0001:00005D68       lstrlenW
 0002:00002824       LVarTypes
 0002:00002828       LVarTypeSync
 0002:00000E64       MagicID
 0001:00099024       Main
 0002:00002BFC       MainForm
 0002:00002030       MainInstance
 0002:00002034       MainThreadID
 0001:0000046C       MakeEmpty
 0001:0000319C       MakeErrorMessage
 0001:00095280       MakeFragment
 0002:00000B9C       MakeLast
 0001:00006598       MakeLong
 0001:00022508       MakeObjectInstance
 0001:000065F8       MakeROP4
 0001:00006630       MakeWParam
 0001:0000B778       MapException
 0001:00002E68       MapToRunError
 0001:000063A8       MapVirtualKey
 0001:000063B0       MapWindowPoints
 0002:00000BD4       Mask
 0001:00005F18       MaskBlt
 0002:00000F24       MaskColor
 0001:0002BF74       Math
 0001:0002BEC0       Max
 0001:0002BE80       Max
 0001:0002BE78       Max
 0001:000533F0       MaximizedChildren
 0002:00001184       MaximumUCS4
 0002:0000003C       MemoryManager
 0002:00000BF0       MenuKeyCaps
 0001:0004E86C       Menus
 0001:000912E4       MergeAscending
 0001:00000504       MergeBlockAfter
 0001:000011E0       MergeCommit
 0001:00091390       MergeDescending
 0001:0009143C       MergeSortAscending
 0001:000914A8       MergeSortDescending
 0001:000063B8       MessageBeep
 0001:000002A4       MessageBox
 0001:000063C0       MessageBox
 0001:00006850       Messages
 0001:0002BE70       Min
 0001:00019010       Min
 0001:0009921C       Minimal
 0001:0003BED4       MinVar
 0002:00002930       MMAvailable
 0001:0005C770       MMSystem
 0002:00002BBC       MMXAvailable
 0002:00000BB4       ModeMap
 0001:000550F0       ModifySystemMenu
 0002:000000A4       Module
 0002:00002666       ModuleIsCpp
 0002:00002664       ModuleIsLib
 0002:00002665       ModuleIsPackage
 0001:000224D8       ModuleUnload
 0002:00000038       ModuleUnloadList
 0002:0000290C       MonitorFromPoint
 0002:00002908       MonitorFromRect
 0002:00002904       MonitorFromWindow
 0002:000000DC       MonthDays
 0002:00002AAC       Mouse
 0001:00001CC0       Move
 0001:00005F20       MoveToEx
 0001:00038630       MoveWindowOrg
 0001:000063C8       MsgWaitForMultipleObjects
 0001:00005CE0       MulDiv
 0001:00005CE8       MultiByteToWideChar
 0001:0000031C       MultiByteToWideChar
 0001:0005A8A8       MultiLineWidth
 0001:0002CAD8       MultiMon
 0002:00002B80       NeedToUninitialize
 0002:00002BF5       NeedToUnitialize
 0002:00002689       NegCurrFormat
 0001:0000126C       NewCommit
 0001:00001298       NewCommitAt
 0002:00002AB0       NewStyleControls
 0001:0000C044       NextCharIndex
 0001:00042308       NextVisibleZone
 0002:00000498       NilMethod
 0002:00000030       NoErrMsg
 0001:0004A3E4       NormalDraw
 0001:00002A20       NotifyAnyExcept
 0001:0001948C       NotifyDesigner
 0001:000029F4       NotifyExcept
 0001:00002A54       NotifyExceptFinally
 0001:0001800C       NotifyGlobalLoading
 0001:00004FB4       NotifyModuleUnload
 0001:000029D0       NotifyNonDelphiException
 0001:00002A0C       NotifyOnExcept
 0001:000029B4       NotifyReRaise
 0001:00002A7C       NotifyTerminate
 0001:00002A98       NotifyUnhandled
 0001:000063D0       NotifyWinEvent
 0001:0004D19C       NthParentOf
 0001:00014208       Null
 0002:00000324       NullAsStringValue
 0001:000130D4       NullCompare
 0002:00000318       NullEqualityRule
 0002:0000031C       NullMagnitudeRule
 0002:00000320       NullStrictConvert
 0001:0001F774       ObjectAncestorMatch
 0001:00036B84       ObjectFromHWnd
 0002:00000884       OEMConverts
 0001:000063D8       OemToAnsi
 0001:000063E0       OffsetRect
 0001:000059E4       OffsetRect
 0001:00005F28       OffsetRgn
 0001:0005B2E8       OleCheck
 0001:0005B2CC       OleError
 0001:00015410       OleGetClipboard
 0001:000153E0       OleInitialize
 0001:0005C644       OleLoadPicture
 0002:00002B90       OlePro32DLL
 0001:00015408       OleSetClipboard
 0001:000043C4       OleStrToStrVar
 0001:000153E8       OleUninitialize
 0002:00002B74       OleUninitializing
 0002:00002980       OpenThemeData
 0002:00000F60       OptionMap
 0001:00067854       OrderRect
 0002:00000B94       OrientArray
 0002:00001120       OuterStyles
 0002:00000B60       OuterStyles
 0002:00002798       OutOfMemory
 0001:00025A0C       OutOfResources
 0002:0000221C       Output
 0001:00020054       OwnedBy
 0002:00000328       PackVarCreation
 0001:00070A74       PaintColumnHeader
 0001:000706E4       PaintFixedArea
 0002:0000079C       Pal16
 0001:00023DB8       PaletteChanged
 0001:00026204       PaletteFromDIBColorTable
 0001:000262A8       PaletteToDIBColorTable
 0002:00000798       PalSize
 0002:00001150       PanningWindowClass
 0001:00042714       ParentNotLast
 0002:00000860       Passwords
 0001:00005F30       PatBlt
 0002:000028F0       PatternManager
 0001:000063E8       PeekMessage
 0002:000028E4       PenManager
 0002:00000760       PenModes
 0002:00000740       PenStyles
 0001:00005F38       PlayEnhMetaFile
 0001:000058D0       Point
 0001:00016EA8       Point
 0001:000172E0       PointerInModule
 0001:0003D77C       PointsEqual
 0001:00006618       PointToSmallPoint
 0001:00005F40       Polygon
 0002:00002B3C       PopupList
 0001:000063F0       PostMessage
 0001:000063F8       PostQuitMessage
 0001:00091850       PrepareAnimation
 0001:000708AC       PrepareButtonStyles
 0002:00000E3C       PressedState
 0001:0002DB8C       Printers
 0001:00056804       ProcessExecute
 0001:00050D50       ProcessHorz
 0001:00056904       ProcessUpdate
 0001:00050DBC       ProcessVert
 0001:0001C150       PropertyNotFound
 0001:0001D3B4       PropPathError
 0002:00000CF8       Props
 0001:0001C144       PropValueError
 0001:000058D8       PtInRect
 0001:00006400       PtInRect
 0002:000000A0       PtrToNil
 0001:00008B68       PutExponent
 0002:00002AF4       QualifyingSites
 0001:000670A0       QuickSort
 0001:00067890       QuickSort
 0001:0000B734       RaiseAssertException
 0001:0001B0DC       RaiseException
 0001:0005B974       RaiseException
 0001:00000264       RaiseException
 0002:00002014       RaiseExceptionProc
 0001:0000C87C       RaiseLastOSError
 0001:0005B858       RaiseNameException
 0001:00043488       ReadControlName
 0001:0001E60C       ReadCustomVariant
 0001:0001C12C       ReadError
 0001:00005CF0       ReadFile
 0001:0002655C       ReadIcon
 0002:00000868       ReadOnlys
 0001:0001320C       RealCompare
 0001:00005F48       RealizePalette
 0001:0001C968       Recover
 0001:00016ED0       Rect
 0001:000058B4       Rect
 0001:00005F58       Rectangle
 0001:00005F50       RectVisible
 0001:00006408       RedrawWindow
 0001:00074938       ReduceConstraints
 0002:0000281C       RefAnyProc
 0002:00002A44       ReferenceCount
 0001:00005B30       RegCloseKey
 0001:00000324       RegCloseKey
 0002:00002860       RegGroups
 0001:00017A84       RegisterClass
 0001:00006410       RegisterClass
 0001:00006418       RegisterClipboardFormat
 0001:0003798C       RegisterDockSite
 0001:000153F0       RegisterDragDrop
 0001:00017E74       RegisterFindGlobalComponentProc
 0001:00017CCC       RegisterIntegerConsts
 0001:00005010       RegisterModule
 0001:0002CEE4       RegisterViewer
 0001:0006756C       RegisterVTClipboardFormat
 0001:00067684       RegisterVTClipboardFormat
 0001:00006420       RegisterWindowMessage
 0001:0000032C       RegOpenKeyEx
 0001:00005B38       RegOpenKeyEx
 0001:00000334       RegQueryValueEx
 0001:00005B40       RegQueryValueEx
 0001:00032880       RegStr
 0001:00006428       ReleaseCapture
 0001:00006430       ReleaseDC
 0001:00015418       ReleaseStgMedium
 0001:000698F8       ReleaseThreadReference
 0002:00000048       reMap
 0002:0000261C       remBytes
 0001:0000058C       RemoveBlock
 0002:00000474       RemoveDataModule
 0001:0001BFFC       RemoveFixupReferences
 0001:0001C0A8       RemoveFixups
 0001:0001C3A0       RemoveGlobalFixup
 0001:00006438       RemoveMenu
 0001:00004F2C       RemoveModuleUnloadProc
 0001:00004F04       RemoveModuleUnloadProc
 0001:00006440       RemoveProp
 0001:00020DD0       RemoveThread
 0002:00001188       ReplacementCharacter
 0001:00005CF8       ResetEvent
 0001:00020D90       ResetSyncEvent
 0001:000017D0       ResizeInPlace
 0001:00005F60       RestoreDC
 0001:000506B8       RestoreFocusState
 0001:00005D00       ResumeThread
 0001:000491A4       ReturnAddr
 0001:00018460       ReturnAddr
 0001:0000B390       ReturnAddr
 0001:00019F18       ReturnAddr
 0001:000153F8       RevokeDragDrop
 0001:00025F88       RGBQuadToTriple
 0001:00025F40       RGBTripleToQuad
 0001:000337C8       RightStr
 0002:00002AC4       RM_GetObjectInstance
 0002:00002B58       RM_TaskbarCreated
 0001:00005F68       RoundRect
 0002:00002618       rover
 0001:00014474       RTLConsts
 0002:00000E70       RTLFlag
 0001:0000026C       RtlUnwind
 0002:00002018       RTLUnwindProc
 0002:0000006C       runErrMsg
 0001:00001BC8       RunErrorAt
 0001:0000D8D8       SafeArrayCreate
 0001:0000D8E0       SafeArrayGetLBound
 0001:0000D8E8       SafeArrayGetUBound
 0001:0000D8F0       SafeArrayPtrOfIndex
 0001:0005B404       SafeCallError
 0002:00002020       SafeCallErrorProc
 0001:0000CF20       SafeLoadLibrary
 0001:00007980       SameText
 0001:00005F70       SaveDC
 0001:000506A8       SaveFocusState
 0002:00002B7C       SaveInitProc
 0001:0000A28C       ScanBlanks
 0001:0000A3D0       ScanChar
 0001:0000A54C       ScanDate
 0001:0000A2B0       ScanNumber
 0001:0000A344       ScanString
 0001:0000A890       ScanTime
 0001:0000A454       ScanToNumber
 0002:00002B50       Screen
 0002:0000289C       ScreenLogPixels
 0001:00006448       ScreenToClient
 0002:00000FE0       ScrollBar
 0001:00050F08       ScrollBarVisible
 0001:00006450       ScrollDC
 0002:00001178       ScrollMasks
 0001:00006458       ScrollWindow
 0001:000012CC       SearchSmallBlocks
 0001:00005F78       SelectClipRgn
 0001:00096FC8       SelectColor
 0001:00096EE4       SelectFont
 0001:00005F80       SelectObject
 0001:00005F88       SelectPalette
 0001:00036C14       SendAppMessage
 0001:00050938       SendFocusMessage
 0001:00006460       SendMessage
 0002:00000C54       Separators
 0001:00001D0C       Set8087CW
 0001:00006468       SetActiveWindow
 0001:000582F4       SetAnimation
 0001:00005F90       SetBkColor
 0001:00005F98       SetBkMode
 0001:00005FA0       SetBrushOrgEx
 0001:00069210       SetBrushOrigin
 0001:000691B0       SetCanvasOrigin
 0001:00006470       SetCapture
 0001:00036EA8       SetCaptureControl
 0001:00006478       SetClassLong
 0001:00013D20       SetClearVarToEmptyParam
 0001:0001CAD8       SetCompName
 0001:00006480       SetCursor
 0001:00005FA8       SetDIBColorTable
 0001:00005D08       SetEndOfFile
 0001:00005FB0       SetEnhMetaFileBits
 0001:00005D10       SetErrorMode
 0001:00005D18       SetEvent
 0001:00002FA8       SetExceptionHandler
 0001:00005D20       SetFilePointer
 0001:00014DB0       SetFloatProp
 0001:00006488       SetFocus
 0001:00006490       SetForegroundWindow
 0001:000451D8       SetImeMode
 0001:00001C4C       SetInOutRes
 0001:000150F0       SetInt64Prop
 0001:000151B0       SetInterfaceProp
 0001:0001D698       SetInterfaceReference
 0001:0001D5B4       SetIntIdent
 0002:00000CCC       SetLayeredWindowAttributes
 0001:00014964       SetLongStrProp
 0001:00005FB8       SetMapMode
 0001:00006498       SetMenu
 0001:000064A0       SetMenuItemInfo
 0001:00015090       SetMethodProp
 0001:0001D5FC       SetObjectIdent
 0001:000147C0       SetOrdProp
 0001:000064A8       SetParent
 0001:00005FC0       SetPixel
 0001:000064B0       SetProp
 0001:000064B8       SetRect
 0001:00005FC8       SetROP2
 0001:000064C0       SetScrollInfo
 0001:000064C8       SetScrollPos
 0001:000064D0       SetScrollRange
 0001:00014860       SetShortStrProp
 0001:000148DC       SetShortStrPropAsLongStr
 0001:00005FD0       SetStretchBltMode
 0001:00014A94       SetStrProp
 0001:0001C8E0       SetSubComponentState
 0001:00005FD8       SetTextColor
 0002:00002A28       SetThemeAppProperties
 0001:00005D28       SetThreadLocale
 0001:000064D8       SetTimer
 0001:00083948       SetupNavigation
 0001:00013D08       SetVarAsError
 0001:00015010       SetVariantProp
 0001:0001D63C       SetVariantReference
 0001:00005FE0       SetViewportOrgEx
 0001:0005A3AC       SetVisible
 0001:00014BA8       SetWideStrProp
 0001:000149FC       SetWideStrPropAsLongStr
 0001:000064E0       SetWindowLong
 0001:00005FF0       SetWindowOrgEx
 0001:000064E8       SetWindowPlacement
 0001:000064F0       SetWindowPos
 0001:00006508       SetWindowRgn
 0001:00006500       SetWindowsHookEx
 0001:000064F8       SetWindowText
 0002:000029EC       SetWindowTheme
 0001:00005FE8       SetWinMetaFileBits
 0002:0000014C       ShareMode
 0001:00032848       ShellAPI
 0001:00032928       ShlObj
 0001:000491CC       ShortCut
 0002:00002B40       ShortCutItems
 0001:00049258       ShortCutToText
 0002:00002690       ShortDateFormat
 0002:0000270C       ShortDayNames
 0001:0006790C       ShortenString
 0002:000026AC       ShortMonthNames
 0002:000026A4       ShortTimeFormat
 0002:00000D2C       ShowCommands
 0002:00000D44       ShowCommands
 0002:00000D38       ShowCommands
 0001:00006510       ShowCursor
 0001:0006772C       ShowError
 0001:0000B2C8       ShowException
 0002:00000B48       ShowFlags
 0002:00000DE0       ShowFlags
 0001:000506C0       ShowMDIClientEdge
 0001:00006518       ShowOwnedPopups
 0001:00006520       ShowScrollBar
 0001:00006528       ShowWindow
 0001:0005831C       ShowWinNoAnimate
 0001:00044744       ShowZone
 0001:00020DB8       SignalSyncEvent
 0002:00000BA8       SizeCursors
 0001:00005D30       SizeofResource
 0001:0001E140       SkipBinary
 0001:0001E170       SkipCollection
 0001:0001E118       SkipList
 0001:00005D38       Sleep
 0001:0000C874       Sleep
 0001:00016EC0       SmallPoint
 0001:00006604       SmallPointToPoint
 0002:00002624       smallTab
 0002:00000F2C       SortGlyphs
 0002:000025EC       spaceRoot
 0002:00000E50       StandardOLEFormat
 0001:00017B40       StartClassGroup
 0001:00033984       StdActns
 0001:00032810       StdCtrls
 0001:0005BE58       StdVCL
 0001:000224E0       StdWndProc
 0002:000028A4       StockBrush
 0002:000028A8       StockFont
 0002:000028AC       StockIcon
 0002:000028A0       StockPen
 0001:00008588       StrAlloc
 0001:0000859C       StrBufSize
 0001:0000BDE4       StrByteType
 0001:0000BFD4       StrCharLength
 0001:0000846C       StrComp
 0001:000083BC       StrCopy
 0001:000085E4       StrDispose
 0001:00047960       StreamsEqual
 0001:00008398       StrEnd
 0001:00005FF8       StretchBlt
 0001:00006000       StretchDIBits
 0001:000089F4       StrFmt
 0001:00008490       StrIComp
 0001:00013288       StringCompare
 0001:0001AF6C       StringListCompareStrings
 0001:000043E8       StringToOleStr
 0001:0004E604       StripHotkey
 0001:000083E4       StrLCopy
 0001:00008380       StrLen
 0001:00008A40       StrLFmt
 0001:000084D0       StrLIComp
 0001:000083AC       StrMove
 0001:000085B0       StrNew
 0001:0000BFF4       StrNextChar
 0001:00008418       StrPCopy
 0001:00008444       StrPLCopy
 0001:00008534       StrPos
 0001:00008514       StrScan
 0001:00007E58       StrToInt
 0001:00007E94       StrToIntDef
 0001:0003381C       StrUtils
 0002:00001148       Style
 0002:00000D20       Styles
 0001:00066C94       StyleServices.DrawEdge
 0001:00066D64       StyleServices.DrawElement
 0001:00066C88       StyleServices.Enabled
 0001:00066DE8       StyleServices.GetElementDetails
 0001:00066DD0       StyleServices.GetElementDetails
 0001:00066DA0       StyleServices.GetElementDetails
 0001:00066DB8       StyleServices.GetElementDetails
 0001:00066E00       StyleServices.PaintBorder
 0001:00006530       SubtractRect
 0001:00015438       Succeeded
 0001:0000CE64       Supports
 0001:0000CE88       Supports
 0002:00002854       SyncEvent
 0002:000004A0       SyncList
 0001:0002E050       SyncObjs
 0001:0000034C       SysAllocStringLen
 0001:00006B70       SysConst
 0002:00000CF0       SysConsts
 0002:00000CE8       SysConsts
 0001:0000AB78       SysErrorMessage
 0001:000015F8       SysFreeMem
 0001:00015428       SysFreeString
 0001:0000035C       SysFreeString
 0001:0000144C       SysGetMem
 0002:00000F14       SysGrays
 0001:000058AC       SysInit
 0002:00002744       SysLocale
 0001:000019D4       SysReallocMem
 0001:00000354       SysReAllocStringLen
 0001:00005688       System
 0002:00002BEC       SystemCheckImages
 0002:00002BF0       SystemFlatCheckImages
 0002:00002894       SystemPalette16
 0001:0002616C       SystemPaletteOverride
 0001:00006538       SystemParametersInfo
 0001:0000D3F4       SysUtils
 0001:0004606C       TActionLink.IsCaptionLinked
 0001:00046080       TActionLink.IsCheckedLinked
 0001:00046094       TActionLink.IsEnabledLinked
 0001:000460A8       TActionLink.IsGroupIndexLinked
 0001:000460BC       TActionLink.IsHelpContextLinked
 0001:000460D0       TActionLink.IsHelpLinked
 0001:000460E4       TActionLink.IsHintLinked
 0001:000460F8       TActionLink.IsImageIndexLinked
 0001:0004610C       TActionLink.IsShortCutLinked
 0001:00046120       TActionLink.IsVisibleLinked
 0001:00046134       TActionLink.SetAutoCheck
 0001:00046138       TActionLink.SetCaption
 0001:0004613C       TActionLink.SetChecked
 0001:00046140       TActionLink.SetEnabled
 0001:00046144       TActionLink.SetGroupIndex
 0001:00046148       TActionLink.SetHelpContext
 0001:0004614C       TActionLink.SetHelpKeyword
 0001:00046150       TActionLink.SetHelpType
 0001:00046154       TActionLink.SetHint
 0001:00046158       TActionLink.SetImageIndex
 0001:0004615C       TActionLink.SetShortCut
 0001:00046160       TActionLink.SetVisible
 0001:0005A96C       TApplication.ActivateHint
 0001:000594C4       TApplication.BringToFront
 0001:0005A6B0       TApplication.CancelHint
 0001:00058AAC       TApplication.CheckIniChange
 0001:00058828       TApplication.ControlDestroyed
 0001:0005835C       TApplication.Create
 0001:000598EC       TApplication.CreateForm
 0001:00058678       TApplication.CreateHandle
 0001:0005855C       TApplication.Destroy
 0001:0005AD3C       TApplication.DispatchAction
 0001:0005A07C       TApplication.DoActionIdle
 0001:0005A0E0       TApplication.DoMouseIdle
 0001:000588F8       TApplication.DoNormalizeTopMosts
 0001:0005ADCC       TApplication.ExecuteAction
 0001:0005AD00       TApplication.GetCurrentHelpFile
 0001:000592F8       TApplication.GetIconHandle
 0001:00059500       TApplication.GetTitle
 0001:00059A6C       TApplication.HandleException
 0001:000597C8       TApplication.HandleMessage
 0001:0005A024       TApplication.HelpCommand
 0001:00059F9C       TApplication.HelpContext
 0001:00059F0C       TApplication.HelpKeyword
 0001:0005A66C       TApplication.HideHint
 0001:0005A524       TApplication.HintMouseMessage
 0001:0005A634       TApplication.HintTimerExpired
[...]
 29573 0001:0008CAF0 29574 0001:0008CB03 29575 0001:0008CB0F 29577 0001:0008CB1D
 29580 0001:0008CB2D 29579 0001:0008CB3C 29582 0001:0008CB4D 29583 0001:0008CB5C
 29584 0001:0008CB6C 29589 0001:0008CB78 29590 0001:0008CB82 29591 0001:0008CB94
 29601 0001:0008CB9C 29602 0001:0008CBA8 29604 0001:0008CBDC 29605 0001:0008CBE8
 29607 0001:0008CBF6 29609 0001:0008CC06 29608 0001:0008CC15 29610 0001:0008CC24
 29611 0001:0008CC33 29614 0001:0008CC42 29615 0001:0008CC4A 29623 0001:0008CC64
 29624 0001:0008CC6E 29626 0001:0008CC70 29627 0001:0008CC7D 29628 0001:0008CC8C
 29703 0001:0008CC94 29704 0001:0008CC9B 29705 0001:0008CC9E 29707 0001:0008CCA8
 29709 0001:0008CCC7 29712 0001:0008CCD7 29714 0001:0008CCE1 29715 0001:0008CCEA
 29717 0001:0008CCF5 29723 0001:0008CCFC 29728 0001:0008CD01 29726 0001:0008CD04
 29735 0001:0008CD10 29736 0001:0008CD1A 29741 0001:0008CD1F 29743 0001:0008CD29
 29744 0001:0008CD2C 29749 0001:0008CD2E 29750 0001:0008CD3C 29754 0001:0008CD41
 29758 0001:0008CD46 29762 0001:0008CD49 29772 0001:0008CDC8 29773 0001:0008CDD2
 29775 0001:0008CDDB 29776 0001:0008CDE7 29778 0001:0008CDF5 29780 0001:0008CE05
 29779 0001:0008CE14 29781 0001:0008CE23 29782 0001:0008CE32 29785 0001:0008CE41
 29786 0001:0008CE49 29794 0001:0008CE50 29795 0001:0008CE54 29796 0001:0008CE57
 29798 0001:0008CE5D 29800 0001:0008CE7C 29801 0001:0008CE85 29802 0001:0008CE94
 29804 0001:0008CEA4 29831 0001:0008CF20 29832 0001:0008CF2E 29833 0001:0008CF30
 29835 0001:0008CF39 29840 0001:0008CF57 29841 0001:0008CF64 29843 0001:0008CF71
 29847 0001:0008CF8B 29849 0001:0008CF94 29850 0001:0008CF9B 29852 0001:0008CFA5
 29853 0001:0008CFA9 29856 0001:0008CFAE 29857 0001:0008CFB6 29858 0001:0008CFC2
 29859 0001:0008CFCE 29864 0001:0008CFD0 29865 0001:0008CFD2 29866 0001:0008CFDA
 29867 0001:0008CFE6 29868 0001:0008CFEE 29874 0001:0008CFF0 29875 0001:0008CFF7
 29876 0001:0008CFFF 29877 0001:0008D00B 29872 0001:0008D013 29882 0001:0008D023
 29885 0001:0008D02F 29890 0001:0008D034 29893 0001:0008D04D 29894 0001:0008D055
 29898 0001:0008D061 29900 0001:0008D071 29901 0001:0008D07C 29904 0001:0008D080
 29907 0001:0008D082 29911 0001:0008D093 29913 0001:0008D09C 29914 0001:0008D09E
 29915 0001:0008D0A6 29916 0001:0008D0B2 29917 0001:0008D0BA 29922 0001:0008D0BC
 29923 0001:0008D0C9 29927 0001:0008D0CD 29934 0001:0008D0D1 29936 0001:0008D0E9
 29948 0001:0008D16C 29949 0001:0008D17A 29950 0001:0008D17C 29952 0001:0008D185
 29955 0001:0008D1A3 29959 0001:0008D1B5 29961 0001:0008D1BE 29962 0001:0008D1C5
 29964 0001:0008D1CF 29965 0001:0008D1D3 29967 0001:0008D1D8 29968 0001:0008D1E4
 29973 0001:0008D1E6 29974 0001:0008D1E8 29975 0001:0008D1F0 29980 0001:0008D1F2
 29981 0001:0008D1F9 29978 0001:0008D201 29986 0001:0008D211 29989 0001:0008D219
 29995 0001:0008D21B 29996 0001:0008D228 29999 0001:0008D235 30001 0001:0008D245
 30002 0001:0008D24C 30005 0001:0008D250 30008 0001:0008D252 30012 0001:0008D25E
 30014 0001:0008D267 30015 0001:0008D269 30016 0001:0008D271 30021 0001:0008D273
 30022 0001:0008D280 30026 0001:0008D284 30033 0001:0008D288 30035 0001:0008D2A0
 30043 0001:0008D320 30044 0001:0008D32D 30046 0001:0008D34D 30048 0001:0008D350
 30049 0001:0008D35D 30051 0001:0008D381 30079 0001:0008D3EC 30080 0001:0008D3F8
 30081 0001:0008D410 30102 0001:0008D418 30103 0001:0008D429 30104 0001:0008D42F
 30106 0001:0008D434 30107 0001:0008D437 30108 0001:0008D43D 30112 0001:0008D447
 30115 0001:0008D44C 30116 0001:0008D455 30118 0001:0008D465 30123 0001:0008D476
 30125 0001:0008D486 30126 0001:0008D492 30121 0001:0008D49F 30129 0001:0008D4AE
 30130 0001:0008D4B8 30134 0001:0008D4BC 30136 0001:0008D4C1 30137 0001:0008D4C9
 30138 0001:0008D4CF 30140 0001:0008D4DC 30148 0001:0008D4E8 30149 0001:0008D4EF
 30150 0001:0008D50C 30151 0001:0008D521 30153 0001:0008D528 30154 0001:0008D534
 30156 0001:0008D53D 30167 0001:0008D5B4 30168 0001:0008D5B5 30169 0001:0008D5B7
 30171 0001:0008D5C3 30174 0001:0008D5CB 30175 0001:0008D5D4 30172 0001:0008D5D5
 30178 0001:0008D5E2 30192 0001:0008D5E4 30193 0001:0008D5F0 30194 0001:0008D5F3
 30196 0001:0008D5FD 30198 0001:0008D61C 30201 0001:0008D634 30202 0001:0008D646
 30205 0001:0008D653 30206 0001:0008D65D 30208 0001:0008D665 30209 0001:0008D66F
 30216 0001:0008D677 30217 0001:0008D680 30218 0001:0008D686 30219 0001:0008D691
 30221 0001:0008D69D 30222 0001:0008D6A2 30224 0001:0008D6AF 30225 0001:0008D6B6
 30231 0001:0008D6BF 30234 0001:0008D6C6 30235 0001:0008D6D4 30236 0001:0008D6DA
 30240 0001:0008D6E2 30241 0001:0008D6ED 30243 0001:0008D6F2 30247 0001:0008D6F7
 30248 0001:0008D706 30249 0001:0008D716 30398 0001:0008D794 30399 0001:0008D7A0
 30400 0001:0008D7A3 30402 0001:0008D7AD 30404 0001:0008D7CC 30407 0001:0008D7DC
 30408 0001:0008D7E6 30410 0001:0008D7EE 30411 0001:0008D7F8 30418 0001:0008D800
 30419 0001:0008D809 30420 0001:0008D80F 30421 0001:0008D81A 30423 0001:0008D826
 30424 0001:0008D82B 30426 0001:0008D838 30427 0001:0008D83F 30433 0001:0008D848
 30436 0001:0008D84F 30437 0001:0008D85D 30438 0001:0008D863 30442 0001:0008D86B
 30443 0001:0008D876 30445 0001:0008D87B 30448 0001:0008D883 30480 0001:0008D904
 30481 0001:0008D908 30482 0001:0008D90B 30484 0001:0008D911 30486 0001:0008D930
 30487 0001:0008D939 30488 0001:0008D948 30490 0001:0008D958 30517 0001:0008D9D4
 30518 0001:0008D9E2 30519 0001:0008D9E4 30521 0001:0008D9ED 30526 0001:0008DA0B
 30528 0001:0008DA18 30529 0001:0008DA25 30530 0001:0008DA2F 30531 0001:0008DA33
 30532 0001:0008DA44 30533 0001:0008DA4F 30537 0001:0008DA5A 30540 0001:0008DA74
 30542 0001:0008DA85 30543 0001:0008DA87 30544 0001:0008DA8F 30546 0001:0008DA9B
 30547 0001:0008DAA7 30550 0001:0008DAA9 30552 0001:0008DAB2 30553 0001:0008DAB8
 30555 0001:0008DAC4 30557 0001:0008DACF 30558 0001:0008DAD1 30563 0001:0008DAD6
 30565 0001:0008DADC 30566 0001:0008DAE3 30567 0001:0008DAED 30569 0001:0008DAFE
 30570 0001:0008DB02 30571 0001:0008DB0E 30572 0001:0008DB15 30576 0001:0008DB1B
 30582 0001:0008DB1D 30584 0001:0008DB26 30586 0001:0008DB28 30587 0001:0008DB30
 30588 0001:0008DB3C 30591 0001:0008DB44 30592 0001:0008DB55 30593 0001:0008DB5C
 30594 0001:0008DB62 30600 0001:0008DB64 30601 0001:0008DB6B 30602 0001:0008DB75
 30608 0001:0008DB79 30609 0001:0008DB86 30611 0001:0008DB92 30613 0001:0008DBAA
 30626 0001:0008DC28 30627 0001:0008DC36 30628 0001:0008DC38 30630 0001:0008DC41
 30635 0001:0008DC5F 30637 0001:0008DC6C 30638 0001:0008DC79 30639 0001:0008DC83
 30640 0001:0008DC87 30641 0001:0008DC98 30642 0001:0008DCA3 30646 0001:0008DCAE
 30650 0001:0008DCC8 30652 0001:0008DCD8 30653 0001:0008DCDF 30654 0001:0008DCEB
 30657 0001:0008DCED 30660 0001:0008DCF6 30662 0001:0008DCFC 30663 0001:0008DCFE
 30671 0001:0008DD03 30673 0001:0008DD09 30674 0001:0008DD10 30675 0001:0008DD1A
 30677 0001:0008DD2B 30678 0001:0008DD2F 30679 0001:0008DD3B 30680 0001:0008DD42
 30683 0001:0008DD48 30689 0001:0008DD4A 30691 0001:0008DD53 30692 0001:0008DD55
 30695 0001:0008DD5D 30696 0001:0008DD6E 30697 0001:0008DD75 30698 0001:0008DD7B
 30704 0001:0008DD7D 30705 0001:0008DD84 30706 0001:0008DD8E 30712 0001:0008DD92
 30714 0001:0008DDAA 30722 0001:0008DE28 30723 0001:0008DE35 30725 0001:0008DE55
 30727 0001:0008DE58 30728 0001:0008DE65 30730 0001:0008DE89 30739 0001:0008DEF4
 30740 0001:0008DF01 30742 0001:0008DF21 30744 0001:0008DF24 30745 0001:0008DF2D
 30747 0001:0008DF51 30931 0001:0008DFBC 30932 0001:0008DFC3 30933 0001:0008DFD2
 30935 0001:0008DFDA 30936 0001:0008DFDF 30938 0001:0008DFE6 30939 0001:0008DFF3
 30941 0001:0008E00D 30942 0001:0008E01E 30943 0001:0008E024 30947 0001:0008E028
 30948 0001:0008E039 30949 0001:0008E044 30950 0001:0008E049 30955 0001:0008E04D
 30957 0001:0008E056 30959 0001:0008E05E 30960 0001:0008E067 30961 0001:0008E070
 30968 0001:0008E074 30969 0001:0008E07B 30970 0001:0008E08D 30973 0001:0008E097
 30977 0001:0008E0A0 30955 0001:0008E0AD 30981 0001:0008E0B4 30983 0001:0008E0B9
 30984 0001:0008E0C1 30985 0001:0008E0CA 30981 0001:0008E0D7 30989 0001:0008E0DC
 30990 0001:0008E0F6 31009 0001:0008E100 31010 0001:0008E112 31011 0001:0008E12E
 31013 0001:0008E13B 31014 0001:0008E147 31015 0001:0008E149 31020 0001:0008E14F
 31022 0001:0008E159 31024 0001:0008E162 31025 0001:0008E16A 31026 0001:0008E16B
 31027 0001:0008E174 31034 0001:0008E17F 31035 0001:0008E188 31036 0001:0008E19C
 31039 0001:0008E1A7 31043 0001:0008E1B2 31020 0001:0008E1C1 31047 0001:0008E1C9
 31049 0001:0008E1CF 31051 0001:0008E1D8 31052 0001:0008E1E0 31054 0001:0008E1E1
 31047 0001:0008E1F0 31059 0001:0008E1F6 31060 0001:0008E201 31062 0001:0008E217
 31071 0001:0008E220 31072 0001:0008E22B 31073 0001:0008E248 31074 0001:0008E250
 31075 0001:0008E25B 31097 0001:0008E264 31098 0001:0008E271 31099 0001:0008E289
 31101 0001:0008E2A5 31103 0001:0008E2AD 31102 0001:0008E2B6 31104 0001:0008E2E4
 31115 0001:0008E384 31116 0001:0008E386 31117 0001:0008E398 31119 0001:0008E39C
 31121 0001:0008E3A1 31120 0001:0008E3AA 31122 0001:0008E3BA 31124 0001:0008E3C2
 31247 0001:0008E3C8 31248 0001:0008E3D1 31250 0001:0008E3F9 31251 0001:0008E402
 31252 0001:0008E41B 31254 0001:0008E42F 31262 0001:0008E438 31263 0001:0008E441
 31265 0001:0008E455 31266 0001:0008E468 31268 0001:0008E478 31280 0001:0008E47C
 31281 0001:0008E485 31283 0001:0008E4A1 31284 0001:0008E4AD 31286 0001:0008E4B6
 31288 0001:0008E4C9 31289 0001:0008E4E0 31291 0001:0008E4ED 31292 0001:0008E4FF
 31293 0001:0008E50F 31294 0001:0008E51A 31298 0001:0008E52E 31358 0001:0008E534
 31359 0001:0008E53E 31366 0001:0008E540 31367 0001:0008E557 31483 0001:0008E558
 31484 0001:0008E55F 31485 0001:0008E572 31486 0001:0008E580 31488 0001:0008E59A
 31490 0001:0008E5AA 31504 0001:0008E5B0 31505 0001:0008E5E0 31507 0001:0008E5F3
 31509 0001:0008E5FE 31510 0001:0008E612 31512 0001:0008E637 31517 0001:0008E67B
 31518 0001:0008E67F 31520 0001:0008E688 31521 0001:0008E693 31522 0001:0008E6A1
 31523 0001:0008E6A6 31525 0001:0008E6AF 31529 0001:0008E6C0 31530 0001:0008E6C3
 31531 0001:0008E6CE 31532 0001:0008E6EB 31527 0001:0008E6FE 31534 0001:0008E726
 31535 0001:0008E733 31536 0001:0008E740 31538 0001:0008E761 31542 0001:0008E774
 31545 0001:0008E79B 31547 0001:0008E805 31558 0001:0008E80C 31559 0001:0008E816
 31561 0001:0008E82B 31562 0001:0008E831 31563 0001:0008E83D 31569 0001:0008E844
 31570 0001:0008E853 31571 0001:0008E85C 31574 0001:0008E868 31601 0001:0008E870
 31602 0001:0008E89A 31606 0001:0008E8BB 31608 0001:0008E8D9 31612 0001:0008E91A
 31614 0001:0008E920 31615 0001:0008E926 31616 0001:0008E932 31619 0001:0008E936
 31621 0001:0008E941 31623 0001:0008E94F 31625 0001:0008E95B 31627 0001:0008E95F
 31632 0001:0008E961 31633 0001:0008E96A 31635 0001:0008E97A 31636 0001:0008E98C
 31638 0001:0008E99A 31641 0001:0008E9A6 31642 0001:0008E9B4 31644 0001:0008E9C9
 31645 0001:0008E9DD 31650 0001:0008E9E7 31651 0001:0008EA01 31653 0001:0008EA26
 31656 0001:0008EA2C 31658 0001:0008EA3E 31659 0001:0008EA54 31664 0001:0008EA67
 31666 0001:0008EA6C 31667 0001:0008EA75 31669 0001:0008EA7F 31671 0001:0008EA88
 31673 0001:0008EA9A 31674 0001:0008EAB0 31675 0001:0008EABE 31667 0001:0008EAC4
 31680 0001:0008EACF 31681 0001:0008EAD8 31683 0001:0008EAE2 31685 0001:0008EAEB
 31687 0001:0008EAFD 31688 0001:0008EB13 31689 0001:0008EB21 31681 0001:0008EB27
 31700 0001:0008EB32 31701 0001:0008EB40 31703 0001:0008EB55 31705 0001:0008EB69
 31707 0001:0008EB73 31708 0001:0008EB82 31710 0001:0008EB90 31711 0001:0008EB96
 31714 0001:0008EBA9 31715 0001:0008EBB2 31717 0001:0008EBB8 31718 0001:0008EBC9
 31715 0001:0008EBD2 31722 0001:0008EBD8 31723 0001:0008EBE3 31724 0001:0008EBF1
 31727 0001:0008EBFF 31728 0001:0008EC0A 31729 0001:0008EC20 31730 0001:0008EC37
 31725 0001:0008EC45 31733 0001:0008EC76 31736 0001:0008EC96 31739 0001:0008ECA6
 31740 0001:0008ECB1 31741 0001:0008ECBF 31742 0001:0008ECC5 31744 0001:0008ECD4
 31746 0001:0008ECEE 31751 0001:0008ED01 31752 0001:0008ED09 31754 0001:0008ED1B
 31755 0001:0008ED26 31756 0001:0008ED33 31757 0001:0008ED3B 31758 0001:0008ED43
 31760 0001:0008ED4B 31762 0001:0008ED80 31818 0001:0008EE08 31819 0001:0008EE3E
 31821 0001:0008EE4E 31822 0001:0008EE63 31823 0001:0008EE71 31825 0001:0008EE7F
 31826 0001:0008EE8A 31828 0001:0008EE9D 31831 0001:0008EEA2 31833 0001:0008EEB2
 31835 0001:0008EEBB 31840 0001:0008EECA 31843 0001:0008EED9 31845 0001:0008EF09
 31847 0001:0008EF15 31849 0001:0008EF20 31852 0001:0008EF2B 31853 0001:0008EF4D
 31857 0001:0008EF5D 31858 0001:0008EF66 31862 0001:0008EF6B 31863 0001:0008EF76
 31865 0001:0008EF84 31866 0001:0008EF97 31873 0001:0008EFC7 31876 0001:0008EFF8
 31878 0001:0008F031 31879 0001:0008F03F 31880 0001:0008F04D 31881 0001:0008F071
 31884 0001:0008F082 31886 0001:0008F0B0 31887 0001:0008F0B5 31888 0001:0008F0C4
 31891 0001:0008F0C9 31892 0001:0008F0CE 31893 0001:0008F0E9 31894 0001:0008F0ED
 31897 0001:0008F0F3 31898 0001:0008F0F9 31902 0001:0008F10B 31903 0001:0008F119
 31905 0001:0008F129 31906 0001:0008F140 31907 0001:0008F146 31911 0001:0008F154
 31913 0001:0008F15B 31915 0001:0008F168 31921 0001:0008F1A1 31922 0001:0008F1B8
 31923 0001:0008F1C3 31924 0001:0008F1D2 31927 0001:0008F216 31928 0001:0008F222
 31929 0001:0008F233 31930 0001:0008F24E 31933 0001:0008F251 31937 0001:0008F265
 31938 0001:0008F294 31940 0001:0008F2A1 31944 0001:0008F2B1 31946 0001:0008F2C1
 31951 0001:0008F2C7 31954 0001:0008F2DD 31955 0001:0008F2E7 31956 0001:0008F2F9
 31962 0001:0008F30D 31963 0001:0008F325 31968 0001:0008F359 31971 0001:0008F370
 31972 0001:0008F37D 31974 0001:0008F386 31977 0001:0008F3A3 31980 0001:0008F3C9
 31983 0001:0008F3D4 31987 0001:0008F407 31988 0001:0008F417 31989 0001:0008F41D
 31992 0001:0008F42B 31997 0001:0008F43C 31999 0001:0008F442 32000 0001:0008F454
 32001 0001:0008F45A 32002 0001:0008F463 32003 0001:0008F479 32007 0001:0008F491
 32008 0001:0008F49B 32009 0001:0008F4A7 32012 0001:0008F4B6 32015 0001:0008F4C1
 32017 0001:0008F4F5 32018 0001:0008F4FD 32022 0001:0008F53A 32024 0001:0008F542
 32027 0001:0008F553 32028 0001:0008F55C 32032 0001:0008F567 32035 0001:0008F595
 32038 0001:0008F5A9 32043 0001:0008F5B8 32045 0001:0008F5DC 32047 0001:0008F5EE
 32048 0001:0008F5F7 32050 0001:0008F608 32052 0001:0008F617 32054 0001:0008F61C
 32055 0001:0008F639 32057 0001:0008F642 32058 0001:0008F66E 32062 0001:0008F677
 32063 0001:0008F681 32065 0001:0008F687 32066 0001:0008F6A6 32067 0001:0008F6AF
 32070 0001:0008F6DD 32071 0001:0008F6E7 32073 0001:0008F6ED 32074 0001:0008F720
 32075 0001:0008F729 32078 0001:0008F754 32081 0001:0008F75E 32082 0001:0008F762
 32084 0001:0008F78F 32086 0001:0008F799 32087 0001:0008F7AB 32089 0001:0008F7B4
 32090 0001:0008F7C8 32091 0001:0008F7DC 32092 0001:0008F7F8 32094 0001:0008F80B
 32098 0001:0008F81E 32100 0001:0008F83E 32101 0001:0008F861 32103 0001:0008F879
 32105 0001:0008F882 32110 0001:0008F8D4 32115 0001:0008F925 32116 0001:0008F94B
 32117 0001:0008F951 32120 0001:0008F957 32124 0001:0008F961 32127 0001:0008F99A
 32129 0001:0008F9BE 32130 0001:0008F9E1 32132 0001:0008FA07 32133 0001:0008FA0D
 32138 0001:0008FA13 32141 0001:0008FA2B 32143 0001:0008FA33 32146 0001:0008FA5D
 32150 0001:0008FA93 32153 0001:0008FAC9 32155 0001:0008FAFD 32156 0001:0008FB06
 32159 0001:0008FB2B 32160 0001:0008FB34 32161 0001:0008FB49 32162 0001:0008FB52
 32166 0001:0008FB67 32168 0001:0008FB9B 32170 0001:0008FBAC 32175 0001:0008FBD1
 32176 0001:0008FBDB 32179 0001:0008FBDD 32181 0001:0008FBEF 32183 0001:0008FC02
 32188 0001:0008FC17 32191 0001:0008FC2A 32194 0001:0008FC3A 32195 0001:0008FC55
 32196 0001:0008FC65 31994 0001:0008FC75 32204 0001:0008FC93 32207 0001:0008FCB1
 32209 0001:0008FCDA 32215 0001:0008FCF8 32217 0001:0008FCFE 32222 0001:0008FD37
 32223 0001:0008FD3D 32228 0001:0008FD7E 32229 0001:0008FD8B 32233 0001:0008FD93
 32234 0001:0008FD99 32237 0001:0008FDB2 31918 0001:0008FDC8 32242 0001:0008FDD5
 32245 0001:0008FDE1 32246 0001:0008FDE7 32247 0001:0008FDF3 32248 0001:0008FE0E
 32250 0001:0008FE28 32253 0001:0008FE2E 32254 0001:0008FE38 32255 0001:0008FE42
 32256 0001:0008FE50 32260 0001:0008FE5E 32262 0001:0008FE7A 32264 0001:0008FE80
 32265 0001:0008FE8F 32266 0001:0008FE9E 32268 0001:0008FEC9 32273 0001:0008FEF4
 32274 0001:0008FF04 32276 0001:0008FF0E 32279 0001:0008FF1A 32281 0001:0008FF20
 32283 0001:0008FF2C 32285 0001:0008FF32 32286 0001:0008FF47 32287 0001:0008FF60
 32289 0001:0008FF6B 32291 0001:0008FF7A 32295 0001:0008FF82 32296 0001:0008FF97
 32300 0001:0008FFB0 32302 0001:0008FFB7 32306 0001:0008FFDF 32307 0001:0008FFF1
 32310 0001:00090004 32312 0001:00090010 32313 0001:00090019 32314 0001:00090022
 32316 0001:00090028 32321 0001:00090062 32322 0001:00090088 32325 0001:0009008E
 32326 0001:0009009E 32328 0001:000900BB 32329 0001:000900D9 32331 0001:000900EA
 32303 0001:000900F9 32335 0001:0009010E 32337 0001:0009011C 32338 0001:00090128
 32340 0001:00090134 32343 0001:00090161 32344 0001:00090167 32345 0001:00090185
 32348 0001:00090196 32353 0001:000901A7 32354 0001:000901B6 32355 0001:000901D4
 32359 0001:000901E2 32361 0001:000901F1 32363 0001:000901F7 32366 0001:0009020A
 32367 0001:0009022E 32368 0001:00090241 32371 0001:0009025F 32372 0001:00090265
 32376 0001:000902B1 32377 0001:000902BC 32378 0001:000902C2 32380 0001:000902D6
 32383 0001:000902E6 32386 0001:0009030E 32387 0001:00090322 32388 0001:00090332
 32389 0001:00090344 32390 0001:0009034E 32391 0001:00090363 32392 0001:00090372
 32396 0001:00090382 32400 0001:000903C0 32402 0001:000903DB 32405 0001:0009041B
 32419 0001:00090438 32420 0001:00090454 32421 0001:00090456 32423 0001:00090466
 32424 0001:00090478 32427 0001:0009049F 32428 0001:000904AE 32430 0001:000904DE
 32431 0001:000904E2 32432 0001:000904E6 32434 0001:000904EF 32438 0001:00090532
 32455 0001:0009054C 32456 0001:00090561 32459 0001:00090573 32460 0001:0009057F
 32461 0001:0009058A 32462 0001:00090593 32466 0001:000905D7 32469 0001:000905E1
 32471 0001:000905E8 32472 0001:000905ED 32475 0001:000905F4 32476 0001:000905F9
 32478 0001:00090600 32479 0001:00090605 32482 0001:0009060C 32485 0001:00090611
 32486 0001:00090620 32488 0001:0009062E 32489 0001:00090638 32490 0001:00090646
 32493 0001:00090654 32494 0001:00090671 32496 0001:000906A3 32497 0001:000906AA
 32498 0001:000906B3 32499 0001:000906B7 32502 0001:000906D5 32503 0001:000906EB
 32504 0001:000906F8 32506 0001:00090711 32507 0001:00090725 32509 0001:00090747
 32512 0001:00090757 32733 0001:000907E0 32734 0001:000907F7 32741 0001:000907F8
 32742 0001:0009080C 32743 0001:00090816 32744 0001:00090831 32751 0001:0009083C
 32752 0001:00090840 32753 0001:0009084A 32754 0001:00090861 32761 0001:00090868
 32762 0001:00090872 32763 0001:0009087C 32765 0001:00090892 32766 0001:0009089E

Line numbers for Main(Main.pas) segment .text

    56 0001:00098C18    59 0001:00098C1B    62 0001:00098C31    64 0001:00098C3B
    65 0001:00098C4B    74 0001:00098C50    75 0001:00098C6D    76 0001:00098C7D
    77 0001:00098C8B    78 0001:00098C92    79 0001:00098CA0    81 0001:00098CDC
    83 0001:00098D0F    93 0001:00098D40    95 0001:00098D67    96 0001:00098D77
    97 0001:00098D7D    98 0001:00098D8B    99 0001:00098D92   102 0001:00098DAC
   103 0001:00098DC5   106 0001:00098DDA   108 0001:00098DE3   109 0001:00098DFC
   110 0001:00098E1B   114 0001:00098E2A   116 0001:00098E66   118 0001:00098EA6
   129 0001:00098ED8   132 0001:00098EE2   133 0001:00098EEE   134 0001:00098EF4
   135 0001:00098F01   144 0001:00098F08   145 0001:00098F0F   149 0001:00098F1B
   150 0001:00098F29   160 0001:00098F30   163 0001:00098F50   166 0001:00098F5C
   168 0001:00098FB3   175 0001:00098FD8   176 0001:00098FDD   182 0001:00098FE0
   183 0001:00098FE3   184 0001:00098FF1   188 0001:00099024   188 0001:0009902B

Line numbers for Minimal(D:\Codes\Delphi\VirtualTreeviewV5.3.0\Demos\Minimal\Minimal.dpr) segment .text

     9 0001:0009921C    10 0001:0009922C    11 0001:00099238    12 0001:00099250
    13 0001:0009925C

Bound resource files

c:\program files (x86)\borland\delphi7\Lib\Controls.res
..\..\Source\VirtualTrees.res
Main.DFM
Minimal.RES
Minimal.drf


Program entry point at 0001:0009921C
