
 Start         Length     Name                   Class
 0001:00000000 00099BF8H .text                   CODE
 0002:00000000 000016D0H .data                   DATA
 0002:000016D0 00000CA9H .bss                    BSS


Detailed map of segments

 0001:00000000 000057DB C=CODE     S=.text    G=(none)   M=System   ACBP=A9
 0001:000057DC 00000158 C=CODE     S=.text    G=(none)   M=SysInit  ACBP=A9
 0001:00005934 0000019C C=CODE     S=.text    G=(none)   M=Types    ACBP=A9
 0001:00005AD0 00000E10 C=CODE     S=.text    G=(none)   M=Windows  ACBP=A9
 0001:000068E0 00000038 C=CODE     S=.text    G=(none)   M=Messages ACBP=A9
 0001:00006918 00000320 C=CODE     S=.text    G=(none)   M=SysConst ACBP=A9
 0001:00006C38 00006A64 C=CODE     S=.text    G=(none)   M=SysUtils ACBP=A9
 0001:0000D69C 00000807 C=CODE     S=.text    G=(none)   M=VarUtils ACBP=A9
 0001:0000DEA4 000066C6 C=CODE     S=.text    G=(none)   M=Variants ACBP=A9
 0001:0001456C 00000138 C=CODE     S=.text    G=(none)   M=RTLConsts ACBP=A9
 0001:000146A4 00000E04 C=CODE     S=.text    G=(none)   M=TypInfo  ACBP=A9
 0001:000154A8 00000208 C=CODE     S=.text    G=(none)   M=ActiveX  ACBP=A9
 0001:000156B0 0000D39A C=CODE     S=.text    G=(none)   M=Classes  ACBP=A9
 0001:00022A4C 000002E0 C=CODE     S=.text    G=(none)   M=Consts   ACBP=A9
 0001:00022D2C 000094EF C=CODE     S=.text    G=(none)   M=Graphics ACBP=A9
 0001:0002C21C 0000013C C=CODE     S=.text    G=(none)   M=Math     ACBP=A9
 0001:0002C358 000002D4 C=CODE     S=.text    G=(none)   M=Contnrs  ACBP=A9
 0001:0002C62C 000001A0 C=CODE     S=.text    G=(none)   M=CommCtrl ACBP=A9
 0001:0002C7CC 00000793 C=CODE     S=.text    G=(none)   M=MultiMon ACBP=A9
 0001:0002CF60 00000038 C=CODE     S=.text    G=(none)   M=Imm      ACBP=A9
 0001:0002CF98 00000FF8 C=CODE     S=.text    G=(none)   M=HelpIntfs ACBP=A9
 0001:0002DF90 00000038 C=CODE     S=.text    G=(none)   M=WinSpool ACBP=A9
 0001:0002DFC8 00000044 C=CODE     S=.text    G=(none)   M=Printers ACBP=A9
 0001:0002E00C 0000031F C=CODE     S=.text    G=(none)   M=FlatSB   ACBP=A9
 0001:0002E32C 000001A4 C=CODE     S=.text    G=(none)   M=SyncObjs ACBP=A9
 0001:0002E4D0 000009BB C=CODE     S=.text    G=(none)   M=UxTheme  ACBP=A9
 0001:0002EE8C 00000BCC C=CODE     S=.text    G=(none)   M=Themes   ACBP=A9
 0001:0002FA58 00003EB4 C=CODE     S=.text    G=(none)   M=StdCtrls ACBP=A9
 0001:0003390C 00000038 C=CODE     S=.text    G=(none)   M=ShellAPI ACBP=A9
 0001:00033944 00000038 C=CODE     S=.text    G=(none)   M=RegStr   ACBP=A9
 0001:0003397C 00000038 C=CODE     S=.text    G=(none)   M=WinInet  ACBP=A9
 0001:000339B4 00000038 C=CODE     S=.text    G=(none)   M=UrlMon   ACBP=A9
 0001:000339EC 00000038 C=CODE     S=.text    G=(none)   M=ShlObj   ACBP=A9
 0001:00033A24 00000038 C=CODE     S=.text    G=(none)   M=CommDlg  ACBP=A9
 0001:00033A5C 00002406 C=CODE     S=.text    G=(none)   M=ExtCtrls ACBP=A9
 0001:00035E64 00000038 C=CODE     S=.text    G=(none)   M=Dlgs     ACBP=A9
 0001:00035E9C 0000130D C=CODE     S=.text    G=(none)   M=Dialogs  ACBP=A9
 0001:000371AC 00000094 C=CODE     S=.text    G=(none)   M=Clipbrd  ACBP=A9
 0001:00037240 0000012C C=CODE     S=.text    G=(none)   M=StrUtils ACBP=A9
 0001:0003736C 00000168 C=CODE     S=.text    G=(none)   M=StdActns ACBP=A9
 0001:000374D4 00000D1F C=CODE     S=.text    G=(none)   M=WinHelpViewer ACBP=A9
 0001:000381F4 00010F67 C=CODE     S=.text    G=(none)   M=Controls ACBP=A9
 0001:0004915C 00001292 C=CODE     S=.text    G=(none)   M=ActnList ACBP=A9
 0001:0004A3F0 0000199C C=CODE     S=.text    G=(none)   M=ImgList  ACBP=A9
 0001:0004BD8C 000066AD C=CODE     S=.text    G=(none)   M=Menus    ACBP=A9
 0001:0005243C 0000C654 C=CODE     S=.text    G=(none)   M=Forms    ACBP=A9
 0001:0005EA90 00000058 C=CODE     S=.text    G=(none)   M=ComConst ACBP=A9
 0001:0005EAE8 00000E85 C=CODE     S=.text    G=(none)   M=ComObj   ACBP=A9
 0001:0005F970 00000038 C=CODE     S=.text    G=(none)   M=StdVCL   ACBP=A9
 0001:0005F9A8 000008D7 C=CODE     S=.text    G=(none)   M=AxCtrls  ACBP=A9
 0001:00060280 00000040 C=CODE     S=.text    G=(none)   M=MMSystem ACBP=A9
 0001:000602C0 00000298 C=CODE     S=.text    G=(none)   M=VTAccessibilityFactory ACBP=A9
 0001:00060558 000000AF C=CODE     S=.text    G=(none)   M=GraphUtil ACBP=A9
 0001:00060608 000351DB C=CODE     S=.text    G=(none)   M=VirtualTrees ACBP=A9
 0001:000957E4 00001BA4 C=CODE     S=.text    G=(none)   M=MVCTypes ACBP=A9
 0001:00097388 000003C4 C=CODE     S=.text    G=(none)   M=MVCPanel ACBP=A9
 0001:0009774C 00000038 C=CODE     S=.text    G=(none)   M=RichEdit ACBP=A9
 0001:00097784 00000038 C=CODE     S=.text    G=(none)   M=ToolWin  ACBP=A9
 0001:000977BC 00000040 C=CODE     S=.text    G=(none)   M=ComStrs  ACBP=A9
 0001:000977FC 000000F5 C=CODE     S=.text    G=(none)   M=Buttons  ACBP=A9
 0001:000978F4 00000038 C=CODE     S=.text    G=(none)   M=ExtDlgs  ACBP=A9
 0001:0009792C 00000068 C=CODE     S=.text    G=(none)   M=IniFiles ACBP=A9
 0001:00097994 00000068 C=CODE     S=.text    G=(none)   M=Registry ACBP=A9
 0001:000979FC 0000006C C=CODE     S=.text    G=(none)   M=Mapi     ACBP=A9
 0001:00097A68 00000058 C=CODE     S=.text    G=(none)   M=ExtActns ACBP=A9
 0001:00097AC0 00000038 C=CODE     S=.text    G=(none)   M=ListActns ACBP=A9
 0001:00097AF8 000014C4 C=CODE     S=.text    G=(none)   M=ComCtrls ACBP=A9
 0001:00098FBC 0000099B C=CODE     S=.text    G=(none)   M=MVCDemoMain ACBP=A9
 0001:00099958 0000029D C=CODE     S=.text    G=(none)   M=MVCDemo  ACBP=A9
 0002:00000000 000000A0 C=DATA     S=.data    G=DGROUP   M=System   ACBP=A9
 0002:000000A0 00000020 C=DATA     S=.data    G=DGROUP   M=SysInit  ACBP=A9
 0002:000000C0 00000254 C=DATA     S=.data    G=DGROUP   M=SysUtils ACBP=A9
 0002:00000314 00000008 C=DATA     S=.data    G=DGROUP   M=VarUtils ACBP=A9
 0002:0000031C 00000136 C=DATA     S=.data    G=DGROUP   M=Variants ACBP=A9
 0002:00000454 0000000C C=DATA     S=.data    G=DGROUP   M=TypInfo  ACBP=A9
 0002:00000460 00000010 C=DATA     S=.data    G=DGROUP   M=ActiveX  ACBP=A9
 0002:00000470 00000064 C=DATA     S=.data    G=DGROUP   M=Classes  ACBP=A9
 0002:000004D4 0000030C C=DATA     S=.data    G=DGROUP   M=Graphics ACBP=A9
 0002:000007E0 00000004 C=DATA     S=.data    G=DGROUP   M=Printers ACBP=A9
 0002:000007E4 00000068 C=DATA     S=.data    G=DGROUP   M=Themes   ACBP=A9
 0002:0000084C 0000005C C=DATA     S=.data    G=DGROUP   M=StdCtrls ACBP=A9
 0002:000008A8 0000018C C=DATA     S=.data    G=DGROUP   M=ExtCtrls ACBP=A9
 0002:00000A34 000000B4 C=DATA     S=.data    G=DGROUP   M=Dialogs  ACBP=A9
 0002:00000AE8 0000013C C=DATA     S=.data    G=DGROUP   M=Controls ACBP=A9
 0002:00000C24 00000020 C=DATA     S=.data    G=DGROUP   M=ImgList  ACBP=A9
 0002:00000C44 000000EC C=DATA     S=.data    G=DGROUP   M=Menus    ACBP=A9
 0002:00000D30 0000011C C=DATA     S=.data    G=DGROUP   M=Forms    ACBP=A9
 0002:00000E4C 00000030 C=DATA     S=.data    G=DGROUP   M=ComObj   ACBP=A9
 0002:00000E7C 00000005 C=DATA     S=.data    G=DGROUP   M=VTAccessibilityFactory ACBP=A9
 0002:00000E84 0000037C C=DATA     S=.data    G=DGROUP   M=VirtualTrees ACBP=A9
 0002:00001200 0000002C C=DATA     S=.data    G=DGROUP   M=Buttons  ACBP=A9
 0002:0000122C 00000008 C=DATA     S=.data    G=DGROUP   M=IniFiles ACBP=A9
 0002:00001234 00000008 C=DATA     S=.data    G=DGROUP   M=Registry ACBP=A9
 0002:0000123C 00000008 C=DATA     S=.data    G=DGROUP   M=Mapi     ACBP=A9
 0002:00001244 00000018 C=DATA     S=.data    G=DGROUP   M=ComCtrls ACBP=A9
 0002:00002000 00000664 C=BSS      S=.bss     G=DGROUP   M=System   ACBP=A9
 0002:00002664 00000010 C=BSS      S=.bss     G=DGROUP   M=SysInit  ACBP=A9
 0002:00002674 00000004 C=BSS      S=.bss     G=DGROUP   M=Types    ACBP=A9
 0002:00002678 00000004 C=BSS      S=.bss     G=DGROUP   M=Windows  ACBP=A9
 0002:0000267C 00000004 C=BSS      S=.bss     G=DGROUP   M=Messages ACBP=A9
 0002:00002680 00000004 C=BSS      S=.bss     G=DGROUP   M=SysConst ACBP=A9
 0002:00002684 00000120 C=BSS      S=.bss     G=DGROUP   M=SysUtils ACBP=A9
 0002:000027A4 0000005C C=BSS      S=.bss     G=DGROUP   M=VarUtils ACBP=A9
 0002:00002800 00000040 C=BSS      S=.bss     G=DGROUP   M=Variants ACBP=A9
 0002:00002840 00000004 C=BSS      S=.bss     G=DGROUP   M=RTLConsts ACBP=A9
 0002:00002844 00000004 C=BSS      S=.bss     G=DGROUP   M=TypInfo  ACBP=A9
 0002:00002848 00000004 C=BSS      S=.bss     G=DGROUP   M=ActiveX  ACBP=A9
 0002:0000284C 00000044 C=BSS      S=.bss     G=DGROUP   M=Classes  ACBP=A9
 0002:00002890 00000004 C=BSS      S=.bss     G=DGROUP   M=Consts   ACBP=A9
 0002:00002894 00000060 C=BSS      S=.bss     G=DGROUP   M=Graphics ACBP=A9
 0002:000028F4 00000004 C=BSS      S=.bss     G=DGROUP   M=Math     ACBP=A9
 0002:000028F8 00000004 C=BSS      S=.bss     G=DGROUP   M=Contnrs  ACBP=A9
 0002:000028FC 0000000C C=BSS      S=.bss     G=DGROUP   M=CommCtrl ACBP=A9
 0002:00002908 00000031 C=BSS      S=.bss     G=DGROUP   M=MultiMon ACBP=A9
 0002:0000293C 00000004 C=BSS      S=.bss     G=DGROUP   M=Imm      ACBP=A9
 0002:00002940 00000008 C=BSS      S=.bss     G=DGROUP   M=HelpIntfs ACBP=A9
 0002:00002948 00000004 C=BSS      S=.bss     G=DGROUP   M=WinSpool ACBP=A9
 0002:0000294C 00000004 C=BSS      S=.bss     G=DGROUP   M=Printers ACBP=A9
 0002:00002950 00000034 C=BSS      S=.bss     G=DGROUP   M=FlatSB   ACBP=A9
 0002:00002984 00000004 C=BSS      S=.bss     G=DGROUP   M=SyncObjs ACBP=A9
 0002:00002988 000000CC C=BSS      S=.bss     G=DGROUP   M=UxTheme  ACBP=A9
 0002:00002A54 00000008 C=BSS      S=.bss     G=DGROUP   M=Themes   ACBP=A9
 0002:00002A5C 00000004 C=BSS      S=.bss     G=DGROUP   M=StdCtrls ACBP=A9
 0002:00002A60 00000004 C=BSS      S=.bss     G=DGROUP   M=ShellAPI ACBP=A9
 0002:00002A64 00000004 C=BSS      S=.bss     G=DGROUP   M=RegStr   ACBP=A9
 0002:00002A68 00000004 C=BSS      S=.bss     G=DGROUP   M=WinInet  ACBP=A9
 0002:00002A6C 00000004 C=BSS      S=.bss     G=DGROUP   M=UrlMon   ACBP=A9
 0002:00002A70 00000004 C=BSS      S=.bss     G=DGROUP   M=ShlObj   ACBP=A9
 0002:00002A74 00000004 C=BSS      S=.bss     G=DGROUP   M=CommDlg  ACBP=A9
 0002:00002A78 00000004 C=BSS      S=.bss     G=DGROUP   M=ExtCtrls ACBP=A9
 0002:00002A7C 00000004 C=BSS      S=.bss     G=DGROUP   M=Dlgs     ACBP=A9
 0002:00002A80 00000038 C=BSS      S=.bss     G=DGROUP   M=Dialogs  ACBP=A9
 0002:00002AB8 0000000C C=BSS      S=.bss     G=DGROUP   M=Clipbrd  ACBP=A9
 0002:00002AC4 00000004 C=BSS      S=.bss     G=DGROUP   M=StrUtils ACBP=A9
 0002:00002AC8 00000004 C=BSS      S=.bss     G=DGROUP   M=StdActns ACBP=A9
 0002:00002ACC 00000014 C=BSS      S=.bss     G=DGROUP   M=WinHelpViewer ACBP=A9
 0002:00002AE0 00000080 C=BSS      S=.bss     G=DGROUP   M=Controls ACBP=A9
 0002:00002B60 00000004 C=BSS      S=.bss     G=DGROUP   M=ActnList ACBP=A9
 0002:00002B64 0000000C C=BSS      S=.bss     G=DGROUP   M=ImgList  ACBP=A9
 0002:00002B70 00000010 C=BSS      S=.bss     G=DGROUP   M=Menus    ACBP=A9
 0002:00002B80 00000020 C=BSS      S=.bss     G=DGROUP   M=Forms    ACBP=A9
 0002:00002BA0 00000004 C=BSS      S=.bss     G=DGROUP   M=ComConst ACBP=A9
 0002:00002BA4 00000011 C=BSS      S=.bss     G=DGROUP   M=ComObj   ACBP=A9
 0002:00002BB8 00000004 C=BSS      S=.bss     G=DGROUP   M=StdVCL   ACBP=A9
 0002:00002BBC 0000001C C=BSS      S=.bss     G=DGROUP   M=AxCtrls  ACBP=A9
 0002:00002BD8 00000004 C=BSS      S=.bss     G=DGROUP   M=MMSystem ACBP=A9
 0002:00002BDC 00000004 C=BSS      S=.bss     G=DGROUP   M=VTAccessibilityFactory ACBP=A9
 0002:00002BE0 00000004 C=BSS      S=.bss     G=DGROUP   M=GraphUtil ACBP=A9
 0002:00002BE4 0000004C C=BSS      S=.bss     G=DGROUP   M=VirtualTrees ACBP=A9
 0002:00002C30 00000004 C=BSS      S=.bss     G=DGROUP   M=MVCTypes ACBP=A9
 0002:00002C34 00000004 C=BSS      S=.bss     G=DGROUP   M=MVCPanel ACBP=A9
 0002:00002C38 00000004 C=BSS      S=.bss     G=DGROUP   M=RichEdit ACBP=A9
 0002:00002C3C 00000004 C=BSS      S=.bss     G=DGROUP   M=ToolWin  ACBP=A9
 0002:00002C40 00000004 C=BSS      S=.bss     G=DGROUP   M=ComStrs  ACBP=A9
 0002:00002C44 00000030 C=BSS      S=.bss     G=DGROUP   M=Buttons  ACBP=A9
 0002:00002C74 00000004 C=BSS      S=.bss     G=DGROUP   M=ExtDlgs  ACBP=A9
 0002:00002C78 00000004 C=BSS      S=.bss     G=DGROUP   M=IniFiles ACBP=A9
 0002:00002C7C 00000004 C=BSS      S=.bss     G=DGROUP   M=Registry ACBP=A9
 0002:00002C80 00000004 C=BSS      S=.bss     G=DGROUP   M=Mapi     ACBP=A9
 0002:00002C84 00000009 C=BSS      S=.bss     G=DGROUP   M=ExtActns ACBP=A9
 0002:00002C90 00000004 C=BSS      S=.bss     G=DGROUP   M=ListActns ACBP=A9
 0002:00002C94 0000000C C=BSS      S=.bss     G=DGROUP   M=ComCtrls ACBP=A9
 0002:00002CA0 00000008 C=BSS      S=.bss     G=DGROUP   M=MVCDemoMain ACBP=A9


  Address         Publics by Name

 0002:00002BBC       .02
 0002:00002A6C       .1
 0002:00002840       .1
 0002:00002A68       .1
 0002:00002BB8       .1
 0002:00002AD4       .1
 0002:00002890       .1
 0002:00002C38       .1
 0002:00002A7C       .1
 0002:00002680       .1
 0002:00002A64       .1
 0002:00002C80       .1
 0002:00002674       .1
 0002:00002A74       .1
 0002:0000266C       .1
 0002:00002AC4       .1
 0002:00002A70       .1
 0002:00002A44       .1
 0002:000028FC       .1
 0002:00002BA0       .1
 0002:00002928       .1
 0002:00002A60       .1
 0002:00002C40       .1
 0002:0000267C       .1
 0002:00002BE0       .1
 0002:0000293C       .1
 0002:00002970       .1
 0002:00002A80       .11
 0002:00002A78       .12
 0002:00002898       .12
 0002:00002CA4       .2
 0002:00002A54       .2
 0002:000028F4       .2
 0002:00002BDC       .2
 0002:00002C34       .2
 0002:00002940       .2
 0002:00002ABC       .2
 0002:000028F8       .21
 0002:00002C74       .3
 0002:00002B64       .3
 0002:00002848       .3
 0002:0000294C       .3
 0002:00002678       .3
 0002:00002948       .3
 0002:00002794       .35
 0002:00002C94       .36
 0002:00002C3C       .4
 0002:00002C44       .4
 0002:00002B88       .41
 0002:00002BA4       .41
 0002:00002A5C       .42
 0002:00002BF4       .43
 0002:00002858       .45
 0002:00002C7C       .5
 0002:000027FC       .5
 0002:000025BC       .5
 0002:00002C30       .6
 0002:00002844       .6
 0002:00002984       .6
 0002:00002BD8       .7
 0002:00002AE8       .72
 0002:00002C84       .72
 0002:00002AC8       .73
 0002:00002B60       .8
 0002:00002C78       .8
 0002:00002C90       .8
 0002:00002820       .81
 0002:00002B78       .9
 0001:00001DC8       @AbstractError
 0001:000029E8       @AfterConstruction
 0001:000027D4       @AsClass
 0001:00003400       @Assert
 0001:00001F30       @AStrCmp
 0001:000029F8       @BeforeDestruction
 0001:00002554       @BoundErr
 0001:00002820       @CallDynaInst
 0001:00002990       @ClassCreate
 0001:000029E0       @ClassDestroy
 0001:00001E38       @Close
 0001:00001C6C       @Copy
 0001:00004320       @CopyArray
 0001:00004204       @CopyRecord
 0001:0000448C       @DispCallByIDError
 0001:0000EA84       @DispInvokeError
 0001:00004428       @Dispose
 0001:00002E74       @DoneExcept
 0001:00004A28       @DynArrayAddRef
 0001:00004A00       @DynArrayAsg
 0001:000049C4       @DynArrayClear
 0001:000048C4       @DynArrayCopyRange
 0001:000046E4       @DynArrayHigh
 0001:000046DC       @DynArrayLength
 0001:000048B8       @DynArraySetLength
 0001:00002F5C       @ExceptionHandler
 0001:00001D5C       @EXP
 0001:00001FA0       @FillChar
 0001:000041E0       @Finalize
 0001:000040F4       @FinalizeArray
 0001:000040A8       @FinalizeRecord
 0001:00002838       @FindDynaInst
 0001:00002548       @FpuInit
 0001:00002484       @FpuMaskInit
 0001:00001D74       @FRAC
 0001:00001AE0       @FreeMem
 0001:00001AB0       @GetMem
 0001:0000586C       @GetTls
 0001:000033E8       @Halt
 0001:00003308       @Halt0
 0001:00002B0C       @HandleAnyException
 0001:00002DC0       @HandleFinally
 0001:00002C38       @HandleOnException
 0001:000058B8       @InitExe
 0001:0000409C       @Initialize
 0001:00004008       @InitializeArray
 0001:00003FD8       @InitializeRecord
 0001:000031B0       @InitImports
 0001:00003188       @InitResStringImports
 0001:00003164       @InitResStrings
 0001:000031D4       @InitWideStrings
 0001:00005198       @IntfAddRef
 0001:00005168       @IntfCast
 0001:00005124       @IntfClear
 0001:0000513C       @IntfCopy
 0001:000027B0       @IsClass
 0001:00002454       @isNECWindows
 0001:00003954       @LStrAddRef
 0001:000034C8       @LStrArrayClr
 0001:000034F8       @LStrAsg
 0001:0000376C       @LStrCat
 0001:000037B0       @LStrCat3
 0001:00003824       @LStrCatN
 0001:000034A4       @LStrClr
 0001:000038B0       @LStrCmp
 0001:000039C4       @LStrCopy
 0001:00003A04       @LStrDelete
 0001:00003714       @LStrFromArray
 0001:0000368C       @LStrFromChar
 0001:0000369C       @LStrFromPChar
 0001:00003594       @LStrFromPCharLen
 0001:000036CC       @LStrFromPWChar
 0001:00003600       @LStrFromPWCharLen
 0001:00003708       @LStrFromString
 0001:0000372C       @LStrFromWStr
 0001:00003A4C       @LStrInsert
 0001:0000353C       @LStrLAsg
 0001:00003764       @LStrLen
 0001:00003B54       @LStrOfChar
 0001:00003AA8       @LStrPos
 0001:00003AF0       @LStrSetLength
 0001:00003964       @LStrToPChar
 0001:00003740       @LStrToString
 0001:00004414       @New
 0001:00003568       @NewAnsiString
 0001:00003B88       @NewWideString
 0001:00002168       @Pow10
 0001:00001EAC       @PStrCmp
 0001:00001E90       @PStrNCpy
 0001:00002E20       @RaiseAgain
 0001:00002DF8       @RaiseExcept
 0001:00001FC0       @RandInt
 0001:00001B00       @ReallocMem
 0001:00001D98       @ROUND
 0001:000033F4       @RunError
 0001:000020E0       @SetElem
 0001:00002104       @SetEq
 0001:00002140       @SetExpand
 0001:00002118       @SetIntersect
 0001:00002130       @SetSub
 0001:00002124       @SetUnion
 0001:00003124       @StartExe
 0001:00000314       @strlen
 0001:00001DA4       @TRUNC
 0001:00002EA4       @TryFinallyExit
 0001:000039BC       @UniqueStringA
 0001:000044B8       @ValInt64
 0001:00001FDC       @ValLong
 0001:00013B30       @VarAddRef
 0001:0000F378       @VarCast
 0001:0000ED70       @VarClear
 0001:0000ED84       @VarClr
 0001:000040DC       @VarClr
 0001:00014438       @VarCmpEQ
 0001:0000F0AC       @VarCopy
 0001:000041EC       @VarCopy
 0001:000130D0       @VarFromBool
 0001:00012F5C       @VarFromByte
 0001:00013120       @VarFromCurr
 0001:00013078       @VarFromCurrency
 0001:000130A4       @VarFromDate
 0001:000131C4       @VarFromDisp
 0001:0001304C       @VarFromDouble
 0001:00012F00       @VarFromInt
 0001:00012FFC       @VarFromInt64
 0001:00012F3C       @VarFromInteger
 0001:00013198       @VarFromIntf
 0001:00012F9C       @VarFromLongWord
 0001:00013134       @VarFromLStr
 0001:000130F8       @VarFromReal
 0001:00012FBC       @VarFromShortInt
 0001:00013028       @VarFromSingle
 0001:00012FDC       @VarFromSmallInt
 0001:0001310C       @VarFromTDateTime
 0001:00012F7C       @VarFromWord
 0001:00013160       @VarFromWStr
 0001:0000EAD8       @VarNull
 0001:00010B44       @VarToBool
 0001:000107FC       @VarToBoolean
 0001:0000FC3C       @VarToByte
 0001:000119E8       @VarToCurrency
 0001:00011480       @VarToDate
 0001:00012E54       @VarToDisp
 0001:00010D10       @VarToDouble
 0001:00010200       @VarToInt64
 0001:0000F73C       @VarToInteger
 0001:00012D88       @VarToIntf
 0001:0000FEB4       @VarToLongWord
 0001:0001209C       @VarToLStr
 0001:0001108C       @VarToReal
 0001:0000FB8C       @VarToShortInt
 0001:000110A8       @VarToSingle
 0001:0000FCE4       @VarToSmallInt
 0001:0000FDDC       @VarToWord
 0001:000127BC       @VarToWStr
 0001:00003FB8       @WStrAddRef
 0001:00003BC8       @WStrArrayClr
 0001:00003BEC       @WStrAsg
 0001:00003D40       @WStrCat
 0001:00003DA0       @WStrCat3
 0001:00003E08       @WStrCatN
 0001:00003BB0       @WStrClr
 0001:00003E50       @WStrCmp
 0001:00003ED4       @WStrCopy
 0001:00003D14       @WStrFromLStr
 0001:00003C18       @WStrFromPCharLen
 0001:00003CD8       @WStrFromPWChar
 0001:00003CA4       @WStrFromPWCharLen
 0001:00003CC8       @WStrFromWChar
 0001:00003C10       @WStrLAsg
 0001:00003D34       @WStrLen
 0001:00003F20       @WStrPos
 0001:00003F70       @WStrSetLength
 0001:00003D24       @WStrToPWChar
 0001:000020BC       @_CLenToPasStr
 0001:000020B0       @_CToPasStr
 0001:00001C3C       @_IOTest
 0001:00004494       @_llmul
 0001:0000B488       Abort
 0001:0003B050       AbsMin
 0001:0000B854       AbstractErrorHandler
 0002:0000202C       AbstractErrorProc
 0002:00000E80       AccessibilityAvailable
 0002:00000144       AccessMode
 0001:00001B9C       AcquireExceptionObject
 0001:00017E0C       ActivateClassGroup
 0001:00006094       ActivateKeyboardLayout
 0002:00002B1C       ActiveDrag
 0001:000156A8       ActiveX
 0001:0004A3C4       ActnList
 0001:00000484       AddBlockAfter
 0002:00000470       AddDataModule
 0001:000078C4       AddExitProc
 0001:0001BFFC       AddFinished
 0001:0004D9C0       AddIn
 0001:00004F8C       AddModuleUnloadProc
 0001:00004F7C       AddModuleUnloadProc
 0001:00065FC0       AddNodeImages
 0001:0001C034       AddNotFinished
 0001:0001CA58       AddSubComponentsToLoaded
 0001:000660AC       AddSystemImage
 0001:00020FF0       AddThread
 0001:00066AC4       AddThreadReference
 0001:00026854       AdjustColor
 0001:000356B0       AdjustColors
 0001:0006A930       AdjustColumnIndex
 0001:00054A84       Adjustment
 0001:0000609C       AdjustWindowRectEx
 0002:00000898       Alignments
 0002:00000D08       Alignments
 0002:000008B0       Alignments
 0002:00000854       Alignments
 0002:00000D18       Alignments
 0002:00000EE0       AlignmentToDrawFlag
 0001:00040714       AlignWork
 0001:0005BA7C       AlignWork
 0001:00022828       AllocateHWnd
 0001:00007868       AllocMem
 0002:000025B4       AllocMemCount
 0002:000025B8       AllocMemSize
 0001:0002C014       AllocPatternBitmap
 0001:000057FC       AllocTlsBuffer
 0001:00065A38       AlphaBlend
 0001:000656F4       AlphaBlendLineConstant
 0001:000657D8       AlphaBlendLineMaster
 0001:0006585C       AlphaBlendLineMasterAndColor
 0001:00065768       AlphaBlendLinePerPixel
 0001:0008461C       AlphaBlendSelection
 0001:0001F7D4       AncestorIsValid
 0002:00000AF4       AnchorAlign
 0002:00000AE8       AnimateWindowProc
 0002:00000BF0       AnimationStyle
 0001:00007ACC       AnsiCompareStr
 0001:00007B04       AnsiCompareText
 0001:000082B0       AnsiLastChar
 0001:000060A4       AnsiLower
 0001:00007A98       AnsiLowerCase
 0001:0000C1B0       AnsiLowerCaseFileName
 0001:0000C174       AnsiPos
 0001:00007C14       AnsiQuotedStr
 0001:00052248       AnsiSameCaption
 0001:00007B3C       AnsiSameText
 0001:00007B54       AnsiStrLIComp
 0001:0000C23C       AnsiStrPos
 0001:0000C2FC       AnsiStrRScan
 0001:0000C344       AnsiStrScan
 0001:00005598       AnsiToUtf8
 0001:00007A64       AnsiUpperCase
 0001:00012D10       AnyToIntf
 0001:0000976C       AppendChars
 0001:00009B38       AppendFormat
 0001:000097D0       AppendNumber
 0001:000097B0       AppendString
 0002:00002B80       Application
 0002:00000480       ApplicationHandleException
 0002:00000488       ApplicationShowException
 0002:00000E44       AppVisible
 0001:0000B838       AssertErrorHandler
 0002:00002024       AssertErrorProc
 0001:00014B38       AssignLongStr
 0001:000151E4       AssignVariant
 0002:0000260C       avail
 0001:0006025C       AxCtrls
 0001:000083F4       BackfillGetDiskFreeSpaceEx
 0001:0003DBF8       BackgroundClipped
 0001:0000D92C       BackupVarBoolFromStr
 0001:0000DA8C       BackupVarBStrFromBool
 0001:0000D9AC       BackupVarBStrFromCy
 0001:0000DA1C       BackupVarBStrFromDate
 0001:0000D8C0       BackupVarCyFromStr
 0001:0000D854       BackupVarDateFromStr
 0001:0000D710       BackupVarI4FromStr
 0001:0000D6BC       BackupVariantChangeTypeEx
 0001:0000D77C       BackupVarR4FromStr
 0001:0000D7E8       BackupVarR8FromStr
 0002:00000334       BaseTypeMap
 0001:0000BE34       Beep
 0001:000060AC       BeginDeferWindowPos
 0001:000181E0       BeginGlobalLoading
 0001:000060B4       BeginPaint
 0001:00003458       BeginThread
 0001:00026860       BetterSize
 0001:0004E854       BiDiDraw
 0001:00005DF4       BitBlt
 0002:00001200       BitBtnCaptions
 0002:00002C48       BitBtnGlyphs
 0002:00000794       BitCounts
 0002:0000078C       BitmapCanvasList
 0002:000028B0       BitmapImageLock
 0001:0000D6F8       BiUnimplemented
 0002:000004A8       BlockCode
 0002:000025E4       blockDescBlockList
 0002:000025E8       blockDescFreeList
 0002:00000454       BooleanIdents
 0002:00000330       BooleanToStringRule
 0001:00008148       BoolToStr
 0001:00011E24       BoolToWStrViaOS
 0002:0000084C       BorderStyles
 0002:000008A8       BorderStyles
 0001:00005A7C       Bounds
 0001:00017124       Bounds
 0002:00000CB0       Breaks
 0002:000028E8       BrushManager
 0001:00051028       BuildImage
 0002:00000A90       ButtonCaptions
 0002:00000A64       ButtonNames
 0002:00000D2C       Buttons
 0001:000978CC       Buttons
 0002:00000890       ButtonStyles
 0002:00002A8C       ButtonWidths
 0001:0002602C       BytesPerScanline
 0001:00026390       ByteSwapColors
 0001:0000BF18       ByteToCharIndex
 0001:0000BEF0       ByteToCharLen
 0001:0000BEB4       ByteType
 0001:0000BE3C       ByteTypeTest
 0002:00002B68       CachedComCtrlVer
 0001:0002272C       CalcJmpOffset
 0001:0004844C       CalcSplitterPos
 0001:00065A00       CalculateScanline
 0001:000060BC       CallNextHookEx
 0001:0000CB50       CallTerminateProcs
 0001:000060C4       CallWindowProc
 0001:0003C09C       CancelDrag
 0002:000028EC       CanvasList
 0002:00002B30       CanvasList
 0002:00000A3C       Captions
 0002:00000BAC       CaptureControl
 0002:00000C50       cBooleanToItemAutoFlag
 0002:00000364       CBooleanToRelationship
 0001:0002C21C       Ceil
 0002:00002ABA       CF_COMPONENT
 0002:00002BEE       CF_CSV
 0002:00002BEC       CF_HTML
 0002:00002AB8       CF_PICTURE
 0002:00002BE4       CF_VIRTUALTREE
 0002:00002BE8       CF_VRTF
 0002:00002BEA       CF_VRTFNOOBJS
 0002:00002BE6       CF_VTREFERENCE
 0002:00002818       ChangeAnyProc
 0001:0003A600       ChangeBiDiModeAlignment
 0001:00071AC0       ChangeWidth
 0002:00000874       CharCases
 0001:000035C4       CharFromWChar
 0001:0000C0FC       CharLength
 0001:000060CC       CharLowerBuff
 0001:00000284       CharNext
 0001:000060D4       CharNext
 0001:00024818       CharsetToIdent
 0001:0000C004       CharToByteIndex
 0001:0000C068       CharToByteLen
 0001:000060DC       CharToOemA
 0001:000060E4       CharUpperBuff
 0001:00026E44       CheckBool
 0001:00002A88       CheckJmp
 0001:000060EC       CheckMenuItem
 0002:00000CA0       Checks
 0002:00001058       CheckStateToCheckImage
 0001:0001CA94       CheckSubComponents
 0001:00021008       CheckSynchronize
 0001:000544A0       CheckTaskWindow
 0001:000131F0       CheckType
 0001:0003BD50       CheckUndock
 0001:0000BD28       CheckWin32Version
 0002:0000034C       CInvalidCustomVariantType
 0002:00000C54       cItemAutoFlagToBoolean
 0002:00000C4C       cItemAutoFlagToMenu
 0001:000229B8       Classes
 0001:00017BD0       ClassNotFound
 0002:00002814       ClearAnyProc
 0001:00024098       ClearColor
 0001:0005F650       ClearExcepInfo
 0001:00013FEC       ClearVariantTypeList
 0001:000060F4       ClientToScreen
 0001:000459A0       ClientToWindow
 0002:00000EEC       ClipboardDescriptions
 0002:00000784       ClipboardFormats
 0001:000371E8       Clipbrd
 0001:0006636C       ClipCanvas
 0001:000060FC       CloseClipboard
 0001:00005BB4       CloseHandle
 0002:0000298C       CloseThemeData
 0002:00000E94       CLSID_DragDropHelper
 0002:00002040       CmdLine
 0002:0000203C       CmdShow
 0002:00000C48       cMenuAutoFlagToItem
 0002:00000370       CmpTypeMap
 0001:0000D704       CmpUnimplemented
 0002:00000E54       CoAddRefServerProcess
 0001:000155F0       CoCreateInstance
 0002:00000E4C       CoCreateInstanceEx
 0001:00080C38       CodePageFromLocale
 0002:00000E64       CoInitFlags
 0001:000155E0       CoInitialize
 0002:00000E50       CoInitializeEx
 0001:0001849C       CollectionsEqual
 0002:00000504       Colors
 0001:00024610       ColorToIdent
 0002:000008BC       ColorToPretyName
 0001:00024600       ColorToRGB
 0001:00005DFC       CombineRgn
 0002:00002BAC       ComClassManagerVar
 0001:0005EAE0       ComConst
 0002:00002900       ComCtl32DLL
 0001:00098FB4       ComCtrls
 0002:00002B7C       CommandPool
 0001:0002C7C4       CommCtrl
 0001:00033A54       CommDlg
 0001:00000804       Commit
 0002:00002628       committedRoot
 0001:0005F918       ComObj
 0001:0004CFA4       CompareFront
 0001:000079CC       CompareMem
 0001:0000799C       CompareStr
 0001:00005BBC       CompareString
 0001:000079EC       CompareText
 0001:00008070       CompareWith
 0001:0001CB74       ComponentCreated
 0001:00026C04       ComputeAldusChecksum
 0001:00070CA0       ComputeConstraints
 0001:000977F4       ComStrs
 0001:00022D24       Consts
 0001:0002C624       Contnrs
 0002:00002AEE       ControlAtom
 0002:00002AF4       ControlAtomString
 0001:0005926C       ControlHasHelp
 0001:000490CC       Controls
 0001:0000B218       ConvertAddr
 0001:000098C4       ConvertEraString
 0001:00007844       ConvertErrorFmt
 0001:00065CE8       ConvertImageList
 0001:0006BE08       ConvertOptions
 0001:00092600       ConvertSurrogate
 0001:00009A30       ConvertYearString
 0001:000046EC       CopyArray
 0001:000292AC       CopyBitmap
 0001:00029974       CopyBitmapAsMask
 0001:00005E04       CopyEnhMetaFile
 0001:00006104       CopyImage
 0001:00029910       CopyPalette
 0002:000007E8       Copyright
 0002:00000EB4       Copyright
 0001:000500D4       CopyToBest
 0002:00000E58       CoReleaseServerProcess
 0002:00000E5C       CoResumeClassObjects
 0002:00000E60       CoSuspendClassObjects
 0001:000155F8       CoTaskMemAlloc
 0001:000155E8       CoUninitialize
 0001:0000BF74       CountChars
 0002:000028C8       CounterLock
 0002:00000350       CRangeToType
 0001:0000B77C       CreateAssertException
 0001:0000B904       CreateAVObject
 0001:00005E0C       CreateBitmap
 0001:00005E14       CreateBrushIndirect
 0001:0008590C       CreateClipRegion
 0001:00005E1C       CreateCompatibleBitmap
 0001:00005E24       CreateCompatibleDC
 0001:0001CBF4       CreateComponent
 0001:00015600       CreateDataAdviseHolder
 0001:00005E34       CreateDIBitmap
 0001:00005E2C       CreateDIBSection
 0001:00005BC4       CreateEvent
 0001:00005BCC       CreateFile
 0001:00005E3C       CreateFontIndirect
 0001:00005E44       CreateHalftonePalette
 0001:0000610C       CreateIcon
 0001:0000B6A8       CreateInOutError
 0001:00028EFC       CreateMappedRes
 0001:00006114       CreateMenu
 0001:00036920       CreateMessageDialog
 0001:00005E4C       CreatePalette
 0001:00005E54       CreatePatternBrush
 0001:00005E5C       CreatePenIndirect
 0001:0000611C       CreatePopupMenu
 0001:00005E64       CreateRectRgn
 0001:00005E6C       CreateRectRgnIndirect
 0001:00005E74       CreateSolidBrush
 0001:00015648       CreateStreamOnHGlobal
 0001:000661E4       CreateSystemImageSet
 0001:000263E8       CreateSystemPalette
 0001:00005BD4       CreateThread
 0001:0000028C       CreateThread
 0001:00006758       CreateWindow
 0001:00006700       CreateWindowEx
 0002:00000A34       CreationControl
 0002:00000AEC       CreationControl
 0002:00000440       CRelationshipToBoolean
 0002:00000314       CResult
 0002:0000013C       cSimpleBoolStrs
 0002:000003EC       CText
 0002:000011A8       Ctl3DStyles
 0002:00000BE8       Ctl3DStyles
 0002:00002620       curAlloc
 0001:00013484       CurrCompare
 0002:0000268C       CurrencyDecimals
 0002:00002688       CurrencyFormat
 0002:00002684       CurrencyString
 0001:00009758       CurrentYear
 0001:000092E4       CurrToStr
 0001:00011DB4       CurrToWStrViaOS
 0002:00000DC8       CursorMap
 0002:00000AFC       Cursors
 0001:0003A920       CursorToIdent
 0002:00000DB8       cUseAlpha
 0002:00000DC0       cUseColorKey
 0001:00007DC4       CvtInt
 0001:00007E30       CvtInt64
 0002:0000017C       CWNear
 0002:00002C08       DarkCheckImages
 0002:00002C10       DarkTickImages
 0001:0001345C       DateCompare
 0002:0000268D       DateSeparator
 0001:0000A36C       DateTimeToStr
 0001:0000A310       DateTimeToString
 0001:000093A4       DateTimeToTimeStamp
 0001:00011DEC       DateToWStrViaOS
 0001:00009730       DayOfWeek
 0002:00000178       DCon10
 0002:00000500       DDBsOnly
 0001:000228DC       DeallocateHWnd
 0002:0000002C       DebugHook
 0002:0000268B       DecimalSeparator
 0001:00009710       DecodeDate
 0001:000095C0       DecodeDateFully
 0001:00009458       DecodeTime
 0001:000008C4       Decommit
 0001:00000FF0       DecommitFree
 0002:000025FC       decommittedRoot
 0001:00056EEC       Default
 0001:0005C6B8       Default
 0002:00000024       Default8087CW
 0002:00000AF0       DefaultDockTreeClass
 0002:000025C0       DefaultUserCodePage
 0002:00000754       DefBrushData
 0001:0000613C       DeferWindowPos
 0002:000004D4       DefFontData
 0001:00006124       DefFrameProc
 0002:00000208       DefLongDayNames
 0002:000001BC       DefLongMonthNames
 0001:0000612C       DefMDIChildProc
 0002:00000734       DefPenData
 0002:000001EC       DefShortDayNames
 0002:0000018C       DefShortMonthNames
 0001:00006134       DefWindowProc
 0001:00004A64       DelayLoadResourceModule
 0001:000004E0       DeleteBlock
 0001:000003F0       DeleteCriticalSection
 0001:00005BDC       DeleteCriticalSection
 0001:00005E7C       DeleteDC
 0001:00005E84       DeleteEnhMetaFile
 0001:00000DD8       DeleteFree
 0001:00006144       DeleteMenu
 0001:00005E8C       DeleteObject
 0001:00028BC0       DeselectBitmap
 0001:0000614C       DestroyCursor
 0001:00006154       DestroyIcon
 0001:000977FC       DestroyLocals
 0001:0000615C       DestroyMenu
 0001:00006164       DestroyWindow
 0001:00037EA8       DialogEnumerationTester
 0001:0003716C       Dialogs
 0002:00000790       DIBPalSizes
 0002:00000090       dig
 0001:000542DC       DisableTaskWindows
 0001:0005F04C       DispatchInvoke
 0001:0005F644       DispatchInvokeError
 0001:0000616C       DispatchMessage
 0001:0005A54C       DispatchShortCut
 0001:0005F660       DispCall
 0001:0005F744       DispCallByID
 0002:00002000       DispCallByIDProc
 0001:0005F570       DispCallError
 0001:00007828       DivMod
 0001:00035E94       Dlgs
 0001:0005B930       DoAlign
 0001:000405A4       DoAlign
 0001:0007124C       DoAutoFitColumn
 0001:00044660       DoCalcConstraints
 0002:00002B24       DockSiteList
 0001:00050CF4       DoClick
 0001:00041CF0       DoControlMsg
 0001:0005428C       DoDisableWindow
 0001:00015628       DoDragDrop
 0001:0003B670       DoDragOver
 0001:00007888       DoExitProc
 0001:000466FC       DoFindControlZone
 0001:000543E0       DoFindWindow
 0001:00046C88       DoFindZone
 0001:00046780       DoForEach
 0001:000480B0       DoGetNextLimit
 0001:00054254       DoneApplication
 0001:00048E10       DoneControls
 0001:0000BC38       DoneExceptions
 0001:000588C8       DoNestedActivation
 0001:00020FA4       DoneThreadSynchronization
 0001:0005D9EC       DoOnHelp
 0001:00040164       DoPosition
 0001:0005B780       DoPosition
 0001:000476D8       DoPrune
 0001:00034B88       DoRect
 0001:00047BB0       DoSaveZone
 0001:000765EC       DoScrollDown
 0001:00076538       DoScrollUp
 0001:00047DB4       DoSetNewBounds
 0001:000689A0       DoShadowBlend
 0001:0008E594       DoSort
 0002:0000045C       DotSep
 0001:0002709C       DoWrite
 0001:00019FE4       DoWrite
 0001:0004B5DC       DoWrite
 0001:00027CDC       DoWrite
 0001:000412D8       DoWriteDesignSize
 0001:0003ED38       DoWriteIsControl
 0002:00002B08       DragCapture
 0002:00002AFC       DragControl
 0001:0003BDC4       DragDone
 0001:0003B618       DragFindTarget
 0001:0003B5EC       DragFindWindow
 0002:00002B20       DragImageList
 0001:0003BA1C       DragInit
 0001:0003BB8C       DragInitControl
 0002:00002B04       DragInternalObject
 0001:0003B534       DragMessage
 0002:00002B00       DragObject
 0002:00002B2C       DragSave
 0002:00002B14       DragSaveCursor
 0002:00002B0C       DragStartPos
 0002:00002B18       DragThreshold
 0001:0003B74C       DragTo
 0001:0005C6F4       DrawAppIcon
 0001:0006DB88       DrawBackground
 0001:000846B0       DrawBackground
 0001:00047244       DrawCloseButton
 0001:00083D2C       DrawDisabledImage
 0001:00006174       DrawEdge
 0001:0000617C       DrawFocusRect
 0001:00006184       DrawFrameControl
 0001:0004729C       DrawGrabberLine
 0001:000689E0       DrawHintShadow
 0001:0000618C       DrawIcon
 0001:00006194       DrawIconEx
 0001:00083D58       DrawImage
 0002:00000C24       DrawingStyles
 0001:0000619C       DrawMenuBar
 0001:00052064       DrawMenuItem
 0001:000061A4       DrawText
 0001:000061AC       DrawTextW
 0002:00002990       DrawThemeBackground
 0001:0008472C       DrawThemedFocusRect
 0002:000029B4       DrawThemeEdge
 0002:000029B8       DrawThemeIcon
 0002:00002A3C       DrawThemeParentBackground
 0002:00002994       DrawThemeText
 0001:00025EAC       DupBits
 0001:00037240       DupeString
 0001:00004704       DynArrayClear
 0001:0000470C       DynArraySetLength
 0002:00000D10       EdgeStyle
 0002:00000BD8       EdgeStyles
 0002:00001198       EdgeStyles
 0001:0000B67C       EHeapException.FreeInstance
 0001:000658B0       EMMS
 0001:000061B4       EmptyClipboard
 0001:000132E8       EmptyCompare
 0002:00002800       EmptyParam
 0002:000000C0       EmptyStr
 0002:000000C4       EmptyWideStr
 0001:000061BC       EnableMenuItem
 0002:00000CA8       Enables
 0001:000061C4       EnableScrollBar
 0001:00054390       EnableTaskWindows
 0002:00002A24       EnableThemeDialogTexture
 0002:00002A40       EnableTheming
 0001:000061CC       EnableWindow
 0001:000061D4       EndDeferWindowPos
 0001:00018268       EndGlobalLoading
 0001:000061DC       EndPaint
 0001:0000349C       EndThread
 0001:000003E0       EnterCriticalSection
 0001:00005BE4       EnterCriticalSection
 0001:00005BEC       EnumCalendarInfoA
 0002:00002924       EnumDisplayMonitors
 0001:0000AE8C       EnumEraNames
 0001:0000AEC8       EnumEraYearOffsets
 0001:000574B0       EnumMonitorsProc
 0001:000061E4       EnumThreadWindows
 0001:0001C3A8       EnumValue
 0001:000061EC       EnumWindows
 0001:0005ED7C       EOleException.Create
 0001:0005ECAC       EOleSysError.Create
 0001:000061F4       EqualRect
 0002:00002754       EraNames
 0001:00076434       EraseLine
 0001:0000A5E4       EraToYear
 0002:00002770       EraYearOffsets
 0002:00000068       errCaption
 0001:00001C30       Error
 0001:00017774       Error
 0001:0004CCF4       Error
 0001:0001BB60       Error
 0002:00000004       ErrorAddr
 0001:00001BE4       ErrorAt
 0001:0000B728       ErrorHandler
 0002:00000224       ErrorMap
 0002:00002008       ErrorProc
 0002:000023E8       ErrOutput
 0001:00001B70       ExceptAddr
 0002:0000200C       ExceptClsProc
 0001:0000BBA4       ExceptHandler
 0001:0000B4A8       Exception.Create
 0001:0000B4E4       Exception.CreateFmt
 0001:0000B634       Exception.CreateHelp
 0001:0000B564       Exception.CreateRes
 0001:0000B5A0       Exception.CreateResFmt
 0002:0000201C       ExceptionClass
 0001:0000B224       ExceptionErrorMessage
 0002:0000025C       ExceptMap
 0001:00001B50       ExceptObject
 0002:00002010       ExceptObjProc
 0002:00002004       ExceptProc
 0001:00005E94       ExcludeClipRect
 0002:00000000       ExitCode
 0001:0000324C       ExitDll
 0002:00002048       ExitProc
 0001:0000029C       ExitProcess
 0002:00002028       ExitProcessProc
 0002:00000138       ExitProcList
 0001:00000294       ExitThread
 0001:000083B8       ExpandFileName
 0001:00097AB8       ExtActns
 0001:00035E34       ExtCtrls
 0001:00097924       ExtDlgs
 0001:00008370       ExtractFileExt
 0001:00008338       ExtractFileName
 0001:0001566C       Failed
 0002:00002790       FalseBoolStrs
 0002:00002AC0       FClipboard
 0002:0000016C       FCon1E18
 0002:00000F90       FHintWindowDestroyed
 0001:000082A8       FileClose
 0001:00008210       FileCreate
 0001:000081EC       FileCreate
 0002:00000788       FileFormats
 0002:0000000C       FileMode
 0001:00008194       FileOpen
 0001:00008218       FileRead
 0002:00000498       FilerSignature
 0001:00008270       FileSeek
 0001:00008244       FileWrite
 0001:00000F10       FillAfterGap
 0001:00000EB0       FillBeforeGap
 0001:00074870       FillBitmap
 0001:00065204       FillDragRectangles
 0001:00000FB0       FillerSizeAfterGap
 0001:00000F38       FillerSizeBeforeGap
 0001:000061FC       FillRect
 0001:0000D49C       Finalization
 0001:00006C00       Finalization
 0001:000068E0       Finalization
 0001:000068A8       Finalization
 0001:0000DE64       Finalization
 0001:00014448       Finalization
 0001:0001466C       Finalization
 0001:00015450       Finalization
 0001:00015678       Finalization
 0001:00022908       Finalization
 0001:00022CF4       Finalization
 0001:0002C04C       Finalization
 0001:0002C320       Finalization
 0001:0002C5F4       Finalization
 0001:0002C794       Finalization
 0001:0002CF20       Finalization
 0001:0002CF60       Finalization
 0001:0002DF48       Finalization
 0001:0002DF90       Finalization
 0001:0002DFC8       Finalization
 0001:0002E2EC       Finalization
 0001:0002E498       Finalization
 0001:0002EE1C       Finalization
 0001:0002FA00       Finalization
 0001:000338D4       Finalization
 0001:0003390C       Finalization
 0001:00033944       Finalization
 0001:0003397C       Finalization
 0001:000339B4       Finalization
 0001:000339EC       Finalization
 0001:00033A24       Finalization
 0001:00035DEC       Finalization
 0001:00035E64       Finalization
 0001:000371AC       Finalization
 0001:00037334       Finalization
 0001:0003749C       Finalization
 0001:00038120       Finalization
 0001:00005A98       Finalization
 0001:000058FC       Finalization
 0001:000056B4       Finalization
 0001:00049064       Finalization
 0001:0004A394       Finalization
 0001:0004BD54       Finalization
 0001:00052344       Finalization
 0001:0005E9F0       Finalization
 0001:0005EAB0       Finalization
 0001:0005F898       Finalization
 0001:0005F970       Finalization
 0001:000601FC       Finalization
 0001:00060288       Finalization
 0001:00060514       Finalization
 0001:00060558       Finalization
 0001:00095724       Finalization
 0001:00097350       Finalization
 0001:00097714       Finalization
 0001:0009774C       Finalization
 0001:00097784       Finalization
 0001:000977C4       Finalization
 0001:00097894       Finalization
 0001:000978F4       Finalization
 0001:00097944       Finalization
 0001:000979AC       Finalization
 0001:00097A10       Finalization
 0001:00097A68       Finalization
 0001:00097AC0       Finalization
 0001:00098F3C       Finalization
 0001:00099918       Finalization
 0001:00099958       Finalization
 0001:00037110       Finalization
 0001:000046FC       FinalizeArray
 0001:0006695C       FinalizeGlobalStructures
 0001:00003044       FinalizeUnits
 0001:00050AB4       Find
 0001:0001EEF0       FindAncestor
 0001:00004AF4       FindBS
 0001:00017C90       FindClass
 0001:00004A5C       FindClassHInstance
 0001:000002AC       FindClose
 0001:00000E6C       FindCommitted
 0001:0003A700       FindControl
 0001:00046EB4       FindControlAtPos
 0001:00014348       FindCustomVariantType
 0001:00014290       FindCustomVariantType
 0001:0003C0E8       FindDragTarget
 0001:0001CDA4       FindExistingComponent
 0001:000002B4       FindFirstFile
 0001:000544EC       FindGlobalComponent
 0001:000180F8       FindGlobalComponent
 0002:00002864       FindGlobalComponentProcs
 0001:00004A34       FindHInstance
 0001:00017FA0       FindIdentToInt
 0001:00017F24       FindIntToIdent
 0002:00002A88       FindMsg
 0001:0001BF20       FindNestedComponent
 0001:0004CCBC       FindPopupControl
 0001:0000DB20       FindProc
 0001:00005BF4       FindResource
 0001:00004AAC       FindResourceHInstance
 0001:0005E220       FindScanline
 0001:00054444       FindTopMostWindow
 0001:0001DC9C       FindUniqueName
 0001:00013E28       FindVarData
 0001:0003C0B4       FindVCLWindow
 0001:00006204       FindWindow
 0001:00037F00       FindWinHelp
 0002:000011F4       FirstByteMark
 0001:00029260       FixupBitFields
 0002:00000D20       Flags
 0002:000027A0       FLanguages
 0002:00002C14       FlatImages
 0001:0002E31C       FlatSB
 0002:00002950       FlatSB_EnableScrollBar
 0002:0000295C       FlatSB_GetScrollInfo
 0002:00002960       FlatSB_GetScrollPos
 0002:00002958       FlatSB_GetScrollRange
 0002:00002968       FlatSB_SetScrollInfo
 0002:00002964       FlatSB_SetScrollPos
 0001:0002E00C       FlatSB_SetScrollProp
 0002:0000296C       FlatSB_SetScrollRange
 0002:00002954       FlatSB_ShowScrollBar
 0001:00008F74       FloatToDecimal
 0001:000092B4       FloatToStr
 0001:00008CA0       FloatToText
 0001:00001E2C       Flush
 0002:00002CA0       fmMVCDemo
 0002:00000180       FMSecsPerDay
 0001:00008B94       FmtStr
 0002:00000D3C       FocusCount
 0002:00000D38       FocusMessages
 0002:000006A4       FontCharsets
 0002:000028E0       FontManager
 0001:000544C0       ForegroundTask
 0002:00000188       Format
 0001:00008B80       Format
 0001:00008770       FormatBuf
 0001:00008764       FormatClearStr
 0001:000086E8       FormatError
 0002:00000164       FormatErrorStrs
 0001:00005BFC       FormatMessage
 0001:00008740       FormatVarToStr
 0001:0005EA4C       Forms
 0001:00002160       FPower10
 0002:000007E0       FPrinter
 0001:00034C4C       Frame3D
 0001:0000620C       FrameRect
 0001:0000D07C       FreeAndNil
 0001:00000B6C       FreeCommitted
 0001:000011A4       FreeCurAlloc
 0001:0003C1A8       FreeDeviceContext
 0001:0003C264       FreeDeviceContexts
 0001:00022698       FreeIntConstList
 0001:00005C04       FreeLibrary
 0001:000002BC       FreeLibrary
 0001:00028B14       FreeMemoryContexts
 0001:00022804       FreeObjectInstance
 0001:00005C24       FreeResource
 0001:0000073C       FreeSpace
 0001:0000CB7C       FreeTerminateProcs
 0001:0002E4D0       FreeThemeLibrary
 0002:00002C9C       FRichEditModule
 0001:00025E9C       GDICheck
 0001:00025DF4       GDIError
 0001:00005E9C       GdiFlush
 0001:00001D54       Get8087CW
 0001:000604D8       GetAccessibilityFactory
 0001:00005C2C       GetACP
 0001:00006214       GetActiveWindow
 0001:0005BE0C       GetAnimation
 0001:00036278       GetAveCharSize
 0001:00005EA4       GetBitmapBits
 0001:000658B4       GetBitmapBitsFromDeviceContext
 0001:00005EAC       GetBkColor
 0001:000003F8       GetBlockDesc
 0001:00005EB4       GetBrushOrgEx
 0001:0000621C       GetCapture
 0001:0003A9C8       GetCaptureControl
 0001:00017C3C       GetClass
 0001:00006224       GetClassInfo
 0001:0000622C       GetClassName
 0001:00006234       GetClientRect
 0001:0000623C       GetClipboardData
 0001:00006244       GetClipboardFormatName
 0001:00027864       GetClipboardFormats
 0001:00005EBC       GetClipBox
 0001:00000394       GetCmdShow
 0001:0004A5EC       GetColor
 0001:000002C4       GetCommandLine
 0001:00000980       GetCommitted
 0001:00000A28       GetCommittedAt
 0001:00020298       GetComponentValue
 0001:000418A4       GetControlAtPos
 0001:0000981C       GetCount
 0001:00005C34       GetCPInfo
 0001:00005EC4       GetCurrentObject
 0001:00005ECC       GetCurrentPositionEx
 0001:00005C3C       GetCurrentProcessId
 0002:00002A34       GetCurrentThemeName
 0001:00005C44       GetCurrentThreadId
 0001:00000374       GetCurrentThreadId
 0001:00006648       GetCurrentTime
 0001:0000624C       GetCursor
 0001:0005E230       GetCursorHeightMargin
 0001:00006254       GetCursorPos
 0001:0000984C       GetDate
 0001:00005C4C       GetDateFormat
 0001:0000A4FC       GetDateOrder
 0001:0000625C       GetDC
 0001:00006264       GetDCEx
 0001:00005ED4       GetDCOrgEx
 0001:0002BC54       GetDefFontCharSet
 0001:00019618       GetDesigner
 0001:0000626C       GetDesktopWindow
 0001:00005EEC       GetDeviceCaps
 0001:00026E2C       GetDIB
 0001:00005EDC       GetDIBColorTable
 0001:00005EE4       GetDIBits
 0001:00026D74       GetDIBSizes
 0001:0002600C       GetDInColors
 0001:00005C54       GetDiskFreeSpaceA
 0002:00000134       GetDiskFreeSpaceEx
 0001:00048190       GetDockAlign
 0001:0003B378       GetDockSiteAtPos
 0001:0007CDCC       GetDragOperations
 0001:0003B6AC       GetDropCtl
 0001:000027F0       GetDynaMethod
 0001:00005EF4       GetEnhMetaFileBits
 0001:00005EFC       GetEnhMetaFileHeader
 0001:00005F04       GetEnhMetaFilePaletteEntries
 0001:000146DC       GetEnumName
 0001:000147D0       GetEnumNameValue
 0001:0001481C       GetEnumValue
 0001:0000AF40       GetEraNamesAndYearOffsets
 0001:0000A590       GetEraYearOffset
 0001:00015658       GetErrorInfo
 0001:0000B8EC       GetExceptionClass
 0001:0000BAD8       GetExceptionObject
 0001:00005C5C       GetExitCodeThread
 0001:00017BC4       GetFieldClassTable
 0001:00027844       GetFileFormats
 0001:0000BD48       GetFileVersion
 0001:00005DDC       GetFileVersionInfo
 0001:00005DE4       GetFileVersionInfoSize
 0001:00014EA8       GetFloatProp
 0001:00006274       GetFocus
 0001:00024838       GetFontData
 0001:0000627C       GetForegroundWindow
 0001:0000C5F0       GetFormatSettings
 0001:00005C64       GetFullPathName
 0001:00023D80       GetHashCode
 0001:000592A4       GetHelpInfo
 0001:0002D3E0       GetHelpSystem
 0001:0005BBF0       GetHint
 0001:0005BC28       GetHintControl
 0001:000521E4       GetHotkey
 0001:00006284       GetIconInfo
 0001:0005F3D4       GetIDsOfNames
 0001:000152F0       GetInt64Prop
 0001:00015354       GetInterfaceProp
 0001:0000629C       GetKeyboardLayout
 0001:000062A4       GetKeyboardLayoutList
 0001:000062AC       GetKeyboardState
 0001:0000244C       GetKeyboardType
 0001:0000628C       GetKeyNameText
 0001:00006294       GetKeyState
 0001:000062B4       GetLastActivePopup
 0001:00046430       GetLastChildZone
 0001:00005C6C       GetLastError
 0001:0000AD04       GetLocaleChar
 0001:00005C7C       GetLocaleInfo
 0001:000002CC       GetLocaleInfo
 0001:0000ACB8       GetLocaleStr
 0001:00005C74       GetLocalTime
 0001:0003A984       GetLongHint
 0001:00014B4C       GetLongStrProp
 0001:00005F0C       GetMapMode
 0001:000062BC       GetMenu
 0001:0005922C       GetMenuHelpContext
 0001:000062C4       GetMenuItemCount
 0001:000062CC       GetMenuItemID
 0001:000062D4       GetMenuItemInfo
 0001:0004F300       GetMenuSize
 0001:000062DC       GetMenuState
 0001:000062E4       GetMenuString
 0001:000062EC       GetMessagePos
 0001:00015278       GetMethodProp
 0001:00005C84       GetModuleFileName
 0001:000002D4       GetModuleFileName
 0001:000002DC       GetModuleHandle
 0001:000057DC       GetModuleHandle
 0001:00005C8C       GetModuleHandle
 0002:00002918       GetMonitorInfo
 0002:0000291C       GetMonitorInfoA
 0002:00002920       GetMonitorInfoW
 0001:0000AD68       GetMonthDayNames
 0001:000062F4       GetNextWindow
 0001:00005F14       GetObject
 0001:00014974       GetOrdProp
 0001:00005F1C       GetPaletteEntries
 0001:000062FC       GetParent
 0001:000546D8       GetParentForm
 0001:00005F24       GetPixel
 0001:000002E4       GetProcAddress
 0001:00005C94       GetProcAddress
 0001:00006304       GetProp
 0001:00014880       GetPropInfo
 0001:000148F0       GetPropInfos
 0001:000865B8       GetRandomRgn
 0001:00077FAC       GetRealScrollPosition
 0001:0007A62C       GetRealScrollPosition
 0001:00054B98       GetRealScrollPosition
 0001:00065CC8       GetRGBColor
 0001:0004A5CC       GetRGBColor
 0001:0000630C       GetScrollInfo
 0001:00006314       GetScrollPos
 0001:0000631C       GetScrollRange
 0001:0003A940       GetShortHint
 0001:00014A44       GetShortStrProp
 0001:00014ADC       GetShortStrPropAsLongStr
 0001:00000660       GetSpace
 0001:000006C4       GetSpaceAt
 0001:0004CD4C       GetSpecialName
 0001:000002EC       GetStartupInfo
 0001:0000025C       GetStdHandle
 0001:00005C9C       GetStdHandle
 0001:00005F2C       GetStockObject
 0001:000651C4       GetStringDrawRect
 0001:00005CA4       GetStringTypeEx
 0001:00014C7C       GetStrProp
 0001:00006324       GetSubMenu
 0001:0000632C       GetSysColor
 0001:00006334       GetSysColorBrush
 0001:00005CAC       GetSystemInfo
 0001:0000633C       GetSystemMenu
 0001:00006344       GetSystemMetrics
 0002:00002908       GetSystemMetrics
 0001:00005F34       GetSystemPaletteEntries
 0001:00005F3C       GetTextColor
 0001:00005F54       GetTextExtentPoint
 0001:00005F44       GetTextExtentPoint32
 0001:00005F4C       GetTextExtentPoint32W
 0001:00005F5C       GetTextMetrics
 0002:00002A2C       GetThemeAppProperties
 0002:00002998       GetThemeBackgroundContentRect
 0002:0000299C       GetThemeBackgroundExtent
 0002:000029AC       GetThemeBackgroundRegion
 0002:000029D0       GetThemeBool
 0002:000029C4       GetThemeColor
 0002:00002A38       GetThemeDocumentationProperty
 0002:000029D8       GetThemeEnumValue
 0002:000029F8       GetThemeFilename
 0002:000029E0       GetThemeFont
 0002:000029D4       GetThemeInt
 0002:000029EC       GetThemeIntList
 0002:000029E8       GetThemeMargins
 0002:000029C8       GetThemeMetric
 0002:000029A0       GetThemePartSize
 0002:000029DC       GetThemePosition
 0002:000029F0       GetThemePropertyOrigin
 0002:000029E4       GetThemeRect
 0002:000029CC       GetThemeString
 0002:00002A04       GetThemeSysBool
 0002:000029FC       GetThemeSysColor
 0002:00002A00       GetThemeSysColorBrush
 0002:00002A0C       GetThemeSysFont
 0002:00002A14       GetThemeSysInt
 0002:00002A08       GetThemeSysSize
 0002:00002A10       GetThemeSysString
 0002:000029A4       GetThemeTextExtent
 0002:000029A8       GetThemeTextMetrics
 0001:00005CB4       GetThreadLocale
 0001:000002F4       GetThreadLocale
 0001:00005CBC       GetTickCount
 0001:0000038C       GetTickCount
 0001:00009884       GetTime
 0001:00005814       GetTlsSize
 0001:0005C3D0       GetTopMostWindows
 0001:0003AAD4       GetTopParent
 0001:0000634C       GetTopWindow
 0001:000146D0       GetTypeData
 0001:00006354       GetUpdateRect
 0001:0007120C       GetUseSmartColumnWidth
 0001:00013F54       GetVarDataArrayInfo
 0001:000151F8       GetVariantProp
 0001:0000037C       GetVersion
 0001:00005CC4       GetVersion
 0001:00005CCC       GetVersionEx
 0001:00014CE8       GetWideStrProp
 0001:00014BCC       GetWideStrPropAsLongStr
 0001:0000635C       GetWindow
 0001:00006364       GetWindowDC
 0001:0000636C       GetWindowLong
 0001:00005F6C       GetWindowOrgEx
 0001:00006374       GetWindowPlacement
 0001:0000637C       GetWindowRect
 0001:00006384       GetWindowText
 0002:00002A20       GetWindowTheme
 0001:0000638C       GetWindowThreadProcessId
 0001:00006394       GetWindowThreadProcessId
 0001:00005F64       GetWinMetaFileBits
 0001:00005CD4       GlobalAddAtom
 0001:00005CDC       GlobalAlloc
 0001:0000665C       GlobalAllocPtr
 0001:00005CE4       GlobalDeleteAtom
 0001:00005CEC       GlobalFindAtom
 0002:00002868       GlobalFixupList
 0001:0001C07C       GlobalFixupReferences
 0001:00005CF4       GlobalFree
 0001:00006688       GlobalFreePtr
 0001:00005D04       GlobalHandle
 0001:00005CFC       GlobalLock
 0002:0000284C       GlobalNameSpace
 0001:00005D0C       GlobalReAlloc
 0001:0000666C       GlobalReAllocPtr
 0001:00005D14       GlobalSize
 0001:00005D1C       GlobalUnlock
 0001:0002C120       Graphics
 0001:00060588       GraphUtil
 0002:00000F6C       Grays
 0001:00017DB8       GroupDescendentsWith
 0002:00000460       GUID_NULL
 0001:0000EA00       HandleConversionException
 0001:000594AC       HandleEdge
 0001:0001D4E0       HandleException
 0001:00066338       HasMMX
 0002:00000028       HeapAllocFlags
 0002:000025C8       heapErrorCode
 0002:000025CC       heapLock
 0001:0002DF88       HelpIntfs
 0002:00002944       HelpManager
 0002:00002A84       HelpMsg
 0002:00002AD8       HelpViewer
 0002:00002ADC       HelpViewerIntf
 0002:00000130       HexDisplayPrefix
 0002:00000880       HideSelections
 0001:0004820C       HideZone
 0001:0005FD4C       HIMETRICtoDP
 0002:00002668       HInstance
 0002:00002B94       HintDoneEvent
 0001:0005BCF8       HintGetMsgHook
 0002:00002B98       HintHook
 0001:0005BC9C       HintMouseThread
 0002:00002B9C       HintThread
 0002:00002B90       HintThreadID
 0001:0005BC48       HintTimerProc
 0002:00000D30       HintWindowClass
 0002:000029B0       HitTestThemeBackground
 0001:0005BD3C       HookHintHooks
 0001:0006FA04       HSPlitterHit
 0001:000067B0       HwndMSWheel
 0002:00000CC4       IBreaks
 0002:00000CD0       IChecks
 0002:00000A50       IconIDs
 0002:00000CD8       IDefaults
 0001:00024828       IdentToCharset
 0001:00024620       IdentToColor
 0001:0003A930       IdentToCursor
 0001:0001801C       IdentToInt
 0002:00000CE0       IEnables
 0001:000500A4       IfHotkeyAvailable
 0001:0002C2F0       IfThen
 0001:0002C2E4       IfThen
 0001:0003728C       IfThen
 0002:00000E84       IID_IDropTargetHelper
 0002:000011E8       ImageKind
 0002:00002B6C       ImageListWriteExProc
 0001:0002C6E8       ImageList_Add
 0001:0002C708       ImageList_AddIcon
 0001:0002C730       ImageList_BeginDrag
 0001:0002C6C8       ImageList_Create
 0001:0002C6D0       ImageList_Destroy
 0001:0002C740       ImageList_DragEnter
 0001:0002C748       ImageList_DragLeave
 0001:0002C750       ImageList_DragMove
 0001:0002C760       ImageList_DragShowNolock
 0001:0002C718       ImageList_Draw
 0001:0002C720       ImageList_DrawEx
 0001:0002C738       ImageList_EndDrag
 0001:0002C700       ImageList_GetBkColor
 0001:0002C768       ImageList_GetDragImage
 0001:0002C780       ImageList_GetIconSize
 0001:0002C6D8       ImageList_GetImageCount
 0001:0002C770       ImageList_Read
 0001:0002C728       ImageList_Remove
 0001:0002C6F0       ImageList_ReplaceIcon
 0001:0002C6F8       ImageList_SetBkColor
 0001:0002C758       ImageList_SetDragCursorImage
 0001:0002C788       ImageList_SetIconSize
 0001:0002C6E0       ImageList_SetImageCount
 0001:0002C778       ImageList_Write
 0002:00000C34       Images
 0001:0004BD84       ImgList
 0001:0002CF90       Imm
 0002:00000C18       IMM32DLL
 0001:00048DFC       Imm32IsIME
 0002:00000184       IMSecsPerDay
 0001:0000ED8C       InBounds
 0001:0000EAEC       InBounds
 0001:00071A5C       IncDelta
 0001:0008AE8C       IncludeThisNode
 0001:0000EB1C       Increment
 0001:0000EDBC       Increment
 0001:0002C714       IndexToOverlayMask
 0001:0002C790       IndexToStateImageMask
 0001:0000639C       InflateRect
 0001:0009798C       IniFiles
 0001:00000C00       InitAllocator
 0001:0002C7CC       InitAnApi
 0002:00002930       InitApis
 0001:0002C634       InitComCtl
 0001:00098458       InitCommonControl
 0001:0002C62C       InitCommonControls
 0001:0002C694       InitCommonControlsEx
 0001:0005F820       InitComObj
 0001:000182C4       InitComponent
 0002:00002638       InitContext
 0001:00048E98       InitControls
 0001:0002BC98       InitDefFontData
 0001:0000CBA8       InitDriveSpacePtr
 0001:0000BBB4       InitExceptions
 0001:0002E068       InitFlatSB
 0001:00036FBC       InitGlobals
 0001:00026C2C       InitializeBitmapInfoHeader
 0001:000003D8       InitializeCriticalSection
 0001:00005D24       InitializeCriticalSection
 0002:000025C4       initialized
 0002:00002C28       Initialized
 0001:0002E040       InitializeFlatSB
 0001:00066470       InitializeGlobalStructures
 0001:000058AC       InitializeModule
 0001:0000DB58       InitializeVarUtils
 0001:00048A9C       InitIMM32
 0001:0001836C       InitInheritedComponent
 0001:0000C400       InitLeadBytes
 0001:0002CEB4       InitMultiMonStubs
 0001:0006009C       InitOlePro32
 0001:0000BCB8       InitPlatformId
 0002:00002044       InitProc
 0001:0005E964       InitProcs
 0001:0002BC1C       InitScreenLogPixels
 0001:0000C478       InitSysLocale
 0001:0002E690       InitThemeLibrary
 0001:00020F70       InitThreadSynchronization
 0001:0000581C       InitThreadTLS
 0001:000030B4       InitUnits
 0001:0003A614       InitWndProc
 0002:00001178       InnerStyles
 0002:00000BB8       InnerStyles
 0002:00002050       Input
 0001:000400D8       InsertBefore
 0001:0005B720       InsertBefore
 0001:000010AC       InsertFree
 0001:00050158       InsertHotkeyFarEastFormat
 0001:000063A4       InsertMenu
 0001:000063AC       InsertMenuItem
 0002:00002888       InstBlockList
 0002:0000288C       InstFreeList
 0001:000133F8       Int64Compare
 0001:000133E4       IntCompare
 0002:0000285C       IntConstList
 0001:0000CC10       InterlockedDecrement
 0001:00005C0C       InterlockedDecrement
 0001:0000036C       InterlockedDecrement
 0001:0000CC1C       InterlockedExchange
 0001:00005C14       InterlockedExchange
 0001:0000CC24       InterlockedExchangeAdd
 0001:0000CC04       InterlockedIncrement
 0001:00005C1C       InterlockedIncrement
 0001:00000364       InterlockedIncrement
 0002:00002C2C       InternalClipboardFormats
 0001:00023D0C       InternalDeletePalette
 0001:00001DE4       InternalFlush
 0001:00000EEC       InternalFreeMem
 0001:00026D7C       InternalGetDIB
 0001:00026D10       InternalGetDIBSizes
 0001:0001815C       InternalReadComponentRes
 0002:00002A58       InternalServices
 0001:00003970       InternalUniqueString
 0001:00005F74       IntersectClipRect
 0001:000063B4       IntersectRect
 0001:0000597C       IntersectRect
 0001:00007F24       IntToHex
 0001:0001805C       IntToIdent
 0001:00007EFC       IntToStr
 0001:00007E10       IntToStr
 0001:000063BC       InvalidateRect
 0001:00025D7C       InvalidBitmap
 0001:00025D64       InvalidGraphic
 0001:00025D88       InvalidIcon
 0001:00025D94       InvalidMetafile
 0001:0005FE64       InvalidOperation
 0001:00025D4C       InvalidOperation
 0001:0001714C       InvalidPoint
 0002:0000279C       InvalidPointer
 0001:0000269C       InvokeImplGetter
 0001:00001CB0       IOResult
 0002:00000D00       IOwnerDraw
 0002:00000CE8       IRadios
 0002:00000CF8       IRTL
 0001:00054668       IsAccel
 0001:00051338       IsAccelChar
 0002:00002A1C       IsAppThemed
 0001:0003B130       IsBeforeTargetWindow
 0001:000063C4       IsChild
 0001:000988F8       IsClass
 0002:0000204C       IsConsole
 0001:0001F9E0       IsDefault
 0001:0001F85C       IsDefaultFloatProp
 0001:0001F8B8       IsDefaultInt64Prop
 0001:0001FB84       IsDefaultInterfaceProp
 0001:0001FC60       IsDefaultMethodProp
 0001:0001FA38       IsDefaultObjectProp
 0001:0001F804       IsDefaultOrdProp
 0001:0001FD78       IsDefaultPropertyValue
 0001:0001F910       IsDefaultStrProp
 0001:0001FAB8       IsDefaultValue
 0001:0001FCE0       IsDefaultVariantProp
 0001:0003B58C       IsDelphiHandle
 0001:000063CC       IsDialogMessage
 0002:00000CF0       ISeparators
 0001:000063D4       IsIconic
 0001:00051394       IsInitialChar
 0001:000094B4       IsLeapYear
 0002:00002038       IsLibrary
 0002:0000204D       IsMultiThread
 0001:0006EFD8       IsNearBy
 0001:00045E6C       IsOrientationSet
 0001:000063DC       IsRectEmpty
 0001:00005A4C       IsRectEmpty
 0001:00071A04       IsResizable
 0001:0003B334       IsSiteChildOfClient
 0001:00014944       IsStoredProp
 0002:00002A18       IsThemeActive
 0002:000029C0       IsThemeBackgroundPartiallyTransparent
 0002:00002A28       IsThemeDialogTextureEnabled
 0002:000029BC       IsThemePartDefined
 0001:00018138       IsUniqueGlobalComponentName
 0002:00002850       IsUniqueGlobalComponentNameProc
 0001:00007D60       IsValidIdent
 0001:0000C460       IsWesternGroup
 0001:000063E4       IsWindow
 0001:000063EC       IsWindowEnabled
 0001:000063F4       IsWindowVisible
 0002:00002BF1       IsWinVistaOrAbove
 0001:000063FC       IsZoomed
 0001:0004D118       Iterate
 0001:0004D178       IterateMenus
 0002:00000030       JITEnable
 0001:000545FC       KeyboardStateToShiftState
 0001:00054648       KeyboardStateToShiftState
 0001:000545C0       KeyDataToShiftState
 0001:0005456C       KeysToShiftState
 0001:00080CAC       KeyUnicode
 0001:00006404       KillTimer
 0001:000082E8       LastDelimiter
 0001:0000C38C       LCIDToCodePage
 0001:00005640       LCIDToCodePage
 0002:00000110       LeadBytes
 0001:00005D2C       LeaveCriticalSection
 0001:000003E8       LeaveCriticalSection
 0001:000372F4       LeftStr
 0002:00000038       LibModuleList
 0002:00002C04       LightCheckImages
 0002:00002C0C       LightTickImages
 0002:00000FA4       LineBitsDotted
 0002:00000FB8       LineBitsSolid
 0001:00005F84       LineTo
 0001:00097AF0       ListActns
 0001:0003C130       ListAdd
 0001:0003C158       ListRemove
 0002:00002752       ListSeparator
 0001:0000640C       LoadBitmap
 0001:0005EE48       LoadComExProcs
 0001:00006414       LoadCursor
 0001:0000641C       LoadIcon
 0001:00006424       LoadKeyboardLayout
 0001:00005D34       LoadLibrary
 0001:000002FC       LoadLibraryEx
 0001:00005D3C       LoadResource
 0001:00004CF8       LoadResourceModule
 0001:000055E8       LoadResString
 0001:0000642C       LoadString
 0001:00000304       LoadString
 0001:000003B8       LocalAlloc
 0001:000057E4       LocalAlloc
 0001:000003C0       LocalFree
 0001:0000AD2C       LocalGetLocaleStr
 0002:00002A50       Lock
 0001:00005D44       LockResource
 0001:00006434       LockWindowUpdate
 0002:00002694       LongDateFormat
 0002:00002728       LongDayNames
 0002:000026DC       LongMonthNames
 0002:000026A8       LongTimeFormat
 0001:0000794C       LowerCase
 0001:00005F7C       LPtoDP
 0001:00005DCC       lstrcpy
 0001:0000030C       lstrcpyn
 0001:00005DD4       lstrlenW
 0002:00002824       LVarTypes
 0002:00002828       LVarTypeSync
 0002:00000ECC       MagicID
 0002:00002030       MainInstance
 0002:00002034       MainThreadID
 0001:0000047C       MakeEmpty
 0001:000031F0       MakeErrorMessage
 0001:0009211C       MakeFragment
 0002:00000C04       MakeLast
 0001:0000663C       MakeLong
 0001:00022734       MakeObjectInstance
 0001:0000669C       MakeROP4
 0001:000066F0       MakeWParam
 0001:0000B86C       MapException
 0001:00097A60       Mapi
 0002:0000123C       MAPIDLL
 0002:00001240       MAPIModule
 0001:00002EBC       MapToRunError
 0001:0000643C       MapVirtualKey
 0001:00006444       MapWindowPoints
 0002:00000C3C       Mask
 0001:00005F8C       MaskBlt
 0002:00000F8C       MaskColor
 0001:0002C350       Math
 0001:0002C29C       Max
 0001:0002C254       Max
 0001:0002C25C       Max
 0001:00056F38       MaximizedChildren
 0002:000011EC       MaximumUCS4
 0002:00000040       MemoryManager
 0002:00000C58       MenuKeyCaps
 0001:000523B4       Menus
 0001:0008E1B4       MergeAscending
 0001:00000514       MergeBlockAfter
 0001:000011F0       MergeCommit
 0001:0008E260       MergeDescending
 0001:0008E30C       MergeSortAscending
 0001:0008E378       MergeSortDescending
 0001:0000644C       MessageBeep
 0001:00006454       MessageBox
 0001:000002A4       MessageBox
 0001:00036EC0       MessageDlgPos
 0001:00036EE4       MessageDlgPosHelp
 0001:00006910       Messages
 0001:0002C24C       Min
 0001:0001923C       Min
 0001:0003FA1C       MinVar
 0002:00002938       MMAvailable
 0001:000602B8       MMSystem
 0002:00002BF0       MMXAvailable
 0002:00000ABC       ModalResults
 0002:00000C1C       ModeMap
 0001:00058C38       ModifySystemMenu
 0002:000000A8       Module
 0002:00002666       ModuleIsCpp
 0002:00002664       ModuleIsLib
 0002:00002665       ModuleIsPackage
 0001:00022704       ModuleUnload
 0002:0000003C       ModuleUnloadList
 0002:00002914       MonitorFromPoint
 0002:00002910       MonitorFromRect
 0002:0000290C       MonitorFromWindow
 0002:000000E0       MonthDays
 0002:00002AE0       Mouse
 0001:00001CD0       Move
 0001:00005F94       MoveToEx
 0001:0003C178       MoveWindowOrg
 0001:0000645C       MsgWaitForMultipleObjects
 0001:00005D4C       MulDiv
 0001:0000031C       MultiByteToWideChar
 0001:00005D54       MultiByteToWideChar
 0001:0005E3F0       MultiLineWidth
 0001:0002CF50       MultiMon
 0001:00099BB0       MVCDemo
 0001:00099948       MVCDemoMain
 0001:00097744       MVCPanel
 0001:00097380       MVCTypes
 0002:00002BB4       NeedToUninitialize
 0002:00002C29       NeedToUnitialize
 0002:00002689       NegCurrFormat
 0001:0000127C       NewCommit
 0001:000012A8       NewCommitAt
 0002:00002AE4       NewStyleControls
 0001:0000C138       NextCharIndex
 0001:00045E50       NextVisibleZone
 0002:0000049C       NilMethod
 0002:00000034       NoErrMsg
 0001:0004DF2C       NormalDraw
 0001:00002A74       NotifyAnyExcept
 0001:000196B8       NotifyDesigner
 0001:00002A48       NotifyExcept
 0001:00002AA8       NotifyExceptFinally
 0001:00018238       NotifyGlobalLoading
 0001:00005034       NotifyModuleUnload
 0001:00002A24       NotifyNonDelphiException
 0001:00002A60       NotifyOnExcept
 0001:00002A08       NotifyReRaise
 0001:00002AD0       NotifyTerminate
 0001:00002AEC       NotifyUnhandled
 0001:00006464       NotifyWinEvent
 0001:00050CE4       NthParentOf
 0001:00014430       Null
 0002:00000328       NullAsStringValue
 0001:000132FC       NullCompare
 0002:0000031C       NullEqualityRule
 0002:00000320       NullMagnitudeRule
 0002:00000324       NullStrictConvert
 0001:0001F9A0       ObjectAncestorMatch
 0001:0003A6CC       ObjectFromHWnd
 0002:00000888       OEMConverts
 0001:0000646C       OemToAnsi
 0001:00005A64       OffsetRect
 0001:00006474       OffsetRect
 0001:00005F9C       OffsetRgn
 0001:0005EE30       OleCheck
 0001:0005EE14       OleError
 0001:00015638       OleGetClipboard
 0001:00015608       OleInitialize
 0001:0006018C       OleLoadPicture
 0002:00002BC4       OlePro32DLL
 0001:00015630       OleSetClipboard
 0001:00004444       OleStrToStrVar
 0001:00015610       OleUninitialize
 0002:00002BA8       OleUninitializing
 0001:0000647C       OpenClipboard
 0002:00002988       OpenThemeData
 0002:00000FC8       OptionMap
 0001:00064A68       OrderRect
 0002:00000BFC       OrientArray
 0002:00001188       OuterStyles
 0002:00000BC8       OuterStyles
 0002:00002798       OutOfMemory
 0001:00025DA0       OutOfResources
 0002:0000221C       Output
 0001:00020280       OwnedBy
 0002:0000032C       PackVarCreation
 0001:0006DC88       PaintColumnHeader
 0001:0006D8F8       PaintFixedArea
 0002:000007A0       Pal16
 0001:00024114       PaletteChanged
 0001:00026598       PaletteFromDIBColorTable
 0001:0002663C       PaletteToDIBColorTable
 0002:0000079C       PalSize
 0002:000011B8       PanningWindowClass
 0001:0004625C       ParentNotLast
 0002:00000864       Passwords
 0001:00005FA4       PatBlt
 0002:000028F0       PatternManager
 0001:00006484       PeekMessage
 0002:000028E4       PenManager
 0002:00000764       PenModes
 0002:00000744       PenStyles
 0001:00005FAC       PlayEnhMetaFile
 0001:00005950       Point
 0001:000170D4       Point
 0001:0001750C       PointerInModule
 0001:000412C4       PointsEqual
 0001:000066D8       PointToSmallPoint
 0001:00005FB4       Polygon
 0001:00005FBC       Polyline
 0002:00002B70       PopupList
 0001:0000648C       PostMessage
 0001:00006494       PostQuitMessage
 0001:0008E720       PrepareAnimation
 0001:0006DAC0       PrepareButtonStyles
 0002:00000EA4       PressedState
 0001:0002E004       Printers
 0001:0005A34C       ProcessExecute
 0001:00054898       ProcessHorz
 0001:0005A44C       ProcessUpdate
 0001:00054904       ProcessVert
 0001:0001C37C       PropertyNotFound
 0001:0001D5E0       PropPathError
 0002:00000D60       Props
 0001:0001C370       PropValueError
 0001:0000649C       PtInRect
 0001:00005958       PtInRect
 0002:000000A4       PtrToNil
 0001:00008C5C       PutExponent
 0002:00002B28       QualifyingSites
 0001:00000384       QueryPerformanceCounter
 0001:00064AA4       QuickSort
 0001:000642B4       QuickSort
 0001:0000B828       RaiseAssertException
 0001:00000264       RaiseException
 0001:0001B308       RaiseException
 0001:0005F4BC       RaiseException
 0002:00002014       RaiseExceptionProc
 0001:0000CAA4       RaiseLastOSError
 0001:0005F3A0       RaiseNameException
 0001:00001D10       Randomize
 0002:00000008       RandSeed
 0001:00046FD0       ReadControlName
 0001:0001E838       ReadCustomVariant
 0001:0001C358       ReadError
 0001:00005D5C       ReadFile
 0001:000268F0       ReadIcon
 0002:0000086C       ReadOnlys
 0001:00013434       RealCompare
 0001:00005FC4       RealizePalette
 0001:0001CB94       Recover
 0001:000170FC       Rect
 0001:00005934       Rect
 0001:00005FD4       Rectangle
 0001:00005FCC       RectVisible
 0001:000064A4       RedrawWindow
 0001:00071B4C       ReduceConstraints
 0002:0000281C       RefAnyProc
 0002:00002A4C       ReferenceCount
 0001:00000324       RegCloseKey
 0001:00005B9C       RegCloseKey
 0002:00002860       RegGroups
 0001:000064AC       RegisterClass
 0001:00017CB0       RegisterClass
 0001:000064B4       RegisterClipboardFormat
 0001:0003B4D4       RegisterDockSite
 0001:00015618       RegisterDragDrop
 0001:000180A0       RegisterFindGlobalComponentProc
 0001:00017EF8       RegisterIntegerConsts
 0001:00005090       RegisterModule
 0001:0002D35C       RegisterViewer
 0001:00064898       RegisterVTClipboardFormat
 0001:00064780       RegisterVTClipboardFormat
 0001:000064BC       RegisterWindowMessage
 0001:000979F4       Registry
 0001:0000032C       RegOpenKeyEx
 0001:00005BA4       RegOpenKeyEx
 0001:00005BAC       RegQueryValueEx
 0001:00000334       RegQueryValueEx
 0001:00033974       RegStr
 0001:000064C4       ReleaseCapture
 0001:000064CC       ReleaseDC
 0001:00015640       ReleaseStgMedium
 0001:00066B0C       ReleaseThreadReference
 0002:0000004C       reMap
 0002:0000261C       remBytes
 0001:0000059C       RemoveBlock
 0002:00000478       RemoveDataModule
 0001:0001C228       RemoveFixupReferences
 0001:0001C2D4       RemoveFixups
 0001:0001C5CC       RemoveGlobalFixup
 0001:000064D4       RemoveMenu
 0001:00004FAC       RemoveModuleUnloadProc
 0001:00004F84       RemoveModuleUnloadProc
 0001:000064DC       RemoveProp
 0001:00020FFC       RemoveThread
 0002:000011F0       ReplacementCharacter
 0001:00005D64       ResetEvent
 0001:00020FBC       ResetSyncEvent
 0001:000017E0       ResizeInPlace
 0001:000967CC       RestoreDC
 0001:00005FDC       RestoreDC
 0001:00054200       RestoreFocusState
 0001:00005D6C       ResumeThread
 0001:0001A144       ReturnAddr
 0001:0001868C       ReturnAddr
 0001:0004CCEC       ReturnAddr
 0001:0000B484       ReturnAddr
 0001:00015620       RevokeDragDrop
 0001:000066A8       RGB
 0001:0002631C       RGBQuadToTriple
 0001:000262D4       RGBTripleToQuad
 0001:0009777C       RichEdit
 0001:00037310       RightStr
 0002:00002AF8       RM_GetObjectInstance
 0002:00002B8C       RM_TaskbarCreated
 0001:00005FE4       RoundRect
 0002:00002618       rover
 0002:00001244       RTFConversionFormat
 0001:0001469C       RTLConsts
 0002:00000ED8       RTLFlag
 0001:0000026C       RtlUnwind
 0002:00002018       RTLUnwindProc
 0002:00000070       runErrMsg
 0001:00001BD8       RunErrorAt
 0001:0000DB00       SafeArrayCreate
 0001:0000DB08       SafeArrayGetLBound
 0001:0000DB10       SafeArrayGetUBound
 0001:0000DB18       SafeArrayPtrOfIndex
 0001:0005EF4C       SafeCallError
 0002:00002020       SafeCallErrorProc
 0001:0000D148       SafeLoadLibrary
 0001:00007A40       SameText
 0001:00096798       SaveDC
 0001:00005FEC       SaveDC
 0001:000541F0       SaveFocusState
 0002:00002BB0       SaveInitProc
 0001:0000A380       ScanBlanks
 0001:0000A4C4       ScanChar
 0001:0000A640       ScanDate
 0001:0000A3A4       ScanNumber
 0001:0000A438       ScanString
 0001:0000A984       ScanTime
 0001:0000A548       ScanToNumber
 0002:00002B84       Screen
 0002:0000289C       ScreenLogPixels
 0001:000064E4       ScreenToClient
 0002:00001048       ScrollBar
 0001:00054A50       ScrollBarVisible
 0001:000064EC       ScrollDC
 0002:000011E0       ScrollMasks
 0001:000064F4       ScrollWindow
 0001:000012DC       SearchSmallBlocks
 0001:00005FF4       SelectClipRgn
 0001:00093E64       SelectColor
 0001:00093D80       SelectFont
 0001:00005FFC       SelectObject
 0001:00006004       SelectPalette
 0001:0003A75C       SendAppMessage
 0001:00054480       SendFocusMessage
 0001:000064FC       SendMessage
 0002:00000CBC       Separators
 0001:00001D44       Set8087CW
 0001:00006504       SetActiveWindow
 0001:0005BE3C       SetAnimation
 0001:0000600C       SetBkColor
 0001:00006014       SetBkMode
 0001:0000601C       SetBrushOrgEx
 0001:00066424       SetBrushOrigin
 0001:000663C4       SetCanvasOrigin
 0001:0000650C       SetCapture
 0001:0003A9F0       SetCaptureControl
 0001:00006514       SetClassLong
 0001:00013F48       SetClearVarToEmptyParam
 0001:0000651C       SetClipboardData
 0001:0001CD04       SetCompName
 0001:00006524       SetCursor
 0001:00006024       SetDIBColorTable
 0001:00005D74       SetEndOfFile
 0001:0000602C       SetEnhMetaFileBits
 0001:00005D7C       SetErrorMode
 0001:00005D84       SetEvent
 0001:00002FFC       SetExceptionHandler
 0001:00005D8C       SetFilePointer
 0001:00014FD8       SetFloatProp
 0001:0000652C       SetFocus
 0001:00006534       SetForegroundWindow
 0001:00048D20       SetImeMode
 0001:00001C5C       SetInOutRes
 0001:00015318       SetInt64Prop
 0001:000153D8       SetInterfaceProp
 0001:0001D8C4       SetInterfaceReference
 0001:0001D7E0       SetIntIdent
 0002:00000D34       SetLayeredWindowAttributes
 0001:00014B8C       SetLongStrProp
 0001:00006034       SetMapMode
 0001:0000653C       SetMenu
 0001:00006544       SetMenuItemInfo
 0001:000152B8       SetMethodProp
 0001:0001D828       SetObjectIdent
 0001:000149E8       SetOrdProp
 0001:0000654C       SetParent
 0001:0000603C       SetPixel
 0001:00006554       SetProp
 0001:0000655C       SetRect
 0001:00006044       SetROP2
 0001:00006564       SetScrollInfo
 0001:0000656C       SetScrollPos
 0001:00006574       SetScrollRange
 0001:00014A88       SetShortStrProp
 0001:00014B04       SetShortStrPropAsLongStr
 0001:0000604C       SetStretchBltMode
 0001:00014CBC       SetStrProp
 0001:0001CB0C       SetSubComponentState
 0001:00006054       SetTextColor
 0002:00002A30       SetThemeAppProperties
 0001:00005D94       SetThreadLocale
 0001:0000657C       SetTimer
 0001:000808E4       SetupNavigation
 0001:00013F30       SetVarAsError
 0001:00015238       SetVariantProp
 0001:0001D868       SetVariantReference
 0001:0000605C       SetViewportOrgEx
 0001:0005DEF4       SetVisible
 0001:00014DD0       SetWideStrProp
 0001:00014C24       SetWideStrPropAsLongStr
 0001:00006584       SetWindowLong
 0001:0000606C       SetWindowOrgEx
 0001:0000658C       SetWindowPlacement
 0001:00006594       SetWindowPos
 0001:000065AC       SetWindowRgn
 0001:000065A4       SetWindowsHookEx
 0001:0000659C       SetWindowText
 0002:000029F4       SetWindowTheme
 0001:00006064       SetWinMetaFileBits
 0002:00000150       ShareMode
 0001:0003393C       ShellAPI
 0002:00002C98       ShellModule
 0001:00033A1C       ShlObj
 0001:0004CD14       ShortCut
 0002:00002B74       ShortCutItems
 0001:0004CDA0       ShortCutToText
 0002:00002690       ShortDateFormat
 0002:0000270C       ShortDayNames
 0001:00064B20       ShortenString
 0002:000026AC       ShortMonthNames
 0002:000026A4       ShortTimeFormat
 0002:00000DA0       ShowCommands
 0002:00000DAC       ShowCommands
 0002:00000D94       ShowCommands
 0001:000065B4       ShowCursor
 0001:00064940       ShowError
 0001:0000B3BC       ShowException
 0002:00000BB0       ShowFlags
 0002:00000E48       ShowFlags
 0001:00054208       ShowMDIClientEdge
 0001:00036F98       ShowMessage
 0001:00036FA4       ShowMessagePos
 0001:000065BC       ShowOwnedPopups
 0001:000065C4       ShowScrollBar
 0001:000065CC       ShowWindow
 0001:0005BE64       ShowWinNoAnimate
 0001:0004828C       ShowZone
 0001:00020FE4       SignalSyncEvent
 0002:00000C10       SizeCursors
 0001:00005D9C       SizeofResource
 0001:0001E36C       SkipBinary
 0001:0001E39C       SkipCollection
 0001:0001E344       SkipList
 0001:00005DA4       Sleep
 0001:0000CA9C       Sleep
[...]
 31486 0001:0008B450 31488 0001:0008B46A 31490 0001:0008B47A 31504 0001:0008B480
 31505 0001:0008B4B0 31507 0001:0008B4C3 31509 0001:0008B4CE 31510 0001:0008B4E2
 31512 0001:0008B507 31517 0001:0008B54B 31518 0001:0008B54F 31520 0001:0008B558
 31521 0001:0008B563 31522 0001:0008B571 31523 0001:0008B576 31525 0001:0008B57F
 31529 0001:0008B590 31530 0001:0008B593 31531 0001:0008B59E 31532 0001:0008B5BB
 31527 0001:0008B5CE 31534 0001:0008B5F6 31535 0001:0008B603 31536 0001:0008B610
 31538 0001:0008B631 31542 0001:0008B644 31545 0001:0008B66B 31547 0001:0008B6D5
 31558 0001:0008B6DC 31559 0001:0008B6E6 31561 0001:0008B6FB 31562 0001:0008B701
 31563 0001:0008B70D 31569 0001:0008B714 31570 0001:0008B723 31571 0001:0008B72C
 31574 0001:0008B738 31601 0001:0008B740 31602 0001:0008B76A 31606 0001:0008B78B
 31608 0001:0008B7A9 31612 0001:0008B7EA 31614 0001:0008B7F0 31615 0001:0008B7F6
 31616 0001:0008B802 31619 0001:0008B806 31621 0001:0008B811 31623 0001:0008B81F
 31625 0001:0008B82B 31627 0001:0008B82F 31632 0001:0008B831 31633 0001:0008B83A
 31635 0001:0008B84A 31636 0001:0008B85C 31638 0001:0008B86A 31641 0001:0008B876
 31642 0001:0008B884 31644 0001:0008B899 31645 0001:0008B8AD 31650 0001:0008B8B7
 31651 0001:0008B8D1 31653 0001:0008B8F6 31656 0001:0008B8FC 31658 0001:0008B90E
 31659 0001:0008B924 31664 0001:0008B937 31666 0001:0008B93C 31667 0001:0008B945
 31669 0001:0008B94F 31671 0001:0008B958 31673 0001:0008B96A 31674 0001:0008B980
 31675 0001:0008B98E 31667 0001:0008B994 31680 0001:0008B99F 31681 0001:0008B9A8
 31683 0001:0008B9B2 31685 0001:0008B9BB 31687 0001:0008B9CD 31688 0001:0008B9E3
 31689 0001:0008B9F1 31681 0001:0008B9F7 31700 0001:0008BA02 31701 0001:0008BA10
 31703 0001:0008BA25 31705 0001:0008BA39 31707 0001:0008BA43 31708 0001:0008BA52
 31710 0001:0008BA60 31711 0001:0008BA66 31714 0001:0008BA79 31715 0001:0008BA82
 31717 0001:0008BA88 31718 0001:0008BA99 31715 0001:0008BAA2 31722 0001:0008BAA8
 31723 0001:0008BAB3 31724 0001:0008BAC1 31727 0001:0008BACF 31728 0001:0008BADA
 31729 0001:0008BAF0 31730 0001:0008BB07 31725 0001:0008BB15 31733 0001:0008BB46
 31736 0001:0008BB66 31739 0001:0008BB76 31740 0001:0008BB81 31741 0001:0008BB8F
 31742 0001:0008BB95 31744 0001:0008BBA4 31746 0001:0008BBBE 31751 0001:0008BBD1
 31752 0001:0008BBD9 31754 0001:0008BBEB 31755 0001:0008BBF6 31756 0001:0008BC03
 31757 0001:0008BC0B 31758 0001:0008BC13 31760 0001:0008BC1B 31762 0001:0008BC50
 31818 0001:0008BCD8 31819 0001:0008BD0E 31821 0001:0008BD1E 31822 0001:0008BD33
 31823 0001:0008BD41 31825 0001:0008BD4F 31826 0001:0008BD5A 31828 0001:0008BD6D
 31831 0001:0008BD72 31833 0001:0008BD82 31835 0001:0008BD8B 31840 0001:0008BD9A
 31843 0001:0008BDA9 31845 0001:0008BDD9 31847 0001:0008BDE5 31849 0001:0008BDF0
 31852 0001:0008BDFB 31853 0001:0008BE1D 31857 0001:0008BE2D 31858 0001:0008BE36
 31862 0001:0008BE3B 31863 0001:0008BE46 31865 0001:0008BE54 31866 0001:0008BE67
 31873 0001:0008BE97 31876 0001:0008BEC8 31878 0001:0008BF01 31879 0001:0008BF0F
 31880 0001:0008BF1D 31881 0001:0008BF41 31884 0001:0008BF52 31886 0001:0008BF80
 31887 0001:0008BF85 31888 0001:0008BF94 31891 0001:0008BF99 31892 0001:0008BF9E
 31893 0001:0008BFB9 31894 0001:0008BFBD 31897 0001:0008BFC3 31898 0001:0008BFC9
 31902 0001:0008BFDB 31903 0001:0008BFE9 31905 0001:0008BFF9 31906 0001:0008C010
 31907 0001:0008C016 31911 0001:0008C024 31913 0001:0008C02B 31915 0001:0008C038
 31921 0001:0008C071 31922 0001:0008C088 31923 0001:0008C093 31924 0001:0008C0A2
 31927 0001:0008C0E6 31928 0001:0008C0F2 31929 0001:0008C103 31930 0001:0008C11E
 31933 0001:0008C121 31937 0001:0008C135 31938 0001:0008C164 31940 0001:0008C171
 31944 0001:0008C181 31946 0001:0008C191 31951 0001:0008C197 31954 0001:0008C1AD
 31955 0001:0008C1B7 31956 0001:0008C1C9 31962 0001:0008C1DD 31963 0001:0008C1F5
 31968 0001:0008C229 31971 0001:0008C240 31972 0001:0008C24D 31974 0001:0008C256
 31977 0001:0008C273 31980 0001:0008C299 31983 0001:0008C2A4 31987 0001:0008C2D7
 31988 0001:0008C2E7 31989 0001:0008C2ED 31992 0001:0008C2FB 31997 0001:0008C30C
 31999 0001:0008C312 32000 0001:0008C324 32001 0001:0008C32A 32002 0001:0008C333
 32003 0001:0008C349 32007 0001:0008C361 32008 0001:0008C36B 32009 0001:0008C377
 32012 0001:0008C386 32015 0001:0008C391 32017 0001:0008C3C5 32018 0001:0008C3CD
 32022 0001:0008C40A 32024 0001:0008C412 32027 0001:0008C423 32028 0001:0008C42C
 32032 0001:0008C437 32035 0001:0008C465 32038 0001:0008C479 32043 0001:0008C488
 32045 0001:0008C4AC 32047 0001:0008C4BE 32048 0001:0008C4C7 32050 0001:0008C4D8
 32052 0001:0008C4E7 32054 0001:0008C4EC 32055 0001:0008C509 32057 0001:0008C512
 32058 0001:0008C53E 32062 0001:0008C547 32063 0001:0008C551 32065 0001:0008C557
 32066 0001:0008C576 32067 0001:0008C57F 32070 0001:0008C5AD 32071 0001:0008C5B7
 32073 0001:0008C5BD 32074 0001:0008C5F0 32075 0001:0008C5F9 32078 0001:0008C624
 32081 0001:0008C62E 32082 0001:0008C632 32084 0001:0008C65F 32086 0001:0008C669
 32087 0001:0008C67B 32089 0001:0008C684 32090 0001:0008C698 32091 0001:0008C6AC
 32092 0001:0008C6C8 32094 0001:0008C6DB 32098 0001:0008C6EE 32100 0001:0008C70E
 32101 0001:0008C731 32103 0001:0008C749 32105 0001:0008C752 32110 0001:0008C7A4
 32115 0001:0008C7F5 32116 0001:0008C81B 32117 0001:0008C821 32120 0001:0008C827
 32124 0001:0008C831 32127 0001:0008C86A 32129 0001:0008C88E 32130 0001:0008C8B1
 32132 0001:0008C8D7 32133 0001:0008C8DD 32138 0001:0008C8E3 32141 0001:0008C8FB
 32143 0001:0008C903 32146 0001:0008C92D 32150 0001:0008C963 32153 0001:0008C999
 32155 0001:0008C9CD 32156 0001:0008C9D6 32159 0001:0008C9FB 32160 0001:0008CA04
 32161 0001:0008CA19 32162 0001:0008CA22 32166 0001:0008CA37 32168 0001:0008CA6B
 32170 0001:0008CA7C 32175 0001:0008CAA1 32176 0001:0008CAAB 32179 0001:0008CAAD
 32181 0001:0008CABF 32183 0001:0008CAD2 32188 0001:0008CAE7 32191 0001:0008CAFA
 32194 0001:0008CB0A 32195 0001:0008CB25 32196 0001:0008CB35 31994 0001:0008CB45
 32204 0001:0008CB63 32207 0001:0008CB81 32209 0001:0008CBAA 32215 0001:0008CBC8
 32217 0001:0008CBCE 32222 0001:0008CC07 32223 0001:0008CC0D 32228 0001:0008CC4E
 32229 0001:0008CC5B 32233 0001:0008CC63 32234 0001:0008CC69 32237 0001:0008CC82
 31918 0001:0008CC98 32242 0001:0008CCA5 32245 0001:0008CCB1 32246 0001:0008CCB7
 32247 0001:0008CCC3 32248 0001:0008CCDE 32250 0001:0008CCF8 32253 0001:0008CCFE
 32254 0001:0008CD08 32255 0001:0008CD12 32256 0001:0008CD20 32260 0001:0008CD2E
 32262 0001:0008CD4A 32264 0001:0008CD50 32265 0001:0008CD5F 32266 0001:0008CD6E
 32268 0001:0008CD99 32273 0001:0008CDC4 32274 0001:0008CDD4 32276 0001:0008CDDE
 32279 0001:0008CDEA 32281 0001:0008CDF0 32283 0001:0008CDFC 32285 0001:0008CE02
 32286 0001:0008CE17 32287 0001:0008CE30 32289 0001:0008CE3B 32291 0001:0008CE4A
 32295 0001:0008CE52 32296 0001:0008CE67 32300 0001:0008CE80 32302 0001:0008CE87
 32306 0001:0008CEAF 32307 0001:0008CEC1 32310 0001:0008CED4 32312 0001:0008CEE0
 32313 0001:0008CEE9 32314 0001:0008CEF2 32316 0001:0008CEF8 32321 0001:0008CF32
 32322 0001:0008CF58 32325 0001:0008CF5E 32326 0001:0008CF6E 32328 0001:0008CF8B
 32329 0001:0008CFA9 32331 0001:0008CFBA 32303 0001:0008CFC9 32335 0001:0008CFDE
 32337 0001:0008CFEC 32338 0001:0008CFF8 32340 0001:0008D004 32343 0001:0008D031
 32344 0001:0008D037 32345 0001:0008D055 32348 0001:0008D066 32353 0001:0008D077
 32354 0001:0008D086 32355 0001:0008D0A4 32359 0001:0008D0B2 32361 0001:0008D0C1
 32363 0001:0008D0C7 32366 0001:0008D0DA 32367 0001:0008D0FE 32368 0001:0008D111
 32371 0001:0008D12F 32372 0001:0008D135 32376 0001:0008D181 32377 0001:0008D18C
 32378 0001:0008D192 32380 0001:0008D1A6 32383 0001:0008D1B6 32386 0001:0008D1DE
 32387 0001:0008D1F2 32388 0001:0008D202 32389 0001:0008D214 32390 0001:0008D21E
 32391 0001:0008D233 32392 0001:0008D242 32396 0001:0008D252 32400 0001:0008D290
 32402 0001:0008D2AB 32405 0001:0008D2EB 32419 0001:0008D308 32420 0001:0008D324
 32421 0001:0008D326 32423 0001:0008D336 32424 0001:0008D348 32427 0001:0008D36F
 32428 0001:0008D37E 32430 0001:0008D3AE 32431 0001:0008D3B2 32432 0001:0008D3B6
 32434 0001:0008D3BF 32438 0001:0008D402 32455 0001:0008D41C 32456 0001:0008D431
 32459 0001:0008D443 32460 0001:0008D44F 32461 0001:0008D45A 32462 0001:0008D463
 32466 0001:0008D4A7 32469 0001:0008D4B1 32471 0001:0008D4B8 32472 0001:0008D4BD
 32475 0001:0008D4C4 32476 0001:0008D4C9 32478 0001:0008D4D0 32479 0001:0008D4D5
 32482 0001:0008D4DC 32485 0001:0008D4E1 32486 0001:0008D4F0 32488 0001:0008D4FE
 32489 0001:0008D508 32490 0001:0008D516 32493 0001:0008D524 32494 0001:0008D541
 32496 0001:0008D573 32497 0001:0008D57A 32498 0001:0008D583 32499 0001:0008D587
 32502 0001:0008D5A5 32503 0001:0008D5BB 32504 0001:0008D5C8 32506 0001:0008D5E1
 32507 0001:0008D5F5 32509 0001:0008D617 32512 0001:0008D627 32733 0001:0008D6B0
 32734 0001:0008D6C7 32741 0001:0008D6C8 32742 0001:0008D6DC 32743 0001:0008D6E6
 32744 0001:0008D701 32751 0001:0008D70C 32752 0001:0008D710 32753 0001:0008D71A
 32754 0001:0008D731 32761 0001:0008D738 32762 0001:0008D742 32763 0001:0008D74C
 32765 0001:0008D762 32766 0001:0008D76E

Line numbers for MVCTypes(MVCTypes.pas) segment .text

   286 0001:00095F88   296 0001:00096094   297 0001:000960A6   298 0001:000960AF
   299 0001:000960D5   302 0001:000960D8   303 0001:000960E4   304 0001:000960EB
   305 0001:000960ED   307 0001:00096102   309 0001:00096116   310 0001:0009612D
   313 0001:00096134   317 0001:00096137   318 0001:0009613D   319 0001:00096156
   323 0001:00096158   325 0001:0009615F   327 0001:00096166   328 0001:0009616D
   330 0001:0009617C   336 0001:00096184   337 0001:00096189   338 0001:0009618C
   339 0001:00096196   340 0001:0009619B   346 0001:0009619C   347 0001:000961A1
   348 0001:000961A6   349 0001:000961AA   351 0001:000961B1   352 0001:000961B6
   353 0001:000961BD   354 0001:000961C2   357 0001:000961C4   360 0001:000961E4
   361 0001:000961F1   362 0001:000961FC   363 0001:00096220   366 0001:00096224
   369 0001:00096244   370 0001:00096251   371 0001:0009625C   372 0001:00096280
   376 0001:00096284   377 0001:0009628A   380 0001:0009628C   381 0001:00096292
   382 0001:0009629C   385 0001:000962A0   386 0001:000962A6   387 0001:000962B4
   388 0001:000962B7   389 0001:000962C1   390 0001:000962C8   392 0001:000962CF
   393 0001:000962DE   395 0001:000962EA   399 0001:000962F0   401 0001:000962F7
   402 0001:00096302   403 0001:00096307   404 0001:00096311   405 0001:00096318
   406 0001:00096329   410 0001:00096330   411 0001:00096337   412 0001:00096342
   413 0001:0009634B   414 0001:00096352   419 0001:00096358   420 0001:0009636A
   421 0001:00096373   422 0001:00096399   425 0001:0009639C   428 0001:000963A7
   429 0001:000963B0   430 0001:000963B8   431 0001:000963BD   432 0001:000963D4
   435 0001:000963D8   440 0001:000963E2   442 0001:000963EB   443 0001:000963F1
   445 0001:000963FF   447 0001:00096410   449 0001:00096418   451 0001:00096431
   453 0001:0009643F   475 0001:00096444   480 0001:0009644F   481 0001:00096458
   482 0001:0009646F   485 0001:00096474   486 0001:0009647A   489 0001:00096484
   492 0001:0009648F   493 0001:00096497   496 0001:0009649B   497 0001:000964A2
   498 0001:000964B9   500 0001:000964E1   501 0001:000964EA   504 0001:000964F0
   507 0001:000964F6   508 0001:000964FA   509 0001:000964FF   510 0001:0009650A
   513 0001:00096510   516 0001:00096519   517 0001:00096524   521 0001:00096528
   522 0001:00096539   523 0001:00096546   525 0001:0009654B   526 0001:00096559
   528 0001:00096569   537 0001:00096574   538 0001:0009659B   539 0001:000965A7
   540 0001:000965AB   541 0001:000965B1   542 0001:000965B5   545 0001:000965B9
   546 0001:000965C9   547 0001:000965D5   548 0001:000965DE   550 0001:00096603
   558 0001:0009660C   559 0001:00096616   560 0001:00096623   561 0001:0009662F
   562 0001:0009663B   563 0001:00096651   564 0001:0009665F   565 0001:0009666D
   566 0001:0009667B   567 0001:00096689   569 0001:00096697   571 0001:000966A3
   576 0001:00096734   577 0001:00096753   578 0001:0009675D   579 0001:00096769
   582 0001:00096790   598 0001:00096798   599 0001:0009679B   600 0001:000967B1
   601 0001:000967C7   604 0001:000967CC   605 0001:000967CF   606 0001:000967E5
   607 0001:000967FB   609 0001:00096800   610 0001:00096821   613 0001:00096828
   616 0001:00096836   621 0001:00096843   624 0001:00096860   628 0001:00096873
   630 0001:0009688E   631 0001:000968B1   633 0001:000968D4   636 0001:000968E0
   639 0001:000968EF   640 0001:00096901   644 0001:00096915   645 0001:00096927
   648 0001:0009693A   651 0001:0009694C   654 0001:00096957   657 0001:00096960
   658 0001:00096972   662 0001:00096986   663 0001:00096995   665 0001:000969A8
   668 0001:000969B8   673 0001:000969E6   674 0001:000969EF   675 0001:00096A03
   676 0001:00096A12   677 0001:00096A1D   678 0001:00096A28   679 0001:00096A3F
   683 0001:00096A4E   685 0001:00096A6C   688 0001:00096A78   689 0001:00096A87
   691 0001:00096A96   692 0001:00096ABC   699 0001:00096AED   700 0001:00096AFD
   702 0001:00096B0F   703 0001:00096B18   704 0001:00096B21   705 0001:00096B2A
   706 0001:00096B33   707 0001:00096B3F   708 0001:00096B4B   709 0001:00096B50
   712 0001:00096B84   714 0001:00096BB0   720 0001:00096BBC   721 0001:00096BC2
   722 0001:00096BCB   724 0001:00096BCF   725 0001:00096BD4   727 0001:00096BDF
   728 0001:00096BE8   731 0001:00096BEC   732 0001:00096BF5   733 0001:00096C00
   734 0001:00096C10   741 0001:00096C14   742 0001:00096C21   743 0001:00096C30
   747 0001:00096C33   748 0001:00096C3F   749 0001:00096C4A   751 0001:00096C53
   754 0001:00096C5F   755 0001:00096C6A   757 0001:00096C6D   758 0001:00096C78
   759 0001:00096C80   760 0001:00096C86   762 0001:00096C8F   768 0001:00096C98
   769 0001:00096CA5   770 0001:00096CA7   774 0001:00096CB0   775 0001:00096CBA
   776 0001:00096CBE   777 0001:00096CC6   779 0001:00096CD0   781 0001:00096CD8
   787 0001:00096CE0   788 0001:00096CE6   790 0001:00096CEF   791 0001:00096CF8
   793 0001:00096D04   794 0001:00096D0D   798 0001:00096D10   799 0001:00096D11
   800 0001:00096D1D   802 0001:00096D24   803 0001:00096D30   813 0001:00096D34
   814 0001:00096D47   815 0001:00096D50   818 0001:00096D63   819 0001:00096D6C
   820 0001:00096D75   821 0001:00096D7E   823 0001:00096D9E   826 0001:00096DA4
   827 0001:00096DAF   828 0001:00096DB7   829 0001:00096DCE   832 0001:00096DD4
   833 0001:00096DDC   834 0001:00096DDE   835 0001:00096DE6   836 0001:00096DF3
   839 0001:00096DFC   840 0001:00096E03   842 0001:00096E05   843 0001:00096E0A
   844 0001:00096E14   849 0001:00096E1C   850 0001:00096E37   851 0001:00096E3B
   852 0001:00096E49   854 0001:00096E52   856 0001:00096E61   859 0001:00096E74
   860 0001:00096E7A   862 0001:00096E82   864 0001:00096EA3   867 0001:00096EB8
   869 0001:00096EEB   872 0001:00096EF4   873 0001:00096EFB   874 0001:00096F06
   880 0001:00096F0C   881 0001:00096F31   882 0001:00096F35   884 0001:00096F46
   885 0001:00096F49   887 0001:00096F4C   889 0001:00096F59   890 0001:00096F75
   891 0001:00096F80   895 0001:00096F96   901 0001:00096FA5   902 0001:00096FB8
   903 0001:00096FC6   904 0001:00096FE7   906 0001:00097015   909 0001:00097020
   911 0001:00097023   914 0001:00097028   915 0001:0009703D   916 0001:00097048
   917 0001:00097051   918 0001:0009705A   919 0001:00097077   923 0001:0009707C
   925 0001:00097082   927 0001:00097089   928 0001:00097092   930 0001:000970A0
   934 0001:000970A4   935 0001:000970AA   940 0001:000970D7   942 0001:000970EA
   946 0001:000970FE   948 0001:0009710E   950 0001:00097114   951 0001:0009711B
   954 0001:00097125   956 0001:0009712B   957 0001:00097132   960 0001:0009713C
   962 0001:00097145   965 0001:00097155   968 0001:0009715C   971 0001:00097160
   972 0001:00097163   975 0001:0009716A   976 0001:0009717F   984 0001:00097184
   985 0001:000971A4   986 0001:000971B3   988 0001:000971E3   989 0001:000971F0
   990 0001:000971FA   991 0001:0009720F   992 0001:00097220   993 0001:0009723C
   994 0001:00097250   995 0001:00097270   996 0001:000972A0   999 0001:000972A8
  1000 0001:000972AE  1001 0001:000972B7  1002 0001:000972C0  1005 0001:000972C4
  1007 0001:000972C7  1010 0001:000972CC  1011 0001:000972DE  1012 0001:000972E7
  1013 0001:00097313  1017 0001:00097318  1018 0001:0009731B  1019 0001:0009732C
  1025 0001:00097330  1026 0001:00097336  1027 0001:00097344  1034 0001:00097348
  1035 0001:0009734D  1039 0001:00097380  1039 0001:00097387

Line numbers for MVCPanel(MVCPanel.pas) segment .text

    49 0001:000974D0    50 0001:000974DB    58 0001:000974DC    59 0001:000974F3
    60 0001:000974FC    61 0001:00097505    63 0001:00097511    66 0001:00097527
    67 0001:00097530    68 0001:00097539    69 0001:00097545    70 0001:00097551
    71 0001:0009755A    74 0001:00097563    77 0001:00097579    78 0001:00097582
    80 0001:000975A4    83 0001:000975CC    84 0001:000975D1    86 0001:000975D8
    88 0001:000975E7    97 0001:000975F7    98 0001:00097607   100 0001:00097619
   102 0001:0009761F   103 0001:0009762B   104 0001:0009763B   105 0001:00097647
   106 0001:00097650   108 0001:0009765A   109 0001:00097666   111 0001:00097672
   113 0001:0009767C   114 0001:00097688   116 0001:00097694   118 0001:0009769E
   119 0001:000976AA   123 0001:000976B6   125 0001:00097744   125 0001:0009774B

Line numbers for MVCDemoMain(MVCDemoMain.pas) segment .text

    62 0001:00099300    63 0001:00099320    64 0001:0009932F    65 0001:00099334
    67 0001:00099342    68 0001:0009934F    69 0001:00099375    70 0001:0009938C
    71 0001:00099391    73 0001:0009939B    74 0001:000993A7    75 0001:000993CC
    76 0001:000993DF    77 0001:000993E1    79 0001:000993EA    80 0001:000993F6
    81 0001:0009941A    82 0001:0009942D    76 0001:0009942E    83 0001:00099433
    70 0001:00099436    84 0001:00099440    64 0001:00099443    85 0001:00099472
    88 0001:000994C0    89 0001:000994C5    92 0001:000994DB    93 0001:000994E4
    94 0001:000994ED    99 0001:000994FE   100 0001:0009950D   101 0001:00099516
   102 0001:00099532   103 0001:0009953C   105 0001:00099543   109 0001:00099548
   110 0001:0009954D   113 0001:00099550   114 0001:00099566   117 0001:00099571
   118 0001:0009957E   119 0001:0009958B   120 0001:00099598   121 0001:000995A5
   122 0001:000995B2   123 0001:000995BF   127 0001:000995CE   128 0001:000995E3
   129 0001:000995F0   130 0001:00099605   131 0001:00099612   132 0001:00099632
   133 0001:0009963F   135 0001:00099669   139 0001:00099670   140 0001:0009967C
   141 0001:00099686   142 0001:0009968C   143 0001:0009968E   147 0001:00099690
   148 0001:0009969F   151 0001:000996A0   152 0001:000996B6   153 0001:000996C1
   154 0001:000996FD   157 0001:00099704   158 0001:0009971A   159 0001:00099761
   162 0001:00099768   163 0001:00099782   164 0001:00099790   165 0001:0009979B
   166 0001:000997AF   167 0001:000997BF   169 0001:000997F2   171 0001:00099823
   175 0001:00099854   176 0001:00099857   177 0001:00099862   178 0001:0009986B
   181 0001:00099874   182 0001:00099879   184 0001:00099883   187 0001:00099894
   188 0001:00099897   189 0001:000998A3   192 0001:000998A8   193 0001:000998AB
   194 0001:000998C6   198 0001:000998C8   201 0001:000998C9   202 0001:000998D2
   204 0001:000998D6   205 0001:000998EC   206 0001:000998F7   207 0001:00099910
   202 0001:00099912   209 0001:00099916   211 0001:00099948   212 0001:00099951
   213 0001:00099956

Line numbers for MVCDemo(D:\Codes\Delphi\VirtualTreeviewV5.3.0\Demos\Objects\MVCDemo.dpr) segment .text

    19 0001:00099BB0    20 0001:00099BC0    21 0001:00099BCC    22 0001:00099BE4
    23 0001:00099BF0

Bound resource files

c:\program files (x86)\borland\delphi7\Lib\Controls.res
..\..\Source\VirtualTrees.res
c:\program files (x86)\borland\delphi7\Lib\Buttons.res
c:\program files (x86)\borland\delphi7\Lib\ExtDlgs.res
MVCDemoMain.DFM
MVCDemo.RES
MVCDemo.drf


Program entry point at 0001:00099BB0
